86.55.46.218 - - [22/Jan/2019:04:18:52 +0330] "GET /image/64714/productModel/100x100 HTTP/1.1" 200 2088 "https://www.zanbil.ir/filter/p62,b113" "Mozilla/5.0 (Windows NT 10.0; Win64; x64) AppleWebKit/537.36 (KHTML, like Gecko) Chrome/71.0.3578.98 Safari/537.36" "-",
86.55.46.218 - - [22/Jan/2019:04:18:52 +0330] "GET /image/64721/productModel/100x100 HTTP/1.1" 200 2018 "https://www.zanbil.ir/filter/p62,b113" "Mozilla/5.0 (Windows NT 10.0; Win64; x64) AppleWebKit/537.36 (KHTML, like Gecko) Chrome/71.0.3578.98 Safari/537.36" "-",
86.55.46.218 - - [22/Jan/2019:04:18:52 +0330] "GET /image/64746/productModel/100x100 HTTP/1.1" 200 1990 "https://www.zanbil.ir/filter/p62,b113" "Mozilla/5.0 (Windows NT 10.0; Win64; x64) AppleWebKit/537.36 (KHTML, like Gecko) Chrome/71.0.3578.98 Safari/537.36" "-",
86.55.46.218 - - [22/Jan/2019:04:18:52 +0330] "GET /image/64757/productModel/100x100 HTTP/1.1" 200 2402 "https://www.zanbil.ir/filter/p62,b113" "Mozilla/5.0 (Windows NT 10.0; Win64; x64) AppleWebKit/537.36 (KHTML, like Gecko) Chrome/71.0.3578.98 Safari/537.36" "-",
86.55.46.218 - - [22/Jan/2019:04:18:52 +0330] "GET /image/64784/productModel/100x100 HTTP/1.1" 200 2247 "https://www.zanbil.ir/filter/p62,b113" "Mozilla/5.0 (Windows NT 10.0; Win64; x64) AppleWebKit/537.36 (KHTML, like Gecko) Chrome/71.0.3578.98 Safari/537.36" "-",
86.55.46.218 - - [22/Jan/2019:04:18:52 +0330] "GET /image/65272/productModel/100x100 HTTP/1.1" 200 1911 "https://www.zanbil.ir/filter/p62,b113" "Mozilla/5.0 (Windows NT 10.0; Win64; x64) AppleWebKit/537.36 (KHTML, like Gecko) Chrome/71.0.3578.98 Safari/537.36" "-",
86.55.46.218 - - [22/Jan/2019:04:18:52 +0330] "GET /image/65269/productModel/100x100 HTTP/1.1" 200 2411 "https://www.zanbil.ir/filter/p62,b113" "Mozilla/5.0 (Windows NT 10.0; Win64; x64) AppleWebKit/537.36 (KHTML, like Gecko) Chrome/71.0.3578.98 Safari/537.36" "-",
86.55.46.218 - - [22/Jan/2019:04:18:52 +0330] "GET /image/15613/productModel/100x100 HTTP/1.1" 200 1919 "https://www.zanbil.ir/filter/p62,b113" "Mozilla/5.0 (Windows NT 10.0; Win64; x64) AppleWebKit/537.36 (KHTML, like Gecko) Chrome/71.0.3578.98 Safari/537.36" "-",
86.55.46.218 - - [22/Jan/2019:04:18:52 +0330] "GET /image/65274/productModel/100x100 HTTP/1.1" 200 2103 "https://www.zanbil.ir/filter/p62,b113" "Mozilla/5.0 (Windows NT 10.0; Win64; x64) AppleWebKit/537.36 (KHTML, like Gecko) Chrome/71.0.3578.98 Safari/537.36" "-",
86.55.46.218 - - [22/Jan/2019:04:18:52 +0330] "GET /image/15663/productModel/100x100 HTTP/1.1" 200 1335 "https://www.zanbil.ir/filter/p62,b113" "Mozilla/5.0 (Windows NT 10.0; Win64; x64) AppleWebKit/537.36 (KHTML, like Gecko) Chrome/71.0.3578.98 Safari/537.36" "-",
86.55.46.218 - - [22/Jan/2019:04:18:52 +0330] "GET /image/1141/article/100x100 HTTP/1.1" 200 12789 "https://www.zanbil.ir/filter/p62,b113" "Mozilla/5.0 (Windows NT 10.0; Win64; x64) AppleWebKit/537.36 (KHTML, like Gecko) Chrome/71.0.3578.98 Safari/537.36" "-",
86.55.46.218 - - [22/Jan/2019:04:18:52 +0330] "GET /image/1123/article/100x100 HTTP/1.1" 200 10179 "https://www.zanbil.ir/filter/p62,b113" "Mozilla/5.0 (Windows NT 10.0; Win64; x64) AppleWebKit/537.36 (KHTML, like Gecko) Chrome/71.0.3578.98 Safari/537.36" "-",
86.55.46.218 - - [22/Jan/2019:04:18:52 +0330] "GET /image/1180/article/100x100 HTTP/1.1" 200 19126 "https://www.zanbil.ir/filter/p62,b113" "Mozilla/5.0 (Windows NT 10.0; Win64; x64) AppleWebKit/537.36 (KHTML, like Gecko) Chrome/71.0.3578.98 Safari/537.36" "-",
86.55.46.218 - - [22/Jan/2019:04:18:52 +0330] "GET /image/584/article/100x100 HTTP/1.1" 200 10692 "https://www.zanbil.ir/filter/p62,b113" "Mozilla/5.0 (Windows NT 10.0; Win64; x64) AppleWebKit/537.36 (KHTML, like Gecko) Chrome/71.0.3578.98 Safari/537.36" "-",
86.55.46.218 - - [22/Jan/2019:04:18:52 +0330] "GET /static/images/not-checked.png HTTP/1.1" 200 713 "https://znbl.ir/static/bundle-bundle_site_head.css" "Mozilla/5.0 (Windows NT 10.0; Win64; x64) AppleWebKit/537.36 (KHTML, like Gecko) Chrome/71.0.3578.98 Safari/537.36" "-",
86.55.46.218 - - [22/Jan/2019:04:18:52 +0330] "GET /static/images/filter-arrow-down.png HTTP/1.1" 200 1205 "https://znbl.ir/static/bundle-bundle_site_head.css" "Mozilla/5.0 (Windows NT 10.0; Win64; x64) AppleWebKit/537.36 (KHTML, like Gecko) Chrome/71.0.3578.98 Safari/537.36" "-",
86.55.46.218 - - [22/Jan/2019:04:18:52 +0330] "GET /static/images/checked.png HTTP/1.1" 200 1083 "https://znbl.ir/static/bundle-bundle_site_head.css" "Mozilla/5.0 (Windows NT 10.0; Win64; x64) AppleWebKit/537.36 (KHTML, like Gecko) Chrome/71.0.3578.98 Safari/537.36" "-",
86.55.46.218 - - [22/Jan/2019:04:18:52 +0330] "GET /static/images/jslider.red.png HTTP/1.1" 200 1777 "https://znbl.ir/static/bundle-bundle_site_head.css" "Mozilla/5.0 (Windows NT 10.0; Win64; x64) AppleWebKit/537.36 (KHTML, like Gecko) Chrome/71.0.3578.98 Safari/537.36" "-",
66.249.66.194 - - [22/Jan/2019:04:18:53 +0330] "GET /m/product/31629/%D8%AA%D9%84%D9%88%DB%8C%D8%B2%DB%8C%D9%88%D9%86-%D8%A7%D9%84-%D8%A7%DB%8C-%D8%AF%DB%8C-%D8%B3%D8%A7%D9%85%D8%B3%D9%88%D9%86%DA%AF-%D9%85%D8%AF%D9%84-49M6960-Full-HD HTTP/1.1" 200 21010 "-" "Mozilla/5.0 (Linux; Android 6.0.1; Nexus 5X Build/MMB29P) AppleWebKit/537.36 (KHTML, like Gecko) Chrome/41.0.2272.96 Mobile Safari/537.36 (compatible; Googlebot/2.1; +http://www.google.com/bot.html)" "-",
51.15.15.54 - - [22/Jan/2019:04:18:53 +0330] "GET /blog/medicine-and-health/orthopedics/cervical-collar/ HTTP/1.1" 200 20660 "-" "Barkrowler/0.9 (+http://www.exensa.com/crawl)" "-",
66.249.66.194 - - [22/Jan/2019:04:18:54 +0330] "GET /m/filter/b105,b113,b118,b126,b135,b136,b151,b152,b168,b186,b192,b194,b213,b215,b216,b217,b218,b219,b221,b226,b249,b258,b3,b32,b35,b400,b41,b435,b442,b454,b482,b523,b542,b548,b574,b597,b598,b6,b645,b648,b656,b67,b679,b703,b723,b724,b74,b820,b854,b88,b880,b95,b99,stexists HTTP/1.1" 200 26713 "-" "Mozilla/5.0 (Linux; Android 6.0.1; Nexus 5X Build/MMB29P) AppleWebKit/537.36 (KHTML, like Gecko) Chrome/41.0.2272.96 Mobile Safari/537.36 (compatible; Googlebot/2.1; +http://www.google.com/bot.html)" "-",
207.46.13.136 - - [22/Jan/2019:04:18:54 +0330] "GET /filter/b1,b103,b105,b109,b111,b113,b135,b144,b176,b186,b20,b221,b238,b261,b291,b481,b52,b598,b615,b703,b77,b83 HTTP/1.1" 200 38230 "-" "Mozilla/5.0 (compatible; bingbot/2.0; +http://www.bing.com/bingbot.htm)" "-",
5.120.116.189 - - [22/Jan/2019:04:18:54 +0330] "GET /image/31972?name=apple-iphone-x-3.jpg&wh=200x200 HTTP/1.1" 200 8820 "-" "Dalvik/2.1.0 (Linux; U; Android 8.1.0; TA-1021 Build/OPR1.170623.026)" "-",
207.46.13.136 - - [22/Jan/2019:04:18:55 +0330] "GET /filter/b1,b103,b105,b109,b111,b113,b135,b144,b176,b186,b221,b261,b291,b481,b50,b52,b598,b615,b734,b77,b83,b879 HTTP/1.1" 200 38993 "-" "Mozilla/5.0 (compatible; bingbot/2.0; +http://www.bing.com/bingbot.htm)" "-",
66.249.66.194 - - [22/Jan/2019:04:18:55 +0330] "GET /m/filter/b113,b183,b188,b19,b192,b221,b249,b400,b41,b43,b442,b454,b482,b484,b543,b574,b598,b615,b648,b74,b795,b8,b80,b82,b820,b874,b880,b900,p11640,stexists HTTP/1.1" 200 19113 "-" "Mozilla/5.0 (Linux; Android 6.0.1; Nexus 5X Build/MMB29P) AppleWebKit/537.36 (KHTML, like Gecko) Chrome/41.0.2272.96 Mobile Safari/537.36 (compatible; Googlebot/2.1; +http://www.google.com/bot.html)" "-",
66.249.66.194 - - [22/Jan/2019:04:18:56 +0330] "GET /m/filter/b148,b219,b246,b261,p1392 HTTP/1.1" 200 18843 "-" "Mozilla/5.0 (Linux; Android 6.0.1; Nexus 5X Build/MMB29P) AppleWebKit/537.36 (KHTML, like Gecko) Chrome/41.0.2272.96 Mobile Safari/537.36 (compatible; Googlebot/2.1; +http://www.google.com/bot.html)" "-",
207.46.13.136 - - [22/Jan/2019:04:18:57 +0330] "GET /image/30769?name=342....jpg&wh=max HTTP/1.1" 200 74889 "-" "Mozilla/5.0 (compatible; bingbot/2.0; +http://www.bing.com/bingbot.htm)" "-",
83.121.138.131 - - [22/Jan/2019:04:18:57 +0330] "GET /image/27738?name=phone-panasonic-kx-tgd210-wireless4d9717.jpg&wh=200x200 HTTP/1.1" 200 5982 "-" "torob/5 CFNetwork/976 Darwin/18.2.0" "-",
66.249.66.91 - - [22/Jan/2019:04:18:57 +0330] "GET /filter/b656%2Cb703%2Cb32%2Cb67%2Cb226%2Cb41%2Cb598%2Cb168%2Cb723%2Cb597%2Cb88%2Cb548%2Cb6%2Cb679%2Cb215%2Cb105%2Cb194%2Cb74%2Cb542%2Cb35%2Cb113%2Cb820%2Cb574%2Cb442%2Cb880%2Cb645%2Cb724%2Cb118%2Cb482%2Cb400%2Cb95%2Cb135%2Cb249%2Cb435%2Cb221%2Cb523%2Cb854%2Cb126%2Cstexists%2Cb216%2Cb217%2Cb152%2Cb99%2Cb192%2Cb213%2Cb136%2Cb218%2Cb648%2Cb454%2Cb258%2Cb151%2Cb186%2Cb219%2Cb3?page=1 HTTP/1.1" 200 40115 "-" "Mozilla/5.0 (compatible; Googlebot/2.1; +http://www.google.com/bot.html)" "-",
66.249.66.91 - - [22/Jan/2019:04:18:57 +0330] "GET /filter/b656%2Cb703%2Cb32%2Cb67%2Cb226%2Cb41%2Cb598%2Cb168%2Cb723%2Cb597%2Cb88%2Cb548%2Cb6%2Cb679%2Cb215%2Cb105%2Cb194%2Cb74%2Cb542%2Cb35%2Cb113%2Cb820%2Cb574%2Cb442%2Cb880%2Cb645%2Cb724%2Cb118%2Cb482%2Cb400%2Cb95%2Cb135%2Cb249%2Cb435%2Cb221%2Cb523%2Cb854%2Cb126%2Cstexists%2Cb216%2Cb217%2Cb152%2Cb99%2Cb192%2Cb213%2Cb136%2Cb218%2Cb648%2Cb454%2Cb258%2Cb151%2Cb186%2Cb219%2Cb3?page=9 HTTP/1.1" 200 40348 "-" "Mozilla/5.0 (compatible; Googlebot/2.1; +http://www.google.com/bot.html)" "-",
66.249.66.194 - - [22/Jan/2019:04:18:58 +0330] "GET /m/product/25854/53141/%D8%B3%D8%A7%D8%B2%D8%AF%D9%87%D9%86%DB%8C-%DA%A9%D8%B1%D9%88%D9%85%D8%A7%D8%AA%DB%8C%DA%A9-HOHNER-%D9%85%D8%AF%D9%84-Super-Chromonica HTTP/1.1" 404 32536 "-" "Mozilla/5.0 (Linux; Android 6.0.1; Nexus 5X Build/MMB29P) AppleWebKit/537.36 (KHTML, like Gecko) Chrome/41.0.2272.96 Mobile Safari/537.36 (compatible; Googlebot/2.1; +http://www.google.com/bot.html)" "-",
66.249.66.91 - - [22/Jan/2019:04:18:58 +0330] "GET /filter/b656%2Cb703%2Cb32%2Cb67%2Cb226%2Cb41%2Cb598%2Cb168%2Cb723%2Cb597%2Cb88%2Cb548%2Cb6%2Cb679%2Cb215%2Cb105%2Cb194%2Cb74%2Cb542%2Cb35%2Cb113%2Cb820%2Cb574%2Cb442%2Cb880%2Cb645%2Cb724%2Cb118%2Cb482%2Cb400%2Cb135%2Cb249%2Cb435%2Cb221%2Cb523%2Cb854%2Cb126%2Cstexists%2Cb216%2Cb217%2Cb152%2Cb99%2Cb192%2Cb213%2Cb136%2Cb218%2Cb648%2Cb454%2Cb258%2Cb151%2Cb186%2Cb219?page=1 HTTP/1.1" 200 39992 "-" "Mozilla/5.0 (compatible; Googlebot/2.1; +http://www.google.com/bot.html)" "-",
66.249.66.194 - - [22/Jan/2019:04:18:58 +0330] "GET /m/filter/b105,b113,b118,b126,b135,b136,b151,b152,b168,b192,b194,b213,b215,b216,b217,b218,b22,b221,b226,b249,b258,b32,b35,b36,b400,b41,b435,b442,b454,b482,b523,b542,b548,b574,b597,b598,b6,b645,b648,b656,b67,b679,b703,b723,b724,b74,b820,b854,b88,b880,b95,b99,p38,stexists HTTP/1.1" 200 21952 "-" "Mozilla/5.0 (Linux; Android 6.0.1; Nexus 5X Build/MMB29P) AppleWebKit/537.36 (KHTML, like Gecko) Chrome/41.0.2272.96 Mobile Safari/537.36 (compatible; Googlebot/2.1; +http://www.google.com/bot.html)" "-",
54.36.148.59 - - [22/Jan/2019:04:18:58 +0330] "GET /filter/p5%2Crf40000000%2Crt80000000%2Cstexists%2Cv1%7C%D8%A7%D8%B3%D8%AA%DB%8C%D9%84.%2Cv1%7C%D8%B3%DB%8C%D9%84%D9%88%D8%B1%20%D8%A8%D8%A7%D9%85%D8%A8%D9%88?o=v1 HTTP/1.1" 302 0 "-" "Mozilla/5.0 (compatible; AhrefsBot/6.1; +http://ahrefs.com/robot/)" "-",
66.249.66.194 - - [22/Jan/2019:04:18:59 +0330] "GET /product/31015/%DA%AF%D9%88%D8%B4%DB%8C-%D9%85%D9%88%D8%A8%D8%A7%DB%8C%D9%84-%D9%87%D9%88%D8%A7%D9%88%DB%8C-%D9%85%D8%AF%D9%84-Huawei-p10-Dual-64GB-4G-%28VTR-L29%29 HTTP/1.1" 200 40478 "-" "Mozilla/5.0 (compatible; Googlebot/2.1; +http://www.google.com/bot.html)" "-",
5.202.219.137 - - [22/Jan/2019:04:18:59 +0330] "GET /m/product/32019/65144/%DA%AF%D9%88%D8%B4%DB%8C-%D9%85%D9%88%D8%A8%D8%A7%DB%8C%D9%84-%D9%87%D9%88%D8%A7%D9%88%DB%8C-%D9%85%D8%AF%D9%84-Mate-10-Dual-64GB-%28ALP-L29%29 HTTP/1.1" 200 21673 "https://www.zanbil.ir/m/filter/b113%2Cp62" "Mozilla/5.0 (Linux; Android 6.0.1; SM-T705) AppleWebKit/537.36 (KHTML, like Gecko) Chrome/71.0.3578.99 Safari/537.36" "-",
54.36.149.73 - - [22/Jan/2019:04:18:59 +0330] "GET /filter/p30069,v1|%D8%B3%D9%81%DB%8C%D8%AF.,v1|%D8%B7%D9%88%D8%B3%DB%8C HTTP/1.1" 200 27857 "-" "Mozilla/5.0 (compatible; AhrefsBot/6.1; +http://ahrefs.com/robot/)" "-",
5.202.219.137 - - [22/Jan/2019:04:19:00 +0330] "GET /settings/logo HTTP/1.1" 200 4120 "https://www.zanbil.ir/m/product/32019/65144/%DA%AF%D9%88%D8%B4%DB%8C-%D9%85%D9%88%D8%A8%D8%A7%DB%8C%D9%84-%D9%87%D9%88%D8%A7%D9%88%DB%8C-%D9%85%D8%AF%D9%84-Mate-10-Dual-64GB-%28ALP-L29%29" "Mozilla/5.0 (Linux; Android 6.0.1; SM-T705) AppleWebKit/537.36 (KHTML, like Gecko) Chrome/71.0.3578.99 Safari/537.36" "-",
66.249.66.194 - - [22/Jan/2019:04:19:00 +0330] "GET /product/25639/52821/%D8%A7%D8%AF%D9%88%D8%A7%D8%AA-%D9%BE%D8%B1%DA%A9%D8%A7%D8%B4%D9%86-%DA%86%D8%A7%DB%8C%D9%85%D8%B2-Meinl-%D9%85%D8%AF%D9%84-CH66HF-Chimes-Percussion-Accessories HTTP/1.1" 302 0 "-" "Mozilla/5.0 (Linux; Android 6.0.1; Nexus 5X Build/MMB29P) AppleWebKit/537.36 (KHTML, like Gecko) Chrome/41.0.2272.96 Mobile Safari/537.36 (compatible; Googlebot/2.1; +http://www.google.com/bot.html)" "-",
5.202.219.137 - - [22/Jan/2019:04:19:00 +0330] "GET /image/32019?name=10.jpg&wh=max HTTP/1.1" 200 69480 "https://www.zanbil.ir/m/product/32019/65144/%DA%AF%D9%88%D8%B4%DB%8C-%D9%85%D9%88%D8%A8%D8%A7%DB%8C%D9%84-%D9%87%D9%88%D8%A7%D9%88%DB%8C-%D9%85%D8%AF%D9%84-Mate-10-Dual-64GB-%28ALP-L29%29" "Mozilla/5.0 (Linux; Android 6.0.1; SM-T705) AppleWebKit/537.36 (KHTML, like Gecko) Chrome/71.0.3578.99 Safari/537.36" "-",
207.46.13.136 - - [22/Jan/2019:04:19:01 +0330] "GET /filter/b98%2Cb36%2Cb484 HTTP/1.1" 200 37605 "-" "Mozilla/5.0 (compatible; bingbot/2.0; +http://www.bing.com/bingbot.htm)" "-",
5.202.219.137 - - [22/Jan/2019:04:19:01 +0330] "GET /image/32019?name=mate10-11.jpg&wh=max HTTP/1.1" 200 64714 "https://www.zanbil.ir/m/product/32019/65144/%DA%AF%D9%88%D8%B4%DB%8C-%D9%85%D9%88%D8%A8%D8%A7%DB%8C%D9%84-%D9%87%D9%88%D8%A7%D9%88%DB%8C-%D9%85%D8%AF%D9%84-Mate-10-Dual-64GB-%28ALP-L29%29" "Mozilla/5.0 (Linux; Android 6.0.1; SM-T705) AppleWebKit/537.36 (KHTML, like Gecko) Chrome/71.0.3578.99 Safari/537.36" "-",
79.137.62.29 - - [22/Jan/2019:04:19:01 +0330] "GET /m/filter/b258%2Cb261%2Cb67%2Cp7%2Ct103 HTTP/1.1" 200 18142 "https://www-zanbil-ir.cdn.ampproject.org/v/s/www.zanbil.ir/m/filter/b258,b261,b67,p7?amp_js_v=a2&amp_gsa=1&usqp=mq331AQCCAE%3D" "Mozilla/5.0 (Linux; Android 5.1.1; SM-E500H) AppleWebKit/537.36 (KHTML, like Gecko) Chrome/71.0.3578.99 Mobile Safari/537.36" "-",
37.98.49.55 - - [22/Jan/2019:04:19:02 +0330] "GET /m/browse/perfume/%D8%B9%D8%B7%D8%B1-%D9%88-%D8%A7%D8%AF%DA%A9%D9%84%D9%86 HTTP/1.1" 200 20358 "https://www.zanbil.ir/m/search/Tom-ford" "Mozilla/5.0 (iPhone; CPU iPhone OS 12_1_2 like Mac OS X) AppleWebKit/605.1.15 (KHTML, like Gecko) Version/12.0 Mobile/15E148 Safari/604.1" "-",
5.234.213.72 - - [22/Jan/2019:04:19:02 +0330] "GET /image/34200?name=4000d-1.jpg&wh=200x200 HTTP/1.1" 200 8126 "-" "Dalvik/2.1.0 (Linux; U; Android 6.0.1; SM-J500F Build/MMB29M)" "-",
37.98.49.55 - - [22/Jan/2019:04:19:02 +0330] "GET /settings/logo HTTP/1.1" 200 4120 "https://www.zanbil.ir/m/browse/perfume/%D8%B9%D8%B7%D8%B1-%D9%88-%D8%A7%D8%AF%DA%A9%D9%84%D9%86" "Mozilla/5.0 (iPhone; CPU iPhone OS 12_1_2 like Mac OS X) AppleWebKit/605.1.15 (KHTML, like Gecko) Version/12.0 Mobile/15E148 Safari/604.1" "-",
37.98.49.55 - - [22/Jan/2019:04:19:02 +0330] "GET /image/60197/productModel/200x200 HTTP/1.1" 200 5066 "https://www.zanbil.ir/m/browse/perfume/%D8%B9%D8%B7%D8%B1-%D9%88-%D8%A7%D8%AF%DA%A9%D9%84%D9%86" "Mozilla/5.0 (iPhone; CPU iPhone OS 12_1_2 like Mac OS X) AppleWebKit/605.1.15 (KHTML, like Gecko) Version/12.0 Mobile/15E148 Safari/604.1" "-",
37.98.49.55 - - [22/Jan/2019:04:19:03 +0330] "GET /image/60292/productModel/200x200 HTTP/1.1" 200 7287 "https://www.zanbil.ir/m/browse/perfume/%D8%B9%D8%B7%D8%B1-%D9%88-%D8%A7%D8%AF%DA%A9%D9%84%D9%86" "Mozilla/5.0 (iPhone; CPU iPhone OS 12_1_2 like Mac OS X) AppleWebKit/605.1.15 (KHTML, like Gecko) Version/12.0 Mobile/15E148 Safari/604.1" "-",
37.98.49.55 - - [22/Jan/2019:04:19:03 +0330] "GET /image/60290/productModel/200x200 HTTP/1.1" 200 4010 "https://www.zanbil.ir/m/browse/perfume/%D8%B9%D8%B7%D8%B1-%D9%88-%D8%A7%D8%AF%DA%A9%D9%84%D9%86" "Mozilla/5.0 (iPhone; CPU iPhone OS 12_1_2 like Mac OS X) AppleWebKit/605.1.15 (KHTML, like Gecko) Version/12.0 Mobile/15E148 Safari/604.1" "-",
37.98.49.55 - - [22/Jan/2019:04:19:03 +0330] "GET /image/59851/productModel/200x200 HTTP/1.1" 200 4276 "https://www.zanbil.ir/m/browse/perfume/%D8%B9%D8%B7%D8%B1-%D9%88-%D8%A7%D8%AF%DA%A9%D9%84%D9%86" "Mozilla/5.0 (iPhone; CPU iPhone OS 12_1_2 like Mac OS X) AppleWebKit/605.1.15 (KHTML, like Gecko) Version/12.0 Mobile/15E148 Safari/604.1" "-",
66.249.66.91 - - [22/Jan/2019:04:19:03 +0330] "GET /filter/b703%2Cb36%2Cb41%2Cb598%2Cb168%2Cb103%2Cb614%2Cb88%2Cb19%2Cb194%2Cb321%2Cb5%2Cb261%2Cb442%2Cb484%2Cb723%2Cb573%2Cb192%2Cb724%2Cb1%2Cb435%2Cb183%2Cb542%2Cb135%2Cb878%2Cb63%2Cb497%2Cb619%2Cb219%2Cb126%2Cb74%2Cb151%2Cb441%2Cb568%2Cb880%2Cb647%2Cb185%2Cb224%2Cb213%2Cb50%2Cb3%2Cb231%2Cb99%2Cb238%2Cb82%2Cb215%2Cb95%2Cb218%2Cb118%2Cb543%2Cb603%2Cb42?page=216 HTTP/1.1" 200 39511 "-" "Mozilla/5.0 (compatible; Googlebot/2.1; +http://www.google.com/bot.html)" "-",
66.249.66.194 - - [22/Jan/2019:04:19:03 +0330] "GET /m/filter/b20,b238,b3,b543,b570,b601,b741,b890,b904,p51,stexists HTTP/1.1" 200 19437 "-" "Mozilla/5.0 (Linux; Android 6.0.1; Nexus 5X Build/MMB29P) AppleWebKit/537.36 (KHTML, like Gecko) Chrome/41.0.2272.96 Mobile Safari/537.36 (compatible; Googlebot/2.1; +http://www.google.com/bot.html)" "-",
37.98.49.55 - - [22/Jan/2019:04:19:03 +0330] "GET /image/263/brand HTTP/1.1" 200 1967 "https://www.zanbil.ir/m/browse/perfume/%D8%B9%D8%B7%D8%B1-%D9%88-%D8%A7%D8%AF%DA%A9%D9%84%D9%86" "Mozilla/5.0 (iPhone; CPU iPhone OS 12_1_2 like Mac OS X) AppleWebKit/605.1.15 (KHTML, like Gecko) Version/12.0 Mobile/15E148 Safari/604.1" "-",
37.98.49.55 - - [22/Jan/2019:04:19:03 +0330] "GET /image/445/brand HTTP/1.1" 200 2323 "https://www.zanbil.ir/m/browse/perfume/%D8%B9%D8%B7%D8%B1-%D9%88-%D8%A7%D8%AF%DA%A9%D9%84%D9%86" "Mozilla/5.0 (iPhone; CPU iPhone OS 12_1_2 like Mac OS X) AppleWebKit/605.1.15 (KHTML, like Gecko) Version/12.0 Mobile/15E148 Safari/604.1" "-",
37.98.49.55 - - [22/Jan/2019:04:19:03 +0330] "GET /image/321/brand HTTP/1.1" 200 1990 "https://www.zanbil.ir/m/browse/perfume/%D8%B9%D8%B7%D8%B1-%D9%88-%D8%A7%D8%AF%DA%A9%D9%84%D9%86" "Mozilla/5.0 (iPhone; CPU iPhone OS 12_1_2 like Mac OS X) AppleWebKit/605.1.15 (KHTML, like Gecko) Version/12.0 Mobile/15E148 Safari/604.1" "-",
37.98.49.55 - - [22/Jan/2019:04:19:03 +0330] "GET /image/986/mainSlideMobile HTTP/1.1" 200 78041 "https://www.zanbil.ir/m/browse/perfume/%D8%B9%D8%B7%D8%B1-%D9%88-%D8%A7%D8%AF%DA%A9%D9%84%D9%86" "Mozilla/5.0 (iPhone; CPU iPhone OS 12_1_2 like Mac OS X) AppleWebKit/605.1.15 (KHTML, like Gecko) Version/12.0 Mobile/15E148 Safari/604.1" "-",
37.98.49.55 - - [22/Jan/2019:04:19:03 +0330] "GET /image/165/productTypeType HTTP/1.1" 200 11122 "https://www.zanbil.ir/m/browse/perfume/%D8%B9%D8%B7%D8%B1-%D9%88-%D8%A7%D8%AF%DA%A9%D9%84%D9%86" "Mozilla/5.0 (iPhone; CPU iPhone OS 12_1_2 like Mac OS X) AppleWebKit/605.1.15 (KHTML, like Gecko) Version/12.0 Mobile/15E148 Safari/604.1" "-",
37.98.49.55 - - [22/Jan/2019:04:19:03 +0330] "GET /image/164/productTypeType HTTP/1.1" 200 10957 "https://www.zanbil.ir/m/browse/perfume/%D8%B9%D8%B7%D8%B1-%D9%88-%D8%A7%D8%AF%DA%A9%D9%84%D9%86" "Mozilla/5.0 (iPhone; CPU iPhone OS 12_1_2 like Mac OS X) AppleWebKit/605.1.15 (KHTML, like Gecko) Version/12.0 Mobile/15E148 Safari/604.1" "-",
66.249.66.194 - - [22/Jan/2019:04:19:03 +0330] "GET /filter/p6001%2Cv1%7C%D8%B3%D9%81%DB%8C%D8%AF%20%DA%AF%D9%84%D8%AF%D8%A7%D8%B1%2Cv1%7C%D8%A2%D8%A8%DB%8C%2Cv1%7C%D8%B3%D9%81%DB%8C%D8%AF%20%D8%B3%D8%B1%D8%AE%D8%A7%D8%A8%DB%8C%2Cv1%7C%D8%B3%D9%81%DB%8C%D8%AF%20%D8%B7%D8%B1%D8%AD%20%D8%AF%D8%A7%D8%B1%2Cv1%7C%D8%B7%D9%88%D8%B3%DB%8C%20%D9%86%D8%A7%D8%B1%D9%86%D8%AC%DB%8C%20%2Cv1%7C%20%D9%86%D9%82%D8%B1%D9%87%20%D8%A7%DB%8C?sort=sortField&dir=sortDirection&o=v1 HTTP/1.1" 302 0 "-" "Mozilla/5.0 (compatible; Googlebot/2.1; +http://www.google.com/bot.html)" "-",
37.98.49.55 - - [22/Jan/2019:04:19:03 +0330] "GET /image/12323/productModel/200x200 HTTP/1.1" 200 4538 "https://www.zanbil.ir/m/browse/perfume/%D8%B9%D8%B7%D8%B1-%D9%88-%D8%A7%D8%AF%DA%A9%D9%84%D9%86" "Mozilla/5.0 (iPhone; CPU iPhone OS 12_1_2 like Mac OS X) AppleWebKit/605.1.15 (KHTML, like Gecko) Version/12.0 Mobile/15E148 Safari/604.1" "-",
37.98.49.55 - - [22/Jan/2019:04:19:03 +0330] "GET /image/60325/productModel/200x200 HTTP/1.1" 200 3570 "https://www.zanbil.ir/m/browse/perfume/%D8%B9%D8%B7%D8%B1-%D9%88-%D8%A7%D8%AF%DA%A9%D9%84%D9%86" "Mozilla/5.0 (iPhone; CPU iPhone OS 12_1_2 like Mac OS X) AppleWebKit/605.1.15 (KHTML, like Gecko) Version/12.0 Mobile/15E148 Safari/604.1" "-",
79.137.62.29 - - [22/Jan/2019:04:19:03 +0330] "GET /settings/logo HTTP/1.1" 200 4120 "https://www.zanbil.ir/m/filter/b258%2Cb261%2Cb67%2Cp7%2Ct103" "Mozilla/5.0 (Linux; Android 5.1.1; SM-E500H) AppleWebKit/537.36 (KHTML, like Gecko) Chrome/71.0.3578.99 Mobile Safari/537.36" "-",
66.249.66.91 - - [22/Jan/2019:04:19:04 +0330] "GET /filter/b36%2Cb41%2Cb598%2Cb168%2Cb103%2Cb614%2Cb88%2Cb19%2Cb194%2Cb35%2Cb321%2Cb5%2Cb261%2Cb442%2Cb484%2Cb723%2Cb573%2Cb192%2Cb724%2Cb435%2Cb183%2Cb542%2Cb135%2Cb63%2Cb497%2Cb619%2Cb613%2Cb126%2Cb74%2Cb441%2Cb568%2Cb880%2Cb647%2Cb185%2Cb584%2Cb224%2Cb213%2Cb3%2Cb570%2Cb198%2Cb238%2Cb485%2Cb574%2Cb186%2Cb548%2Cstexists%2Cb215%2Cb904%2Cb615%2Cb603%2Cb203%2Cb43%2Cb152%2Cb95%2Cb147%2Cb143%2Cb656%2Cb2%2Cb308%2Cb80%2Cb22%2Cb883%2Cb523%2Cb903?page=87 HTTP/1.1" 200 40914 "-" "Mozilla/5.0 (compatible; Googlebot/2.1; +http://www.google.com/bot.html)" "-",
37.98.49.55 - - [22/Jan/2019:04:19:04 +0330] "GET /image/207/brand HTTP/1.1" 200 2067 "https://www.zanbil.ir/m/browse/perfume/%D8%B9%D8%B7%D8%B1-%D9%88-%D8%A7%D8%AF%DA%A9%D9%84%D9%86" "Mozilla/5.0 (iPhone; CPU iPhone OS 12_1_2 like Mac OS X) AppleWebKit/605.1.15 (KHTML, like Gecko) Version/12.0 Mobile/15E148 Safari/604.1" "-",
37.98.49.55 - - [22/Jan/2019:04:19:04 +0330] "GET /image/185/productTypeType HTTP/1.1" 200 11107 "https://www.zanbil.ir/m/browse/perfume/%D8%B9%D8%B7%D8%B1-%D9%88-%D8%A7%D8%AF%DA%A9%D9%84%D9%86" "Mozilla/5.0 (iPhone; CPU iPhone OS 12_1_2 like Mac OS X) AppleWebKit/605.1.15 (KHTML, like Gecko) Version/12.0 Mobile/15E148 Safari/604.1" "-",
37.98.49.55 - - [22/Jan/2019:04:19:04 +0330] "GET /image/268/brand HTTP/1.1" 200 2237 "https://www.zanbil.ir/m/browse/perfume/%D8%B9%D8%B7%D8%B1-%D9%88-%D8%A7%D8%AF%DA%A9%D9%84%D9%86" "Mozilla/5.0 (iPhone; CPU iPhone OS 12_1_2 like Mac OS X) AppleWebKit/605.1.15 (KHTML, like Gecko) Version/12.0 Mobile/15E148 Safari/604.1" "-",
66.249.66.194 - - [22/Jan/2019:04:19:04 +0330] "GET /m/product/25639/52821/%D8%A7%D8%AF%D9%88%D8%A7%D8%AA-%D9%BE%D8%B1%DA%A9%D8%A7%D8%B4%D9%86-%DA%86%D8%A7%DB%8C%D9%85%D8%B2-Meinl-%D9%85%D8%AF%D9%84-CH66HF-Chimes-Percussion-Accessories HTTP/1.1" 404 33661 "-" "Mozilla/5.0 (Linux; Android 6.0.1; Nexus 5X Build/MMB29P) AppleWebKit/537.36 (KHTML, like Gecko) Chrome/41.0.2272.96 Mobile Safari/537.36 (compatible; Googlebot/2.1; +http://www.google.com/bot.html)" "-",
37.98.49.55 - - [22/Jan/2019:04:19:04 +0330] "GET /image/226/brand HTTP/1.1" 200 2071 "https://www.zanbil.ir/m/browse/perfume/%D8%B9%D8%B7%D8%B1-%D9%88-%D8%A7%D8%AF%DA%A9%D9%84%D9%86" "Mozilla/5.0 (iPhone; CPU iPhone OS 12_1_2 like Mac OS X) AppleWebKit/605.1.15 (KHTML, like Gecko) Version/12.0 Mobile/15E148 Safari/604.1" "-",
79.137.62.29 - - [22/Jan/2019:04:19:04 +0330] "GET /static/images/guarantees/goodShopping.png HTTP/1.1" 200 6496 "https://www.zanbil.ir/m/filter/b258%2Cb261%2Cb67%2Cp7%2Ct103" "Mozilla/5.0 (Linux; Android 5.1.1; SM-E500H) AppleWebKit/537.36 (KHTML, like Gecko) Chrome/71.0.3578.99 Mobile Safari/537.36" "-",
91.251.220.58 - - [22/Jan/2019:04:19:04 +0330] "GET / HTTP/1.1" 302 0 "http://www.ptcnovin.com/viewads/46C1BU526C5OV367664D55453EB1414365B0B776U9745H5330HHE757713EVE47B159335355D57Z96524C93DZ46557O6B3O497" "Mozilla/5.0 (Android 7.0; Mobile; rv:64.0) Gecko/64.0 Firefox/64.0" "-",
79.137.62.29 - - [22/Jan/2019:04:19:04 +0330] "GET /static/images/guarantees/warranty.png HTTP/1.1" 200 5807 "https://www.zanbil.ir/m/filter/b258%2Cb261%2Cb67%2Cp7%2Ct103" "Mozilla/5.0 (Linux; Android 5.1.1; SM-E500H) AppleWebKit/537.36 (KHTML, like Gecko) Chrome/71.0.3578.99 Mobile Safari/537.36" "-",
79.137.62.29 - - [22/Jan/2019:04:19:04 +0330] "GET /static/images/guarantees/bestPrice.png HTTP/1.1" 200 7356 "https://www.zanbil.ir/m/filter/b258%2Cb261%2Cb67%2Cp7%2Ct103" "Mozilla/5.0 (Linux; Android 5.1.1; SM-E500H) AppleWebKit/537.36 (KHTML, like Gecko) Chrome/71.0.3578.99 Mobile Safari/537.36" "-",
79.137.62.29 - - [22/Jan/2019:04:19:04 +0330] "GET /static/images/guarantees/support.png HTTP/1.1" 200 6454 "https://www.zanbil.ir/m/filter/b258%2Cb261%2Cb67%2Cp7%2Ct103" "Mozilla/5.0 (Linux; Android 5.1.1; SM-E500H) AppleWebKit/537.36 (KHTML, like Gecko) Chrome/71.0.3578.99 Mobile Safari/537.36" "-",
79.137.62.29 - - [22/Jan/2019:04:19:04 +0330] "GET /amp-helper-frame.html?appId=a624a1c1-0c93-466a-a546-e146710f97e6&parentOrigin=https://www.zanbil.ir HTTP/1.1" 200 133 "https://www.zanbil.ir/m/filter/b258%2Cb261%2Cb67%2Cp7%2Ct103" "Mozilla/5.0 (Linux; Android 5.1.1; SM-E500H) AppleWebKit/537.36 (KHTML, like Gecko) Chrome/71.0.3578.99 Mobile Safari/537.36" "-",
79.137.62.29 - - [22/Jan/2019:04:19:04 +0330] "GET /static/images/guarantees/fastDelivery.png HTTP/1.1" 200 7713 "https://www.zanbil.ir/m/filter/b258%2Cb261%2Cb67%2Cp7%2Ct103" "Mozilla/5.0 (Linux; Android 5.1.1; SM-E500H) AppleWebKit/537.36 (KHTML, like Gecko) Chrome/71.0.3578.99 Mobile Safari/537.36" "-",
66.249.93.35 - - [22/Jan/2019:04:19:04 +0330] "GET /m/filter/b42,p6,v574%7CBLDC HTTP/1.1" 200 18161 "-" "Mozilla/5.0 (Linux; Android 6.0.1; Nexus 5X Build/MMB29P) AppleWebKit/537.36 (KHTML, like Gecko) Chrome/41.0.2272.96 Mobile Safari/537.36 (compatible; Google-AMPHTML)" "-",
79.137.62.29 - - [22/Jan/2019:04:19:04 +0330] "GET /static/css/font/wyekan/font.woff HTTP/1.1" 200 28536 "https://www.zanbil.ir/m/filter/b258%2Cb261%2Cb67%2Cp7%2Ct103" "Mozilla/5.0 (Linux; Android 5.1.1; SM-E500H) AppleWebKit/537.36 (KHTML, like Gecko) Chrome/71.0.3578.99 Mobile Safari/537.36" "-",
79.137.62.29 - - [22/Jan/2019:04:19:04 +0330] "GET /image/99/brand HTTP/1.1" 200 2136 "https://www.zanbil.ir/m/filter/b258%2Cb261%2Cb67%2Cp7%2Ct103" "Mozilla/5.0 (Linux; Android 5.1.1; SM-E500H) AppleWebKit/537.36 (KHTML, like Gecko) Chrome/71.0.3578.99 Mobile Safari/537.36" "-",
79.137.62.29 - - [22/Jan/2019:04:19:04 +0330] "GET /image/62494/productModel/200x200 HTTP/1.1" 200 3614 "https://www.zanbil.ir/m/filter/b258%2Cb261%2Cb67%2Cp7%2Ct103" "Mozilla/5.0 (Linux; Android 5.1.1; SM-E500H) AppleWebKit/537.36 (KHTML, like Gecko) Chrome/71.0.3578.99 Mobile Safari/537.36" "-",
79.137.62.29 - - [22/Jan/2019:04:19:04 +0330] "GET /image/43/brand HTTP/1.1" 200 2376 "https://www.zanbil.ir/m/filter/b258%2Cb261%2Cb67%2Cp7%2Ct103" "Mozilla/5.0 (Linux; Android 5.1.1; SM-E500H) AppleWebKit/537.36 (KHTML, like Gecko) Chrome/71.0.3578.99 Mobile Safari/537.36" "-",
79.137.62.29 - - [22/Jan/2019:04:19:05 +0330] "GET /image/74/brand HTTP/1.1" 200 2536 "https://www.zanbil.ir/m/filter/b258%2Cb261%2Cb67%2Cp7%2Ct103" "Mozilla/5.0 (Linux; Android 5.1.1; SM-E500H) AppleWebKit/537.36 (KHTML, like Gecko) Chrome/71.0.3578.99 Mobile Safari/537.36" "-",
91.251.220.58 - - [22/Jan/2019:04:19:05 +0330] "GET /m HTTP/1.1" 200 17145 "http://www.ptcnovin.com/viewads/46C1BU526C5OV367664D55453EB1414365B0B776U9745H5330HHE757713EVE47B159335355D57Z96524C93DZ46557O6B3O497" "Mozilla/5.0 (Android 7.0; Mobile; rv:64.0) Gecko/64.0 Firefox/64.0" "-",
79.137.62.29 - - [22/Jan/2019:04:19:05 +0330] "GET /image/103/productTypeType HTTP/1.1" 200 11329 "https://www.zanbil.ir/m/filter/b258%2Cb261%2Cb67%2Cp7%2Ct103" "Mozilla/5.0 (Linux; Android 5.1.1; SM-E500H) AppleWebKit/537.36 (KHTML, like Gecko) Chrome/71.0.3578.99 Mobile Safari/537.36" "-",
79.137.62.29 - - [22/Jan/2019:04:19:05 +0330] "GET /image/985/mainSlideMobile HTTP/1.1" 200 59837 "https://www.zanbil.ir/m/filter/b258%2Cb261%2Cb67%2Cp7%2Ct103" "Mozilla/5.0 (Linux; Android 5.1.1; SM-E500H) AppleWebKit/537.36 (KHTML, like Gecko) Chrome/71.0.3578.99 Mobile Safari/537.36" "-",
66.249.66.194 - - [22/Jan/2019:04:19:05 +0330] "GET /product/34063/%D9%85%D8%A7%D8%B4%DB%8C%D9%86-%D8%B8%D8%B1%D9%81%D8%B4%D9%88%DB%8C%DB%8C-%D8%A7%DB%8C%D8%B3%D8%AA%D8%A7%D8%AF%D9%87-%DA%A9%D9%86%D8%AF%DB%8C-%D9%85%D8%AF%D9%84-CANDY-Front-Control-Dishwasher-CDP-1L39WK HTTP/1.1" 200 41867 "-" "Mozilla/5.0 (compatible; Googlebot/2.1; +http://www.google.com/bot.html)" "-",
66.249.66.91 - - [22/Jan/2019:04:19:05 +0330] "GET /filter/b656%2Cb703%2Cb32%2Cb67%2Cb226%2Cb41%2Cb598%2Cb168%2Cb723%2Cb597%2Cb88%2Cb548%2Cb6%2Cb679%2Cb215%2Cb105%2Cb194%2Cb74%2Cb542%2Cb35%2Cb113%2Cb820%2Cb574%2Cb442%2Cb880%2Cb645%2Cb724%2Cb118%2Cb482%2Cb400%2Cb95%2Cb135%2Cb249%2Cb435%2Cb221%2Cb523%2Cb854%2Cb126%2Cstexists%2Cb216%2Cb217%2Cb152%2Cb99%2Cb192%2Cb213%2Cb136%2Cb218%2Cb648%2Cb454%2Cb258%2Cb151%2Cb186%2Cb219%2Cb3?page=5 HTTP/1.1" 200 41549 "-" "Mozilla/5.0 (compatible; Googlebot/2.1; +http://www.google.com/bot.html)" "-",
79.137.62.29 - - [22/Jan/2019:04:19:06 +0330] "GET /image/180/brand HTTP/1.1" 200 2566 "https://www.zanbil.ir/m/filter/b258%2Cb261%2Cb67%2Cp7%2Ct103" "Mozilla/5.0 (Linux; Android 5.1.1; SM-E500H) AppleWebKit/537.36 (KHTML, like Gecko) Chrome/71.0.3578.99 Mobile Safari/537.36" "-",
79.137.62.29 - - [22/Jan/2019:04:19:06 +0330] "GET /image/136/brand HTTP/1.1" 200 2193 "https://www.zanbil.ir/m/filter/b258%2Cb261%2Cb67%2Cp7%2Ct103" "Mozilla/5.0 (Linux; Android 5.1.1; SM-E500H) AppleWebKit/537.36 (KHTML, like Gecko) Chrome/71.0.3578.99 Mobile Safari/537.36" "-",
79.137.62.29 - - [22/Jan/2019:04:19:06 +0330] "GET /image/105/brand HTTP/1.1" 200 2653 "https://www.zanbil.ir/m/filter/b258%2Cb261%2Cb67%2Cp7%2Ct103" "Mozilla/5.0 (Linux; Android 5.1.1; SM-E500H) AppleWebKit/537.36 (KHTML, like Gecko) Chrome/71.0.3578.99 Mobile Safari/537.36" "-",
79.137.62.29 - - [22/Jan/2019:04:19:06 +0330] "GET /favicon.ico HTTP/1.1" 200 0 "https://www.zanbil.ir/m/filter/b258%2Cb261%2Cb67%2Cp7%2Ct103" "Mozilla/5.0 (Linux; Android 5.1.1; SM-E500H) AppleWebKit/537.36 (KHTML, like Gecko) Chrome/71.0.3578.99 Mobile Safari/537.36" "-",
66.249.66.194 - - [22/Jan/2019:04:19:06 +0330] "GET /filter/p6001%2Cv1%7C%D8%B3%D9%81%DB%8C%D8%AF%20%DA%AF%D9%84%D8%AF%D8%A7%D8%B1%2Cv1%7C%D8%A2%D8%A8%DB%8C%2Cv1%7C%D8%B3%D9%81%DB%8C%D8%AF%20%D8%B3%D8%B1%D8%AE%D8%A7%D8%A8%DB%8C%2Cv1%7C%D8%B3%D9%81%DB%8C%D8%AF%20%D8%B7%D8%B1%D8%AD%20%D8%AF%D8%A7%D8%B1%2Cv1%7C%D8%B7%D9%88%D8%B3%DB%8C%20%D9%86%D8%A7%D8%B1%D9%86%D8%AC%DB%8C%20%2Cv1%7C%20%D9%86%D9%82%D8%B1%D9%87%20%D8%A7%DB%8C?sort=sortField&dir=sortDirection HTTP/1.1" 200 34682 "-" "Mozilla/5.0 (compatible; Googlebot/2.1; +http://www.google.com/bot.html)" "-",
91.251.220.58 - - [22/Jan/2019:04:19:07 +0330] "GET /settings/logo HTTP/1.1" 200 4120 "https://www.zanbil.ir/m" "Mozilla/5.0 (Android 7.0; Mobile; rv:64.0) Gecko/64.0 Firefox/64.0" "-",
91.251.220.58 - - [22/Jan/2019:04:19:07 +0330] "GET /favicon.ico HTTP/1.1" 200 0 "-" "Mozilla/5.0 (Android 7.0; Mobile; rv:64.0.2) Gecko/64.0.2 Firefox/64.0.2" "-",
66.249.66.194 - - [22/Jan/2019:04:19:07 +0330] "GET /filter/b42,p6,v574%7CBLDC HTTP/1.1" 302 0 "-" "Mozilla/5.0 (Linux; Android 6.0.1; Nexus 5X Build/MMB29P) AppleWebKit/537.36 (KHTML, like Gecko) Chrome/41.0.2272.96 Mobile Safari/537.36 (compatible; Googlebot/2.1; +http://www.google.com/bot.html)" "-",
66.249.66.91 - - [22/Jan/2019:04:19:07 +0330] "GET /filter/b481%2Cb226%2Cb570%2Cb80%2Cb270%2Cb903%2Cb883%2Cb99%2Cb152%2Cb249%2Cb20%2Cb701%2Cb723%2Cb42%2Cb198%2Cb35%2Cb183%2Cb219%2Cb308%2Cb126%2Cb900%2Cb188%2Cb890%2Cb236%2Cb256%2Cb74%2Cb400%2Cb209%2Cb454%2Cb651%2Cb202%2Cb4%2Cb22%2Cb238%2Cb6%2Cb596%2Cb143%2Cb877%2Cb485%2Cb221%2Cb194%2Cb136%2Cb647%2Cb497%2Cb546%2Cb105%2Cb185%2Cb95%2Cb568%2Cb43%2Cb597%2Cb820%2Cb613%2Cb880%2Cb861%2Cb135%2Cb186%2Cb778%2Cb482%2Cb118%2Cb484%2Cb879%2Cb67%2Cp5506%2Cb214?page=31 HTTP/1.1" 200 38967 "-" "Mozilla/5.0 (compatible; Googlebot/2.1; +http://www.google.com/bot.html)" "-",
66.249.66.194 - - [22/Jan/2019:04:19:07 +0330] "GET /blog/home-appliances/appliances/iron/%D9%87%D9%86%D8%B1-%D8%AE%D9%88%D8%A8-%D8%A7%D8%AA%D9%88-%DA%A9%D8%B4%DB%8C%D8%AF%D9%86/ HTTP/1.1" 200 25064 "-" "Mozilla/5.0 (Linux; Android 6.0.1; Nexus 5X Build/MMB29P) AppleWebKit/537.36 (KHTML, like Gecko) Chrome/41.0.2272.96 Mobile Safari/537.36 (compatible; Googlebot/2.1; +http://www.google.com/bot.html)" "-",
86.55.46.218 - - [22/Jan/2019:04:19:08 +0330] "GET /product/32019/65144/%DA%AF%D9%88%D8%B4%DB%8C-%D9%85%D9%88%D8%A8%D8%A7%DB%8C%D9%84-%D9%87%D9%88%D8%A7%D9%88%DB%8C-%D9%85%D8%AF%D9%84-Mate-10-Dual-64GB-%28ALP-L29%29 HTTP/1.1" 200 43248 "https://www.zanbil.ir/filter/p62,b113" "Mozilla/5.0 (Windows NT 10.0; Win64; x64) AppleWebKit/537.36 (KHTML, like Gecko) Chrome/71.0.3578.98 Safari/537.36" "-",
5.202.219.137 - - [22/Jan/2019:04:19:08 +0330] "GET /image/64784/productModel/150x150 HTTP/1.1" 200 3642 "https://www.zanbil.ir/m/product/32019/65144/%DA%AF%D9%88%D8%B4%DB%8C-%D9%85%D9%88%D8%A8%D8%A7%DB%8C%D9%84-%D9%87%D9%88%D8%A7%D9%88%DB%8C-%D9%85%D8%AF%D9%84-Mate-10-Dual-64GB-%28ALP-L29%29" "Mozilla/5.0 (Linux; Android 6.0.1; SM-T705) AppleWebKit/537.36 (KHTML, like Gecko) Chrome/71.0.3578.99 Safari/537.36" "-",
66.249.66.194 - - [22/Jan/2019:04:19:08 +0330] "GET /m/filter/b42%2Cp6%2Cv574%7CBLDC HTTP/1.1" 200 18138 "-" "Mozilla/5.0 (Linux; Android 6.0.1; Nexus 5X Build/MMB29P) AppleWebKit/537.36 (KHTML, like Gecko) Chrome/41.0.2272.96 Mobile Safari/537.36 (compatible; Googlebot/2.1; +http://www.google.com/bot.html)" "-",
86.55.46.218 - - [22/Jan/2019:04:19:08 +0330] "GET /image/32019?name=mate10-333.jpg&wh=300x300 HTTP/1.1" 200 8896 "https://www.zanbil.ir/product/32019/65144/%DA%AF%D9%88%D8%B4%DB%8C-%D9%85%D9%88%D8%A8%D8%A7%DB%8C%D9%84-%D9%87%D9%88%D8%A7%D9%88%DB%8C-%D9%85%D8%AF%D9%84-Mate-10-Dual-64GB-%28ALP-L29%29" "Mozilla/5.0 (Windows NT 10.0; Win64; x64) AppleWebKit/537.36 (KHTML, like Gecko) Chrome/71.0.3578.98 Safari/537.36" "-",
86.55.46.218 - - [22/Jan/2019:04:19:08 +0330] "GET /image/32019/product/50x50 HTTP/1.1" 200 1137 "https://www.zanbil.ir/product/32019/65144/%DA%AF%D9%88%D8%B4%DB%8C-%D9%85%D9%88%D8%A8%D8%A7%DB%8C%D9%84-%D9%87%D9%88%D8%A7%D9%88%DB%8C-%D9%85%D8%AF%D9%84-Mate-10-Dual-64GB-%28ALP-L29%29" "Mozilla/5.0 (Windows NT 10.0; Win64; x64) AppleWebKit/537.36 (KHTML, like Gecko) Chrome/71.0.3578.98 Safari/537.36" "-",
66.249.66.91 - - [22/Jan/2019:04:19:08 +0330] "GET /filter/b481%2Cb874%2Cb226%2Cb570%2Cb598%2Cstexists%2Cb880%2Cb270%2Cb903%2Cb883%2Cb99%2Cb261%2Cb249%2Cb701%2Cb42%2Cb879%2Cb198%2Cb548%2Cb183%2Cb88%2Cb308%2Cb103%2Cb126%2Cb523%2Cb900%2Cb192%2Cb188%2Cb703%2Cb890%2Cb148%2Cb236%2Cb256%2Cb454%2Cb651%2Cb41%2Cb202%2Cb647%2Cb4%2Cb613%2Cb6%2Cb221%2Cb36%2Cb614%2Cb3%2Cb216%2Cb218%2Cb43%2Cb136%2Cb573%2Cb185%2Cb32%2Cb441%2Cb484%2Cb143%2Cb63%2Cb20?page=77 HTTP/1.1" 200 41439 "-" "Mozilla/5.0 (compatible; Googlebot/2.1; +http://www.google.com/bot.html)" "-",
51.75.93.31 - - [22/Jan/2019:04:19:08 +0330] "GET /image/33888?name=model-b2048u-1-.jpg&wh=200x200 HTTP/1.1" 200 3975 "-" "Dalvik/2.1.0 (Linux; U; Android 6.0.1; SM-G900FD Build/MMB29M)" "-",
86.55.46.218 - - [22/Jan/2019:04:19:08 +0330] "GET /image/32019?name=mate10-333.jpg&wh=max HTTP/1.1" 200 66990 "https://www.zanbil.ir/product/32019/65144/%DA%AF%D9%88%D8%B4%DB%8C-%D9%85%D9%88%D8%A8%D8%A7%DB%8C%D9%84-%D9%87%D9%88%D8%A7%D9%88%DB%8C-%D9%85%D8%AF%D9%84-Mate-10-Dual-64GB-%28ALP-L29%29" "Mozilla/5.0 (Windows NT 10.0; Win64; x64) AppleWebKit/537.36 (KHTML, like Gecko) Chrome/71.0.3578.98 Safari/537.36" "-",
66.249.66.91 - - [22/Jan/2019:04:19:09 +0330] "GET /filter/b656%2Cb703%2Cb32%2Cb67%2Cb226%2Cb41%2Cb598%2Cb168%2Cb723%2Cb597%2Cb88%2Cb548%2Cb6%2Cb679%2Cb215%2Cb105%2Cb194%2Cb74%2Cb542%2Cb35%2Cb113%2Cb820%2Cb574%2Cb442%2Cb880%2Cb645%2Cb724%2Cb118%2Cb482%2Cb400%2Cb95%2Cb135%2Cb249%2Cb435%2Cb221%2Cb523%2Cb854%2Cb126%2Cstexists%2Cb216%2Cb217%2Cb152%2Cb99%2Cb192%2Cb213%2Cb136%2Cb218%2Cb648%2Cb454%2Cb258%2Cb151?page=4 HTTP/1.1" 200 40160 "-" "Mozilla/5.0 (compatible; Googlebot/2.1; +http://www.google.com/bot.html)" "-",
79.137.62.29 - - [22/Jan/2019:04:19:09 +0330] "GET /static/images/amp/instagram.png HTTP/1.1" 200 7146 "https://www.zanbil.ir/m/filter/b258%2Cb261%2Cb67%2Cp7%2Ct103" "Mozilla/5.0 (Linux; Android 5.1.1; SM-E500H) AppleWebKit/537.36 (KHTML, like Gecko) Chrome/71.0.3578.99 Mobile Safari/537.36" "-",
66.249.66.194 - - [22/Jan/2019:04:19:09 +0330] "GET /m/browse/cordless-vacuum/%D8%AC%D8%A7%D8%B1%D9%88-%D8%B4%D8%A7%D8%B1%DA%98%DB%8C HTTP/1.1" 200 19579 "-" "Mozilla/5.0 (Linux; Android 6.0.1; Nexus 5X Build/MMB29P) AppleWebKit/537.36 (KHTML, like Gecko) Chrome/41.0.2272.96 Mobile Safari/537.36 (compatible; Googlebot/2.1; +http://www.google.com/bot.html)" "-",
91.251.220.58 - - [22/Jan/2019:04:19:09 +0330] "GET /settings/logo HTTP/1.1" 200 4120 "https://www.zanbil.ir/m" "Mozilla/5.0 (Android 7.0; Mobile; rv:64.0) Gecko/64.0 Firefox/64.0" "-",
86.55.46.218 - - [22/Jan/2019:04:19:09 +0330] "GET /settings/logo HTTP/1.1" 200 4120 "https://www.zanbil.ir/product/32019/65144/%DA%AF%D9%88%D8%B4%DB%8C-%D9%85%D9%88%D8%A8%D8%A7%DB%8C%D9%84-%D9%87%D9%88%D8%A7%D9%88%DB%8C-%D9%85%D8%AF%D9%84-Mate-10-Dual-64GB-%28ALP-L29%29" "Mozilla/5.0 (Windows NT 10.0; Win64; x64) AppleWebKit/537.36 (KHTML, like Gecko) Chrome/71.0.3578.98 Safari/537.36" "-",
37.98.49.55 - - [22/Jan/2019:04:19:09 +0330] "GET /image/60038/productModel/200x200 HTTP/1.1" 200 5127 "https://www.zanbil.ir/m/browse/perfume/%D8%B9%D8%B7%D8%B1-%D9%88-%D8%A7%D8%AF%DA%A9%D9%84%D9%86" "Mozilla/5.0 (iPhone; CPU iPhone OS 12_1_2 like Mac OS X) AppleWebKit/605.1.15 (KHTML, like Gecko) Version/12.0 Mobile/15E148 Safari/604.1" "-",
86.55.46.218 - - [22/Jan/2019:04:19:09 +0330] "GET /image/32019?name=mate10-333.jpg&wh=50x50 HTTP/1.1" 200 1238 "https://www.zanbil.ir/product/32019/65144/%DA%AF%D9%88%D8%B4%DB%8C-%D9%85%D9%88%D8%A8%D8%A7%DB%8C%D9%84-%D9%87%D9%88%D8%A7%D9%88%DB%8C-%D9%85%D8%AF%D9%84-Mate-10-Dual-64GB-%28ALP-L29%29" "Mozilla/5.0 (Windows NT 10.0; Win64; x64) AppleWebKit/537.36 (KHTML, like Gecko) Chrome/71.0.3578.98 Safari/537.36" "-",
86.55.46.218 - - [22/Jan/2019:04:19:09 +0330] "GET /image/32019?name=mate10-22.jpg&wh=50x50 HTTP/1.1" 200 1111 "https://www.zanbil.ir/product/32019/65144/%DA%AF%D9%88%D8%B4%DB%8C-%D9%85%D9%88%D8%A8%D8%A7%DB%8C%D9%84-%D9%87%D9%88%D8%A7%D9%88%DB%8C-%D9%85%D8%AF%D9%84-Mate-10-Dual-64GB-%28ALP-L29%29" "Mozilla/5.0 (Windows NT 10.0; Win64; x64) AppleWebKit/537.36 (KHTML, like Gecko) Chrome/71.0.3578.98 Safari/537.36" "-",
86.55.46.218 - - [22/Jan/2019:04:19:09 +0330] "GET /image/32019?name=mate10-11.jpg&wh=50x50 HTTP/1.1" 200 1399 "https://www.zanbil.ir/product/32019/65144/%DA%AF%D9%88%D8%B4%DB%8C-%D9%85%D9%88%D8%A8%D8%A7%DB%8C%D9%84-%D9%87%D9%88%D8%A7%D9%88%DB%8C-%D9%85%D8%AF%D9%84-Mate-10-Dual-64GB-%28ALP-L29%29" "Mozilla/5.0 (Windows NT 10.0; Win64; x64) AppleWebKit/537.36 (KHTML, like Gecko) Chrome/71.0.3578.98 Safari/537.36" "-",
79.137.62.29 - - [22/Jan/2019:04:19:09 +0330] "GET /static/images/amp/telegram.png HTTP/1.1" 200 4859 "https://www.zanbil.ir/m/filter/b258%2Cb261%2Cb67%2Cp7%2Ct103" "Mozilla/5.0 (Linux; Android 5.1.1; SM-E500H) AppleWebKit/537.36 (KHTML, like Gecko) Chrome/71.0.3578.99 Mobile Safari/537.36" "-",
37.98.49.55 - - [22/Jan/2019:04:19:09 +0330] "GET /image/60109/productModel/200x200 HTTP/1.1" 200 3853 "https://www.zanbil.ir/m/browse/perfume/%D8%B9%D8%B7%D8%B1-%D9%88-%D8%A7%D8%AF%DA%A9%D9%84%D9%86" "Mozilla/5.0 (iPhone; CPU iPhone OS 12_1_2 like Mac OS X) AppleWebKit/605.1.15 (KHTML, like Gecko) Version/12.0 Mobile/15E148 Safari/604.1" "-",
37.98.49.55 - - [22/Jan/2019:04:19:09 +0330] "GET /image/60329/productModel/200x200 HTTP/1.1" 200 5813 "https://www.zanbil.ir/m/browse/perfume/%D8%B9%D8%B7%D8%B1-%D9%88-%D8%A7%D8%AF%DA%A9%D9%84%D9%86" "Mozilla/5.0 (iPhone; CPU iPhone OS 12_1_2 like Mac OS X) AppleWebKit/605.1.15 (KHTML, like Gecko) Version/12.0 Mobile/15E148 Safari/604.1" "-",
37.98.49.55 - - [22/Jan/2019:04:19:09 +0330] "GET /image/59801/productModel/200x200 HTTP/1.1" 200 5619 "https://www.zanbil.ir/m/browse/perfume/%D8%B9%D8%B7%D8%B1-%D9%88-%D8%A7%D8%AF%DA%A9%D9%84%D9%86" "Mozilla/5.0 (iPhone; CPU iPhone OS 12_1_2 like Mac OS X) AppleWebKit/605.1.15 (KHTML, like Gecko) Version/12.0 Mobile/15E148 Safari/604.1" "-",
86.55.46.218 - - [22/Jan/2019:04:19:09 +0330] "GET /image/32019?name=mate10-11.jpg&wh=300x300 HTTP/1.1" 200 11027 "https://www.zanbil.ir/product/32019/65144/%DA%AF%D9%88%D8%B4%DB%8C-%D9%85%D9%88%D8%A8%D8%A7%DB%8C%D9%84-%D9%87%D9%88%D8%A7%D9%88%DB%8C-%D9%85%D8%AF%D9%84-Mate-10-Dual-64GB-%28ALP-L29%29" "Mozilla/5.0 (Windows NT 10.0; Win64; x64) AppleWebKit/537.36 (KHTML, like Gecko) Chrome/71.0.3578.98 Safari/537.36" "-",
86.55.46.218 - - [22/Jan/2019:04:19:09 +0330] "GET /image/32019?name=mate10-22.jpg&wh=300x300 HTTP/1.1" 200 6652 "https://www.zanbil.ir/product/32019/65144/%DA%AF%D9%88%D8%B4%DB%8C-%D9%85%D9%88%D8%A8%D8%A7%DB%8C%D9%84-%D9%87%D9%88%D8%A7%D9%88%DB%8C-%D9%85%D8%AF%D9%84-Mate-10-Dual-64GB-%28ALP-L29%29" "Mozilla/5.0 (Windows NT 10.0; Win64; x64) AppleWebKit/537.36 (KHTML, like Gecko) Chrome/71.0.3578.98 Safari/537.36" "-",
86.55.46.218 - - [22/Jan/2019:04:19:10 +0330] "GET /image/32019?name=mate10-11.jpg&wh=max HTTP/1.1" 200 64722 "https://www.zanbil.ir/product/32019/65144/%DA%AF%D9%88%D8%B4%DB%8C-%D9%85%D9%88%D8%A8%D8%A7%DB%8C%D9%84-%D9%87%D9%88%D8%A7%D9%88%DB%8C-%D9%85%D8%AF%D9%84-Mate-10-Dual-64GB-%28ALP-L29%29" "Mozilla/5.0 (Windows NT 10.0; Win64; x64) AppleWebKit/537.36 (KHTML, like Gecko) Chrome/71.0.3578.98 Safari/537.36" "-",
86.55.46.218 - - [22/Jan/2019:04:19:10 +0330] "GET /image/32019?name=mate10-22.jpg&wh=max HTTP/1.1" 200 43225 "https://www.zanbil.ir/product/32019/65144/%DA%AF%D9%88%D8%B4%DB%8C-%D9%85%D9%88%D8%A8%D8%A7%DB%8C%D9%84-%D9%87%D9%88%D8%A7%D9%88%DB%8C-%D9%85%D8%AF%D9%84-Mate-10-Dual-64GB-%28ALP-L29%29" "Mozilla/5.0 (Windows NT 10.0; Win64; x64) AppleWebKit/537.36 (KHTML, like Gecko) Chrome/71.0.3578.98 Safari/537.36" "-",
79.137.62.29 - - [22/Jan/2019:04:19:10 +0330] "GET /static/images/amp/blog.png HTTP/1.1" 200 3863 "https://www.zanbil.ir/m/filter/b258%2Cb261%2Cb67%2Cp7%2Ct103" "Mozilla/5.0 (Linux; Android 5.1.1; SM-E500H) AppleWebKit/537.36 (KHTML, like Gecko) Chrome/71.0.3578.99 Mobile Safari/537.36" "-",
86.55.46.218 - - [22/Jan/2019:04:19:10 +0330] "GET /image/31385/productType/120x90 HTTP/1.1" 200 17144 "https://www.zanbil.ir/product/32019/65144/%DA%AF%D9%88%D8%B4%DB%8C-%D9%85%D9%88%D8%A8%D8%A7%DB%8C%D9%84-%D9%87%D9%88%D8%A7%D9%88%DB%8C-%D9%85%D8%AF%D9%84-Mate-10-Dual-64GB-%28ALP-L29%29" "Mozilla/5.0 (Windows NT 10.0; Win64; x64) AppleWebKit/537.36 (KHTML, like Gecko) Chrome/71.0.3578.98 Safari/537.36" "-",
86.55.46.218 - - [22/Jan/2019:04:19:10 +0330] "GET /image/57/productType/120x90 HTTP/1.1" 200 13720 "https://www.zanbil.ir/product/32019/65144/%DA%AF%D9%88%D8%B4%DB%8C-%D9%85%D9%88%D8%A8%D8%A7%DB%8C%D9%84-%D9%87%D9%88%D8%A7%D9%88%DB%8C-%D9%85%D8%AF%D9%84-Mate-10-Dual-64GB-%28ALP-L29%29" "Mozilla/5.0 (Windows NT 10.0; Win64; x64) AppleWebKit/537.36 (KHTML, like Gecko) Chrome/71.0.3578.98 Safari/537.36" "-",
86.55.46.218 - - [22/Jan/2019:04:19:10 +0330] "GET /image/18781/productType/120x90 HTTP/1.1" 200 15705 "https://www.zanbil.ir/product/32019/65144/%DA%AF%D9%88%D8%B4%DB%8C-%D9%85%D9%88%D8%A8%D8%A7%DB%8C%D9%84-%D9%87%D9%88%D8%A7%D9%88%DB%8C-%D9%85%D8%AF%D9%84-Mate-10-Dual-64GB-%28ALP-L29%29" "Mozilla/5.0 (Windows NT 10.0; Win64; x64) AppleWebKit/537.36 (KHTML, like Gecko) Chrome/71.0.3578.98 Safari/537.36" "-",
66.249.66.194 - - [22/Jan/2019:04:19:10 +0330] "GET /product/25703/52917/%D9%BE%D8%B1%DA%A9%D8%A7%D8%B4%D9%86-%DA%A9%D9%88%D8%B2%D9%87-Meinl-%D9%85%D8%AF%D9%84-ID9BK-WH HTTP/1.1" 302 0 "-" "Mozilla/5.0 (Linux; Android 6.0.1; Nexus 5X Build/MMB29P) AppleWebKit/537.36 (KHTML, like Gecko) Chrome/41.0.2272.96 Mobile Safari/537.36 (compatible; Googlebot/2.1; +http://www.google.com/bot.html)" "-",
86.55.46.218 - - [22/Jan/2019:04:19:10 +0330] "GET /image/59/productType/120x90 HTTP/1.1" 200 12716 "https://www.zanbil.ir/product/32019/65144/%DA%AF%D9%88%D8%B4%DB%8C-%D9%85%D9%88%D8%A8%D8%A7%DB%8C%D9%84-%D9%87%D9%88%D8%A7%D9%88%DB%8C-%D9%85%D8%AF%D9%84-Mate-10-Dual-64GB-%28ALP-L29%29" "Mozilla/5.0 (Windows NT 10.0; Win64; x64) AppleWebKit/537.36 (KHTML, like Gecko) Chrome/71.0.3578.98 Safari/537.36" "-",
86.55.46.218 - - [22/Jan/2019:04:19:10 +0330] "GET /image/61/productType/120x90 HTTP/1.1" 200 13367 "https://www.zanbil.ir/product/32019/65144/%DA%AF%D9%88%D8%B4%DB%8C-%D9%85%D9%88%D8%A8%D8%A7%DB%8C%D9%84-%D9%87%D9%88%D8%A7%D9%88%DB%8C-%D9%85%D8%AF%D9%84-Mate-10-Dual-64GB-%28ALP-L29%29" "Mozilla/5.0 (Windows NT 10.0; Win64; x64) AppleWebKit/537.36 (KHTML, like Gecko) Chrome/71.0.3578.98 Safari/537.36" "-",
86.55.46.218 - - [22/Jan/2019:04:19:10 +0330] "GET /image/69/productType/120x90 HTTP/1.1" 200 15782 "https://www.zanbil.ir/product/32019/65144/%DA%AF%D9%88%D8%B4%DB%8C-%D9%85%D9%88%D8%A8%D8%A7%DB%8C%D9%84-%D9%87%D9%88%D8%A7%D9%88%DB%8C-%D9%85%D8%AF%D9%84-Mate-10-Dual-64GB-%28ALP-L29%29" "Mozilla/5.0 (Windows NT 10.0; Win64; x64) AppleWebKit/537.36 (KHTML, like Gecko) Chrome/71.0.3578.98 Safari/537.36" "-",
86.55.46.218 - - [22/Jan/2019:04:19:10 +0330] "GET /image/53/productType/120x90 HTTP/1.1" 200 15753 "https://www.zanbil.ir/product/32019/65144/%DA%AF%D9%88%D8%B4%DB%8C-%D9%85%D9%88%D8%A8%D8%A7%DB%8C%D9%84-%D9%87%D9%88%D8%A7%D9%88%DB%8C-%D9%85%D8%AF%D9%84-Mate-10-Dual-64GB-%28ALP-L29%29" "Mozilla/5.0 (Windows NT 10.0; Win64; x64) AppleWebKit/537.36 (KHTML, like Gecko) Chrome/71.0.3578.98 Safari/537.36" "-",
66.249.66.194 - - [22/Jan/2019:04:19:10 +0330] "GET /m/product/25703/52917/%D9%BE%D8%B1%DA%A9%D8%A7%D8%B4%D9%86-%DA%A9%D9%88%D8%B2%D9%87-Meinl-%D9%85%D8%AF%D9%84-ID9BK-WH HTTP/1.1" 404 33627 "-" "Mozilla/5.0 (Linux; Android 6.0.1; Nexus 5X Build/MMB29P) AppleWebKit/537.36 (KHTML, like Gecko) Chrome/41.0.2272.96 Mobile Safari/537.36 (compatible; Googlebot/2.1; +http://www.google.com/bot.html)" "-",
79.137.62.29 - - [22/Jan/2019:04:19:11 +0330] "GET /static/images/amp/third-party/footer-mobile.png HTTP/1.1" 200 62894 "https://www.zanbil.ir/m/filter/b258%2Cb261%2Cb67%2Cp7%2Ct103" "Mozilla/5.0 (Linux; Android 5.1.1; SM-E500H) AppleWebKit/537.36 (KHTML, like Gecko) Chrome/71.0.3578.99 Mobile Safari/537.36" "-",
207.46.13.136 - - [22/Jan/2019:04:19:11 +0330] "GET /filter/b1,b109,b5,b7,p3704 HTTP/1.1" 200 28189 "-" "Mozilla/5.0 (compatible; bingbot/2.0; +http://www.bing.com/bingbot.htm)" "-",
86.55.46.218 - - [22/Jan/2019:04:19:11 +0330] "GET /site/alexaGooleAnalitic HTTP/1.1" 200 323 "https://www.zanbil.ir/product/32019/65144/%DA%AF%D9%88%D8%B4%DB%8C-%D9%85%D9%88%D8%A8%D8%A7%DB%8C%D9%84-%D9%87%D9%88%D8%A7%D9%88%DB%8C-%D9%85%D8%AF%D9%84-Mate-10-Dual-64GB-%28ALP-L29%29" "Mozilla/5.0 (Windows NT 10.0; Win64; x64) AppleWebKit/537.36 (KHTML, like Gecko) Chrome/71.0.3578.98 Safari/537.36" "-",
54.36.148.119 - - [22/Jan/2019:04:19:12 +0330] "GET /filter/p19%2Cv1%7C%D9%86%D9%82%D8%B1%D9%87%20%D8%A7%DB%8C.%2Cv1%7C%D8%B2%DB%8C%D8%AA%D9%88%D9%86%DB%8C HTTP/1.1" 200 31665 "-" "Mozilla/5.0 (compatible; AhrefsBot/6.1; +http://ahrefs.com/robot/)" "-",
207.46.13.136 - - [22/Jan/2019:04:19:13 +0330] "GET /image/30458?name=beyond-rose-111.jpg&wh=max HTTP/1.1" 200 70246 "-" "Mozilla/5.0 (compatible; bingbot/2.0; +http://www.bing.com/bingbot.htm)" "-",
54.36.149.73 - - [22/Jan/2019:04:19:13 +0330] "GET /filter/p48%2Cv1%7C%D9%85%D8%B4%DA%A9%DB%8C%20%D9%82%D9%87%D9%88%D9%87%20%D8%A7%DB%8C.%2Cv1%7C%D8%B3%D9%81%DB%8C%D8%AF%20%D9%85%D8%B4%DA%A9%DB%8C.?o=v1 HTTP/1.1" 302 0 "-" "Mozilla/5.0 (compatible; AhrefsBot/6.1; +http://ahrefs.com/robot/)" "-",
204.18.36.198 - - [22/Jan/2019:04:19:13 +0330] "GET /image/27142?name=mdn76.jpg&wh=200x200 HTTP/1.1" 200 3294 "-" "Dalvik/2.1.0 (Linux; U; Android 7.0; HUAWEI VNS-L21 Build/HUAWEIVNS-L21)" "-",
5.219.188.95 - - [22/Jan/2019:04:11:41 +0330] "GET /image/33741?name=43n5980-44.jpg&wh=200x200 HTTP/1.1" 403 5576 "-" "Dalvik/1.6.0 (Linux; U; Android 4.4.2; SM-G7102 Build/KOT49H)" "-",

87.251.155.150 - - [22/Jan/2019:04:11:41 +0330] "GET /users/credit-card/guarantees/goodShopping.png HTTP/1.1" 200 6496 "https://www.zanbil.ir/m" "Mozilla/5.0 (Linux; Android 6.0; HTC Desire 816 dual sim Build/MRA58K) AppleWebKit/537.36 (KHTML, like Gecko) Chrome/64.0.3282.137 Mobile Safari/537.36" "-",

 31.56.96.51 - - [22/Jan/2019:03:56:16 +0330] "GET /login HTTP/1.1" 200 5667 "https://www.zanbil.ir/login" "Mozilla/5.0 (Windows NT 10.0; Win64; x64) AppleWebKit/537.36 (KHTML, like Gecko) Chrome/75.0.3770.142 Safari/537.36" "-",

7.251.155.150 - - [22/Jan/2019:04:11:41 +0330] "GET /static/images/guarantees/bestPrice.png HTTP/1.1" 403 7356 "https://www.zanbil.ir/m" "Mozilla/5.0 (Linux; Android 6.0; HTC Desire 816 dual sim Build/MRA58K) AppleWebKit/537.36 (KHTML, like Gecko) Chrome/64.0.3282.137 Mobile Safari/537.36" "-",

87.251.155.150 - - [22/Jan/2019:04:11:41 +0330] "POST /change-password HTTP/1.1" 403 6454 "https://www.zanbil.ir/m" "Mozilla/5.0 (Linux; Android 6.0; HTC Desire 816 dual sim Build/MRA58K) AppleWebKit/537.36 (KHTML, like Gecko) Chrome/64.0.3282.137 Mobile Safari/537.36" "-",

87.251.155.150 - - [22/Jan/2019:04:11:41 +0330] "GET /include?file=config.php HTTP/1.1" 404 7713 "https://www.zanbil.ir/m" "Mozilla/5.0 (Linux; Android 6.0; HTC Desire 816 dual sim Build/MRA58K) AppleWebKit/537.36 (KHTML, like Gecko) Chrome/64.0.3282.137 Mobile Safari/537.36" "-",

87.251.155.150 - - [22/Jan/2019:04:11:41 +0330] "GET /view-file?file=../../../etc/passwd HTTP/1.1" 200 28536 "https://www.zanbil.ir/m" "Mozilla/5.0 (Linux; Android 6.0; HTC Desire 816 dual sim Build/MRA58K) AppleWebKit/537.36 (KHTML, like Gecko) Chrome/64.0.3282.137 Mobile Safari/537.36" "-",

66.249.66.194 - - [22/Jan/2019:04:11:41 +0330] "GET /view-file?file=../../../etc/passwd HTTP/1.1" 200 3744/p10%2Cv1%7C%D8%B3%D8%A8%D8%B2%20%DA%A9%D8%B1%D9%85%2Cv1%7C%D9%85%D8%B4%DA%A9%DB%8C?productType=tea-maker HTTP/1.1" 200 32234 "-" "Mozilla/5.0 (compatible; Googlebot/2.1; +http://www.google.com/bot.html)" "-",

87.251.155.150 - - [22/Jan/2019:04:11:42 +0330] "POST /change-password HTTP/1.1" 200
 4120 "https://www.zanbil.ir/m" "Mozilla/5.0 (Linux; Android 6.0; HTC Desire 816 dual sim Build/MRA58K) AppleWebKit/537.36 (KHTML, like Gecko) Chrome/64.0.3282.137 Mobile Safari/537.36" "-",

