66.249.66.194 - - [22/Jan/2019:04:18:03 +0330] "GET /m/product/29461/%D8%AA%D9%84%D9%88%DB%8C%D8%B2%DB%8C%D9%88%D9%86-%D8%A7%D9%84-%D8%A7%DB%8C-%D8%AF%DB%8C-%D8%A7%DB%8C%DA%A9%D8%B3-%D9%88%DB%8C%DA%98%D9%86-%D9%85%D8%AF%D9%84-49XL615-Full-HD HTTP/1.1" 200 21948 "-" "Mozilla/5.0 (Linux; Android 6.0.1; Nexus 5X Build/MMB29P) AppleWebKit/537.36 (KHTML, like Gecko) Chrome/41.0.2272.96 Mobile Safari/537.36 (compatible; Googlebot/2.1; +http://www.google.com/bot.html)" "-",
130.185.74.243 - - [22/Jan/2019:04:18:03 +0330] "GET /filter/stexists,p47,b105 HTTP/1.1" 200 34039 "-" "Mozilla/5.0 (Windows NT 6.1; rv:42.0) Gecko/20100101 Firefox/42.0" "-",
66.249.66.91 - - [22/Jan/2019:04:18:04 +0330] "GET /filter/b656%2Cb703%2Cb32%2Cb67%2Cb226%2Cb41%2Cb598%2Cb168%2Cb723%2Cb597%2Cb88%2Cb548%2Cb6%2Cb679%2Cb215%2Cb105%2Cb194%2Cb74%2Cb542%2Cb35%2Cb113%2Cb820%2Cb574%2Cb442%2Cb880%2Cb645%2Cb724%2Cb118%2Cb482%2Cb400%2Cb95%2Cb135%2Cb249%2Cb435%2Cb221%2Cb523%2Cb854%2Cb126%2Cstexists%2Cb216%2Cb217%2Cb152%2Cb99%2Cb192%2Cb213%2Cb136%2Cb218%2Cb648%2Cb454%2Cb258%2Cb151%2Cb22%2Cb203%2Cb543%2Cb3?page=0 HTTP/1.1" 200 41133 "-" "Mozilla/5.0 (compatible; Googlebot/2.1; +http://www.google.com/bot.html)" "-",
66.249.66.91 - - [22/Jan/2019:04:18:04 +0330] "GET /filter/b36%2Cb41%2Cb598%2Cb168%2Cb103%2Cb614%2Cb88%2Cb19%2Cb194%2Cb35%2Cb321%2Cb5%2Cb261%2Cb442%2Cb484%2Cb723%2Cb573%2Cb192%2Cb724%2Cb435%2Cb183%2Cb542%2Cb63%2Cb497%2Cb619%2Cb613%2Cb126%2Cb74%2Cb441%2Cb568%2Cb880%2Cb647%2Cb185%2Cb584%2Cb224%2Cb213%2Cb3%2Cb570%2Cb198%2Cb238%2Cb485%2Cb574%2Cb186%2Cb548%2Cstexists%2Cb215%2Cb904%2Cb615%2Cb603%2Cb203%2Cb43%2Cb152%2Cb95%2Cb147%2Cb143%2Cb656%2Cb2%2Cb80%2Cb22%2Cb883%2Cb523%2Cb903%2Cb258?page=5 HTTP/1.1" 200 41705 "-" "Mozilla/5.0 (compatible; Googlebot/2.1; +http://www.google.com/bot.html)" "-",
66.249.66.194 - - [22/Jan/2019:04:18:04 +0330] "GET /product/5846/%D8%A8%D8%AE%D8%A7%D8%B1%D8%B4%D9%88%DB%8C-%D9%85%D8%B9%D9%85%D9%88%D9%84%DB%8C-%D8%AA%DB%8C-%D8%A8%DB%8C-%DA%A9%D9%88-%D9%85%D8%AF%D9%84-SVC-832 HTTP/1.1" 404 33713 "-" "Mozilla/5.0 (compatible; Googlebot/2.1; +http://www.google.com/bot.html)" "-",
130.185.74.243 - - [22/Jan/2019:04:18:05 +0330] "GET /filter/stexists,p47,b105?page=1 HTTP/1.1" 200 31837 "-" "Mozilla/5.0 (Windows NT 6.1; rv:42.0) Gecko/20100101 Firefox/42.0" "-",
46.4.203.149 - - [22/Jan/2019:04:18:08 +0330] "GET /product/18477/37388/%D9%88%D8%A7%D9%86-%D8%AD%D9%85%D8%A7%D9%85-%D9%BE%D8%B1%D8%B4%DB%8C%D9%86-%D9%85%D8%AF%D9%84-%D8%A7%D9%84%D8%A8%D8%A7-170 HTTP/1.1" 200 534900 "-" "Mozilla/5.0 (Windows NT 6.2; WOW64; rv:17.0) Gecko/20100101 Firefox/17.0" "-",
91.99.72.15 - - [22/Jan/2019:04:18:08 +0330] "GET /product/30332/60010/%D8%A2%D8%A8%D8%B3%D8%B1%D8%AF%DA%A9%D9%86-%D8%A7%DB%8C%D8%B3%D8%AA%D8%A7%D8%AF%D9%87-%D8%A7%DB%8C%D8%B3%D8%AA%DA%A9%D9%88%D9%84-%D9%85%D8%AF%D9%84-TM-CW605 HTTP/1.1" 200 42181 "-" "Mozilla/5.0 (X11; Linux x86_64) AppleWebKit/537.36 (KHTML, like Gecko) Chrome/53.0.2785.92 Safari/537.36" "-",
66.249.66.91 - - [22/Jan/2019:04:18:09 +0330] "GET /filter/b36%2Cb41%2Cb598%2Cb168%2Cb103%2Cb614%2Cb88%2Cb19%2Cb194%2Cb35%2Cb321%2Cb5%2Cb261%2Cb442%2Cb484%2Cb723%2Cb573%2Cb192%2Cb724%2Cb435%2Cb183%2Cb542%2Cb63%2Cb497%2Cb619%2Cb613%2Cb126%2Cb74%2Cb441%2Cb568%2Cb880%2Cb647%2Cb185%2Cb584%2Cb224%2Cb213%2Cb3%2Cb570%2Cb198%2Cb238%2Cb485%2Cb574%2Cb186%2Cb548%2Cstexists%2Cb215%2Cb904%2Cb615%2Cb603%2Cb203%2Cb43%2Cb152%2Cb95%2Cb147%2Cb143%2Cb656%2Cb2%2Cb80%2Cb22%2Cb883%2Cb523%2Cb903%2Cb258%2Cb795?page=88 HTTP/1.1" 200 40977 "-" "Mozilla/5.0 (compatible; Googlebot/2.1; +http://www.google.com/bot.html)" "-",
66.249.66.194 - - [22/Jan/2019:04:18:10 +0330] "GET /product/23855/50318/%DA%A9%D8%B1%D8%B3%D8%AA-%DA%AF%D8%B1%D8%AF%D9%86-Oppo-%D9%85%D8%AF%D9%84-4097-%D9%BE%D8%B1%DB%8C%D9%85%DB%8C%D9%88%D9%85 HTTP/1.1" 302 0 "-" "Mozilla/5.0 (Linux; Android 6.0.1; Nexus 5X Build/MMB29P) AppleWebKit/537.36 (KHTML, like Gecko) Chrome/41.0.2272.96 Mobile Safari/537.36 (compatible; Googlebot/2.1; +http://www.google.com/bot.html)" "-",
172.20.2.174 - - [22/Jan/2019:04:18:10 +0330] "GET /site/ping HTTP/1.1" 200 4 "-" "-", "-"
83.121.152.4 - - [22/Jan/2019:04:18:10 +0330] "GET /image/641/mainSlide HTTP/1.1" 200 90035 "https://www.google.com/" "Mozilla/5.0 (Linux; Android 4.4.4; fa-ir; SAMSUNG GT-I9300I Build/KTU84P) AppleWebKit/537.36 (KHTML, like Gecko) Version/1.5 Chrome/28.0.1500.94 Mobile Safari/537.36" "-",
5.115.54.117 - - [22/Jan/2019:04:18:10 +0330] "GET /m/browse/stove-and-oven/%D8%A7%D8%AC%D8%A7%D9%82-%DA%AF%D8%A7%D8%B2-%D9%85%D8%A8%D9%84%D9%87 HTTP/1.1" 200 19249 "https://www.google.com/search?q=%D8%A7%D8%AC%D8%A7%D9%82+%DA%AF%D8%A7%D8%B2+%D9%81%D8%B1%D8%AF%D8%A7%D8%B1&ie=utf-8&oe=utf-8&client=firefox-b" "Mozilla/5.0 (Android 8.0.0; Mobile; rv:62.0) Gecko/62.0 Firefox/62.0" "-",
51.38.125.215 - - [22/Jan/2019:04:18:10 +0330] "GET /image/34039?name=d4i.jpg&wh=200x200 HTTP/1.1" 200 4088 "-" "Dalvik/2.1.0 (Linux; U; Android 6.0; ALE-L21 Build/HuaweiALE-L21)" "-",
91.99.72.15 - - [22/Jan/2019:04:18:10 +0330] "GET /product/4401?model=2134 HTTP/1.1" 200 41478 "-" "Mozilla/5.0 (Windows NT 6.1; WOW64) AppleWebKit/535.7(KHTML, like Gecko) Chrome/16.0.912.36 Safari/535.7" "-",
66.249.66.194 - - [22/Jan/2019:04:18:11 +0330] "GET /m/product/23855/50318/%DA%A9%D8%B1%D8%B3%D8%AA-%DA%AF%D8%B1%D8%AF%D9%86-Oppo-%D9%85%D8%AF%D9%84-4097-%D9%BE%D8%B1%DB%8C%D9%85%DB%8C%D9%88%D9%85 HTTP/1.1" 200 20899 "-" "Mozilla/5.0 (Linux; Android 6.0.1; Nexus 5X Build/MMB29P) AppleWebKit/537.36 (KHTML, like Gecko) Chrome/41.0.2272.96 Mobile Safari/537.36 (compatible; Googlebot/2.1; +http://www.google.com/bot.html)" "-",
5.115.54.117 - - [22/Jan/2019:04:18:11 +0330] "GET /discountLabel/get/3?type=mobileSmallIcon HTTP/1.1" 200 4336 "https://www.zanbil.ir/m/browse/stove-and-oven/%D8%A7%D8%AC%D8%A7%D9%82-%DA%AF%D8%A7%D8%B2-%D9%85%D8%A8%D9%84%D9%87" "Mozilla/5.0 (Android 8.0.0; Mobile; rv:62.0) Gecko/62.0 Firefox/62.0" "-",
66.249.66.91 - - [22/Jan/2019:04:18:11 +0330] "GET /image/16835?name=%D8%A7%D8%B3%DA%A9%D8%A7%D8%B12.jpg&wh=200x200 HTTP/1.1" 200 94646 "-" "Googlebot-Image/1.0" "-",
66.249.66.194 - - [22/Jan/2019:04:18:11 +0330] "GET /product/32550/%D9%84%D9%BE-%D8%AA%D8%A7%D9%BE-%D8%A7%DB%8C%D8%B3%D9%88%D8%B3-%D9%85%D8%AF%D9%84-VivoBook-R542UR HTTP/1.1" 200 42494 "-" "Googlebot-Image/1.0" "-",
5.115.54.117 - - [22/Jan/2019:04:18:11 +0330] "GET /settings/logo HTTP/1.1" 200 4120 "https://www.zanbil.ir/m/browse/stove-and-oven/%D8%A7%D8%AC%D8%A7%D9%82-%DA%AF%D8%A7%D8%B2-%D9%85%D8%A8%D9%84%D9%87" "Mozilla/5.0 (Android 8.0.0; Mobile; rv:62.0) Gecko/62.0 Firefox/62.0" "-",
37.98.49.55 - - [22/Jan/2019:04:18:12 +0330] "GET /m/prepareSearch?phrase=Tom+ford HTTP/1.1" 302 0 "https://www-zanbil-ir.cdn.ampproject.org/" "Mozilla/5.0 (iPhone; CPU iPhone OS 12_1_2 like Mac OS X) AppleWebKit/605.1.15 (KHTML, like Gecko) Version/12.0 Mobile/15E148 Safari/604.1" "-",
66.249.66.91 - - [22/Jan/2019:04:18:12 +0330] "GET /image/24646?name=23110396106001.png&wh=200x200 HTTP/1.1" 200 21333 "-" "Googlebot-Image/1.0" "-",
51.255.65.46 - - [22/Jan/2019:04:18:12 +0330] "GET /filter/p71,stexists,stnot-exists,v1|%D8%B7%D9%88%D8%B3%DB%8C%20%D9%85%D8%B4%DA%A9%DB%8C,v1|%D9%86%D9%82%D8%B1%D9%87%20%D8%A7%DB%8C%20%D8%AE%D8%A7%DA%A9%D8%B3%D8%AA%D8%B1%DB%8C HTTP/1.1" 200 30695 "-" "Mozilla/5.0 (compatible; AhrefsBot/6.1; +http://ahrefs.com/robot/)" "-",
91.99.72.15 - - [22/Jan/2019:04:18:12 +0330] "GET /product/30812/60586/%D8%B3%D8%A7%D8%B9%D8%AA-%D9%85%DA%86%DB%8C-%D8%B9%D9%82%D8%B1%D8%A8%D9%87-%D8%A7%DB%8C-%D8%B2%D9%86%D8%A7%D9%86%D9%87-%D9%88%DB%8C%D9%88%D9%84%D8%AA-%D9%85%D8%AF%D9%84-0345L HTTP/1.1" 200 40698 "-" "Mozilla/5.0 (Windows NT 6.1; WOW64) AppleWebKit/535.7(KHTML, like Gecko) Chrome/16.0.912.36 Safari/535.7" "-",
91.99.72.15 - - [22/Jan/2019:04:18:13 +0330] "GET /product/29457/58891/%D9%85%D8%A7%D9%86%DB%8C%D8%AA%D9%88%D8%B1-LED-%D8%A7%DB%8C%D8%B3%D9%88%D8%B3-%D9%85%D8%AF%D9%84-VS228DE HTTP/1.1" 200 42004 "-" "Mozilla/5.0 (Windows NT 6.2; Win64; x64; rv:16.0)Gecko/16.0 Firefox/16.0" "-",
5.115.54.117 - - [22/Jan/2019:04:18:13 +0330] "GET /image/62153/productModel/200x200 HTTP/1.1" 200 5375 "https://www.zanbil.ir/m/browse/stove-and-oven/%D8%A7%D8%AC%D8%A7%D9%82-%DA%AF%D8%A7%D8%B2-%D9%85%D8%A8%D9%84%D9%87" "Mozilla/5.0 (Android 8.0.0; Mobile; rv:62.0) Gecko/62.0 Firefox/62.0" "-",
5.115.54.117 - - [22/Jan/2019:04:18:13 +0330] "GET /image/63344/productModel/200x200 HTTP/1.1" 200 7803 "https://www.zanbil.ir/m/browse/stove-and-oven/%D8%A7%D8%AC%D8%A7%D9%82-%DA%AF%D8%A7%D8%B2-%D9%85%D8%A8%D9%84%D9%87" "Mozilla/5.0 (Android 8.0.0; Mobile; rv:62.0) Gecko/62.0 Firefox/62.0" "-",
5.115.54.117 - - [22/Jan/2019:04:18:13 +0330] "GET /favicon.ico HTTP/1.1" 200 0 "-" "Mozilla/5.0 (Android 8.0.0; Mobile; rv:62.0.3) Gecko/62.0.3 Firefox/62.0.3" "-",
66.249.66.195 - - [22/Jan/2019:04:18:14 +0330] "GET /filter?f=b845&o=b HTTP/1.1" 301 178 "-" "Mozilla/5.0 (compatible; Googlebot/2.1; +http://www.google.com/bot.html)" "-",
192.119.167.2 - - [22/Jan/2019:04:18:14 +0330] "GET /image/33888?name=model-b2048u-1-.jpg&wh=200x200 HTTP/1.1" 200 3975 "-" "Dalvik/2.1.0 (Linux; U; Android 7.0; SM-N920C Build/NRD90M)" "-",
66.249.66.91 - - [22/Jan/2019:04:18:15 +0330] "GET /filter/b36%2Cb41%2Cb598%2Cb168%2Cb103%2Cb88%2Cb19%2Cb194%2Cb35%2Cb321%2Cb5%2Cb261%2Cb442%2Cb484%2Cb723%2Cb573%2Cb192%2Cb724%2Cb435%2Cb183%2Cb542%2Cb135%2Cb63%2Cb497%2Cb619%2Cb613%2Cb126%2Cb74%2Cb441%2Cb568%2Cb880%2Cb647%2Cb185%2Cb584%2Cb224%2Cb213%2Cb3%2Cb570%2Cb198%2Cb256%2Cb238%2Cb485%2Cb574%2Cb186%2Cb548%2Cstexists%2Cb215%2Cb904%2Cb615%2Cb603%2Cb203%2Cb43%2Cb152%2Cb95%2Cb147%2Cb143%2Cb656%2Cb2%2Cb308%2Cb80%2Cb22%2Cb883%2Cb523%2Cb903%2Cb648?page=7 HTTP/1.1" 200 42008 "-" "Mozilla/5.0 (compatible; Googlebot/2.1; +http://www.google.com/bot.html)" "-",
37.98.49.55 - - [22/Jan/2019:04:18:15 +0330] "GET /m/search/Tom-ford HTTP/1.1" 200 16969 "https://www-zanbil-ir.cdn.ampproject.org/" "Mozilla/5.0 (iPhone; CPU iPhone OS 12_1_2 like Mac OS X) AppleWebKit/605.1.15 (KHTML, like Gecko) Version/12.0 Mobile/15E148 Safari/604.1" "-",
66.249.66.194 - - [22/Jan/2019:04:18:15 +0330] "GET /filter?f=b845&o=b HTTP/1.1" 302 0 "-" "Mozilla/5.0 (compatible; Googlebot/2.1; +http://www.google.com/bot.html)" "-",
37.98.49.55 - - [22/Jan/2019:04:18:16 +0330] "GET /static/images/guarantees/goodShopping.png HTTP/1.1" 200 6496 "https://www.zanbil.ir/m/search/Tom-ford" "Mozilla/5.0 (iPhone; CPU iPhone OS 12_1_2 like Mac OS X) AppleWebKit/605.1.15 (KHTML, like Gecko) Version/12.0 Mobile/15E148 Safari/604.1" "-",
37.98.49.55 - - [22/Jan/2019:04:18:16 +0330] "GET /static/images/guarantees/fastDelivery.png HTTP/1.1" 200 7713 "https://www.zanbil.ir/m/search/Tom-ford" "Mozilla/5.0 (iPhone; CPU iPhone OS 12_1_2 like Mac OS X) AppleWebKit/605.1.15 (KHTML, like Gecko) Version/12.0 Mobile/15E148 Safari/604.1" "-",
37.98.49.55 - - [22/Jan/2019:04:18:16 +0330] "GET /static/images/guarantees/warranty.png HTTP/1.1" 200 5807 "https://www.zanbil.ir/m/search/Tom-ford" "Mozilla/5.0 (iPhone; CPU iPhone OS 12_1_2 like Mac OS X) AppleWebKit/605.1.15 (KHTML, like Gecko) Version/12.0 Mobile/15E148 Safari/604.1" "-",
37.98.49.55 - - [22/Jan/2019:04:18:16 +0330] "GET /static/images/guarantees/bestPrice.png HTTP/1.1" 200 7356 "https://www.zanbil.ir/m/search/Tom-ford" "Mozilla/5.0 (iPhone; CPU iPhone OS 12_1_2 like Mac OS X) AppleWebKit/605.1.15 (KHTML, like Gecko) Version/12.0 Mobile/15E148 Safari/604.1" "-",
37.98.49.55 - - [22/Jan/2019:04:18:16 +0330] "GET /static/images/guarantees/support.png HTTP/1.1" 200 6454 "https://www.zanbil.ir/m/search/Tom-ford" "Mozilla/5.0 (iPhone; CPU iPhone OS 12_1_2 like Mac OS X) AppleWebKit/605.1.15 (KHTML, like Gecko) Version/12.0 Mobile/15E148 Safari/604.1" "-",
37.98.49.55 - - [22/Jan/2019:04:18:16 +0330] "GET /static/css/font/wyekan/font.woff HTTP/1.1" 200 28536 "https://www.zanbil.ir/m/search/Tom-ford" "Mozilla/5.0 (iPhone; CPU iPhone OS 12_1_2 like Mac OS X) AppleWebKit/605.1.15 (KHTML, like Gecko) Version/12.0 Mobile/15E148 Safari/604.1" "-",
66.249.66.194 - - [22/Jan/2019:04:18:16 +0330] "GET /filter/b845 HTTP/1.1" 200 29359 "-" "Mozilla/5.0 (compatible; Googlebot/2.1; +http://www.google.com/bot.html)" "-",
37.98.49.55 - - [22/Jan/2019:04:18:16 +0330] "GET /static/images/amp/instagram.png HTTP/1.1" 200 7146 "https://www.zanbil.ir/m/search/Tom-ford" "Mozilla/5.0 (iPhone; CPU iPhone OS 12_1_2 like Mac OS X) AppleWebKit/605.1.15 (KHTML, like Gecko) Version/12.0 Mobile/15E148 Safari/604.1" "-",
37.98.49.55 - - [22/Jan/2019:04:18:16 +0330] "GET /static/images/amp/blog.png HTTP/1.1" 200 3863 "https://www.zanbil.ir/m/search/Tom-ford" "Mozilla/5.0 (iPhone; CPU iPhone OS 12_1_2 like Mac OS X) AppleWebKit/605.1.15 (KHTML, like Gecko) Version/12.0 Mobile/15E148 Safari/604.1" "-",
37.98.49.55 - - [22/Jan/2019:04:18:16 +0330] "GET /static/images/amp/telegram.png HTTP/1.1" 200 4859 "https://www.zanbil.ir/m/search/Tom-ford" "Mozilla/5.0 (iPhone; CPU iPhone OS 12_1_2 like Mac OS X) AppleWebKit/605.1.15 (KHTML, like Gecko) Version/12.0 Mobile/15E148 Safari/604.1" "-",
66.249.66.91 - - [22/Jan/2019:04:18:16 +0330] "GET /image/581/brand HTTP/1.1" 200 2002 "-" "Googlebot-Image/1.0" "-",
89.199.165.30 - - [22/Jan/2019:04:18:16 +0330] "GET /image/539/article HTTP/1.1" 200 56661 "https://www.google.com/" "Mozilla/5.0 (Linux; Android 8.1.0; SAMSUNG SM-J530F Build/M1AJQ) AppleWebKit/537.36 (KHTML, like Gecko) SamsungBrowser/7.2 Chrome/59.0.3071.125 Mobile Safari/537.36" "-",
37.98.49.55 - - [22/Jan/2019:04:18:16 +0330] "GET /settings/logo HTTP/1.1" 200 4120 "https://www.zanbil.ir/m/search/Tom-ford" "Mozilla/5.0 (iPhone; CPU iPhone OS 12_1_2 like Mac OS X) AppleWebKit/605.1.15 (KHTML, like Gecko) Version/12.0 Mobile/15E148 Safari/604.1" "-",
37.98.49.55 - - [22/Jan/2019:04:18:17 +0330] "GET /static/images/amp/third-party/footer-mobile.png HTTP/1.1" 200 62894 "https://www.zanbil.ir/m/search/Tom-ford" "Mozilla/5.0 (iPhone; CPU iPhone OS 12_1_2 like Mac OS X) AppleWebKit/605.1.15 (KHTML, like Gecko) Version/12.0 Mobile/15E148 Safari/604.1" "-",
66.249.66.194 - - [22/Jan/2019:04:18:17 +0330] "GET /m/filter/b105,b113,b118,b126,b135,b136,b151,b152,b168,b186,b192,b194,b213,b215,b216,b217,b218,b219,b221,b226,b249,b258,b32,b35,b400,b41,b435,b442,b454,b482,b523,b542,b548,b574,b597,b598,b6,b645,b648,b656,b67,b679,b703,b723,b724,b74,b820,b854,b88,b880,b95,b99,stexists HTTP/1.1" 200 26748 "-" "Mozilla/5.0 (Linux; Android 6.0.1; Nexus 5X Build/MMB29P) AppleWebKit/537.36 (KHTML, like Gecko) Chrome/41.0.2272.96 Mobile Safari/537.36 (compatible; Googlebot/2.1; +http://www.google.com/bot.html)" "-",
37.98.49.55 - - [22/Jan/2019:04:18:17 +0330] "GET /image/1218/mainSlideMobile HTTP/1.1" 200 68123 "https://www.zanbil.ir/m/search/Tom-ford" "Mozilla/5.0 (iPhone; CPU iPhone OS 12_1_2 like Mac OS X) AppleWebKit/605.1.15 (KHTML, like Gecko) Version/12.0 Mobile/15E148 Safari/604.1" "-",
37.98.49.55 - - [22/Jan/2019:04:18:17 +0330] "GET /favicon.ico HTTP/1.1" 200 0 "https://www.zanbil.ir/m/search/Tom-ford" "Mozilla/5.0 (iPhone; CPU iPhone OS 12_1_2 like Mac OS X) AppleWebKit/605.1.15 (KHTML, like Gecko) Version/12.0 Mobile/15E148 Safari/604.1" "-",
37.98.49.55 - - [22/Jan/2019:04:18:18 +0330] "GET /image/1210/mainSlideMobile HTTP/1.1" 200 66326 "https://www.zanbil.ir/m/search/Tom-ford" "Mozilla/5.0 (iPhone; CPU iPhone OS 12_1_2 like Mac OS X) AppleWebKit/605.1.15 (KHTML, like Gecko) Version/12.0 Mobile/15E148 Safari/604.1" "-",
37.98.49.55 - - [22/Jan/2019:04:18:18 +0330] "GET /image/1215/mainSlideMobile HTTP/1.1" 200 69159 "https://www.zanbil.ir/m/search/Tom-ford" "Mozilla/5.0 (iPhone; CPU iPhone OS 12_1_2 like Mac OS X) AppleWebKit/605.1.15 (KHTML, like Gecko) Version/12.0 Mobile/15E148 Safari/604.1" "-",
51.15.15.54 - - [22/Jan/2019:04:18:18 +0330] "GET /blog/medicine-and-health/heating-product/electric-cushion/ HTTP/1.1" 200 20703 "-" "Barkrowler/0.9 (+http://www.exensa.com/crawl)" "-",
5.115.54.117 - - [22/Jan/2019:04:18:18 +0330] "GET /image/63380/productModel/200x200 HTTP/1.1" 200 6493 "https://www.zanbil.ir/m/browse/stove-and-oven/%D8%A7%D8%AC%D8%A7%D9%82-%DA%AF%D8%A7%D8%B2-%D9%85%D8%A8%D9%84%D9%87" "Mozilla/5.0 (Android 8.0.0; Mobile; rv:62.0) Gecko/62.0 Firefox/62.0" "-",
207.46.13.136 - - [22/Jan/2019:04:18:19 +0330] "GET /browse/baby/%D8%B3%DB%8C%D8%B3%D9%85%D9%88%D9%86%DB%8C-%D9%86%D9%88%D8%B2%D8%A7%D8%AF HTTP/1.1" 200 33805 "-" "Mozilla/5.0 (compatible; bingbot/2.0; +http://www.bing.com/bingbot.htm)" "-",
66.249.66.197 - - [22/Jan/2019:04:18:20 +0330] "GET /product/25641/52825/%D8%A7%D8%AF%D9%88%D8%A7%D8%AA-%D9%BE%D8%B1%DA%A9%D8%A7%D8%B4%D9%86-%DA%86%D8%A7%DB%8C%D9%85%D8%B2-Meinl-%D9%85%D8%AF%D9%84-CH33HF-Chimes-Percussion-Accessories HTTP/1.1" 302 0 "-" "Mozilla/5.0 (Linux; Android 6.0.1; Nexus 5X Build/MMB29P) AppleWebKit/537.36 (KHTML, like Gecko) Chrome/41.0.2272.96 Mobile Safari/537.36 (compatible; Googlebot/2.1; +http://www.google.com/bot.html)" "-",
207.46.13.136 - - [22/Jan/2019:04:18:20 +0330] "GET /filter/p46%2Cb126 HTTP/1.1" 200 34260 "-" "Mozilla/5.0 (compatible; bingbot/2.0; +http://www.bing.com/bingbot.htm)" "-",
91.251.220.58 - - [22/Jan/2019:04:18:21 +0330] "GET / HTTP/1.1" 302 0 "http://www.ptcnovin.com/viewads/3CZ37HV2943BO974D66E3353352O55ZE40BH56510167H51659BC54767355147B16D5765V7594D57563O4EEU454BB7363UC496" "Mozilla/5.0 (Android 7.0; Mobile; rv:64.0) Gecko/64.0 Firefox/64.0" "-",
66.249.66.199 - - [22/Jan/2019:04:18:21 +0330] "GET /m/product/25641/52825/%D8%A7%D8%AF%D9%88%D8%A7%D8%AA-%D9%BE%D8%B1%DA%A9%D8%A7%D8%B4%D9%86-%DA%86%D8%A7%DB%8C%D9%85%D8%B2-Meinl-%D9%85%D8%AF%D9%84-CH33HF-Chimes-Percussion-Accessories HTTP/1.1" 404 33732 "-" "Mozilla/5.0 (Linux; Android 6.0.1; Nexus 5X Build/MMB29P) AppleWebKit/537.36 (KHTML, like Gecko) Chrome/41.0.2272.96 Mobile Safari/537.36 (compatible; Googlebot/2.1; +http://www.google.com/bot.html)" "-",
66.249.66.199 - - [22/Jan/2019:04:18:21 +0330] "GET /m/product/30154/%DB%8C%D8%AE%DA%86%D8%A7%D9%84-%D9%81%D8%B1%DB%8C%D8%B2%D8%B1-%D8%AF%D8%B1%D8%A8-%D9%81%D8%B1%D8%A7%D9%86%D8%B3%D9%88%DB%8C-%D8%A7%D9%84-%D8%AC%DB%8C-%D9%85%D8%AF%D9%84-Majesty-MDF62 HTTP/1.1" 200 20640 "-" "Mozilla/5.0 (Linux; Android 6.0.1; Nexus 5X Build/MMB29P) AppleWebKit/537.36 (KHTML, like Gecko) Chrome/41.0.2272.96 Mobile Safari/537.36 (compatible; Googlebot/2.1; +http://www.google.com/bot.html)" "-",
66.249.66.194 - - [22/Jan/2019:04:18:21 +0330] "GET /m/filter/b1,b103,b118,b126,b135,b151,b168,b183,b185,b19,b192,b194,b213,b215,b218,b219,b224,b231,b238,b261,b3,b321,b36,b41,b435,b441,b442,b484,b497,b5,b50,b542,b543,b568,b573,b598,b603,b614,b619,b63,b647,b703,b723,b724,b74,b82,b878,b88,b880,b95,b99 HTTP/1.1" 200 26802 "-" "Mozilla/5.0 (Linux; Android 6.0.1; Nexus 5X Build/MMB29P) AppleWebKit/537.36 (KHTML, like Gecko) Chrome/41.0.2272.96 Mobile Safari/537.36 (compatible; Googlebot/2.1; +http://www.google.com/bot.html)" "-",
91.251.220.58 - - [22/Jan/2019:04:18:22 +0330] "GET /m HTTP/1.1" 200 17186 "http://www.ptcnovin.com/viewads/3CZ37HV2943BO974D66E3353352O55ZE40BH56510167H51659BC54767355147B16D5765V7594D57563O4EEU454BB7363UC496" "Mozilla/5.0 (Android 7.0; Mobile; rv:64.0) Gecko/64.0 Firefox/64.0" "-",
54.36.149.1 - - [22/Jan/2019:04:18:22 +0330] "GET /filter/p48%2Cv1%7C%D8%B3%D9%81%DB%8C%D8%AF%20%D8%B3%D8%B1%D9%85%D9%87%20%D8%A7%DB%8C%2Cv1%7C%D8%A2%D8%A8%DB%8C%20%D8%B1%D9%88%D8%B4%D9%86 HTTP/1.1" 200 32940 "-" "Mozilla/5.0 (compatible; AhrefsBot/6.1; +http://ahrefs.com/robot/)" "-",
34.247.132.53 - - [22/Jan/2019:04:18:22 +0330] "GET / HTTP/1.1" 200 29576 "-" "Mozilla/5.0 (Windows NT 10.0; Win64; x64) AppleWebKit/537.36 (KHTML, like Gecko) Chrome/63.0.3239.84 Safari/537.36" "-",
66.249.66.199 - - [22/Jan/2019:04:18:22 +0330] "GET /m/filter/b3,p18,v1%7C%D8%A7%D8%B3%D8%AA%DB%8C%D9%84%20%D9%85%D8%B4%DA%A9%DB%8C,v1%7C%D9%85%D8%B4%DA%A9%DB%8C HTTP/1.1" 200 18362 "-" "Mozilla/5.0 (Linux; Android 6.0.1; Nexus 5X Build/MMB29P) AppleWebKit/537.36 (KHTML, like Gecko) Chrome/41.0.2272.96 Mobile Safari/537.36 (compatible; Googlebot/2.1; +http://www.google.com/bot.html)" "-",
66.249.66.91 - - [22/Jan/2019:04:18:22 +0330] "GET /filter/b656%2Cb703%2Cb32%2Cb67%2Cb226%2Cb41%2Cb598%2Cb168%2Cb723%2Cb597%2Cb88%2Cb548%2Cb6%2Cb679%2Cb215%2Cb105%2Cb194%2Cb74%2Cb542%2Cb35%2Cb113%2Cb820%2Cb574%2Cb442%2Cb880%2Cb645%2Cb724%2Cb118%2Cb482%2Cb400%2Cb95%2Cb135%2Cb249%2Cb435%2Cb221%2Cb523%2Cb854%2Cb126%2Cstexists%2Cb216%2Cb217%2Cb152%2Cb99%2Cb188%2Cb209%2Cb192%2Cb213%2Cb136%2Cb218%2Cb4%2Cb648%2Cb701%2Cb20%2Cb573%2Cb647%2Cb874%2Cb883?page=4 HTTP/1.1" 200 40554 "-" "Mozilla/5.0 (compatible; Googlebot/2.1; +http://www.google.com/bot.html)" "-",
66.249.66.194 - - [22/Jan/2019:04:18:23 +0330] "GET /m/browse/beurer-thermometer/%D8%AA%D8%A8-%D8%B3%D9%86%D8%AC HTTP/1.1" 200 18665 "-" "Mozilla/5.0 (Linux; Android 6.0.1; Nexus 5X Build/MMB29P) AppleWebKit/537.36 (KHTML, like Gecko) Chrome/41.0.2272.96 Mobile Safari/537.36 (compatible; Googlebot/2.1; +http://www.google.com/bot.html)" "-",
5.211.97.39 - - [22/Jan/2019:04:18:23 +0330] "HEAD /amp_preconnect_polyfill_404_or_other_error_expected._Do_not_worry_about_it?1548118260000 HTTP/1.1" 404 0 "https://www.zanbil.ir/m/browse/dishwasher/%D9%85%D8%A7%D8%B4%DB%8C%D9%86-%D8%B8%D8%B1%D9%81%D8%B4%D9%88%DB%8C%DB%8C" "Mozilla/5.0 (iPhone; CPU iPhone OS 10_3_2 like Mac OS X) AppleWebKit/603.2.4 (KHTML, like Gecko) Version/10.0 Mobile/14F89 Safari/602.1" "-",
207.46.13.136 - - [22/Jan/2019:04:18:24 +0330] "GET /filter?f=p65%2Cv15%7C42+%D8%A7%DB%8C%D9%86%DA%86%2Ct32 HTTP/1.1" 200 30221 "-" "Mozilla/5.0 (compatible; bingbot/2.0; +http://www.bing.com/bingbot.htm)" "-",
91.251.220.58 - - [22/Jan/2019:04:18:24 +0330] "GET /settings/logo HTTP/1.1" 200 4120 "https://www.zanbil.ir/m" "Mozilla/5.0 (Android 7.0; Mobile; rv:64.0) Gecko/64.0 Firefox/64.0" "-",
66.249.66.93 - - [22/Jan/2019:04:18:24 +0330] "GET /image/10862?name=8888888.jpg&wh=200x200 HTTP/1.1" 200 3182 "-" "Googlebot-Image/1.0" "-",
91.251.220.58 - - [22/Jan/2019:04:18:25 +0330] "GET /image/8727/specialSale?role=mobile HTTP/1.1" 200 16076 "https://www.zanbil.ir/m" "Mozilla/5.0 (Android 7.0; Mobile; rv:64.0) Gecko/64.0 Firefox/64.0" "-",
91.251.220.58 - - [22/Jan/2019:04:18:25 +0330] "GET /image/8739/specialSale?role=mobile HTTP/1.1" 200 15350 "https://www.zanbil.ir/m" "Mozilla/5.0 (Android 7.0; Mobile; rv:64.0) Gecko/64.0 Firefox/64.0" "-",
91.251.220.58 - - [22/Jan/2019:04:18:25 +0330] "GET /image/8712/specialSale?role=mobile HTTP/1.1" 200 16330 "https://www.zanbil.ir/m" "Mozilla/5.0 (Android 7.0; Mobile; rv:64.0) Gecko/64.0 Firefox/64.0" "-",
91.251.220.58 - - [22/Jan/2019:04:18:25 +0330] "GET /image/1218/mainSlideMobile HTTP/1.1" 200 68123 "https://www.zanbil.ir/m" "Mozilla/5.0 (Android 7.0; Mobile; rv:64.0) Gecko/64.0 Firefox/64.0" "-",
66.249.66.194 - - [22/Jan/2019:04:18:25 +0330] "GET /m/product/16056/%D8%AA%D8%B5%D9%81%DB%8C%D9%87-%D9%87%D9%88%D8%A7-%D8%AF%D9%84%D9%88%D9%86%DA%AF%DB%8C-%D9%85%D8%AF%D9%84-Delonghi-Air-Purifier-AC150 HTTP/1.1" 200 20255 "-" "Mozilla/5.0 (Linux; Android 6.0.1; Nexus 5X Build/MMB29P) AppleWebKit/537.36 (KHTML, like Gecko) Chrome/41.0.2272.96 Mobile Safari/537.36 (compatible; Googlebot/2.1; +http://www.google.com/bot.html)" "-",
83.121.152.4 - - [22/Jan/2019:04:18:26 +0330] "GET /filter/p11905,v1%7C%D8%B3%D9%81%D8%A7%D8%B1%D8%B4%DB%8C HTTP/1.1" 302 0 "https://www.google.com/" "Mozilla/5.0 (Linux; Android 4.4.4; fa-ir; SAMSUNG GT-I9300I Build/KTU84P) AppleWebKit/537.36 (KHTML, like Gecko) Version/1.5 Chrome/28.0.1500.94 Mobile Safari/537.36" "-",
66.249.66.197 - - [22/Jan/2019:04:18:27 +0330] "GET /product/31260/%D9%BE%D9%86%DA%A9%D9%87-%D8%AF%DB%8C%D9%88%D8%A7%D8%B1%DB%8C-%D8%AA%D8%A7%DB%8C%D9%81%D9%88%D9%86-%D9%85%D8%AF%D9%84-%D8%B5%D9%86%D8%B9%D8%AA%DB%8C-65WL HTTP/1.1" 200 41345 "-" "Mozilla/5.0 (compatible; Googlebot/2.1; +http://www.google.com/bot.html)" "-",
207.46.13.136 - - [22/Jan/2019:04:18:27 +0330] "GET /image/32979?name=%D8%AA%D8%B5%D9%81%D9%8A%D9%87-%D8%A2%D8%A8-%D9%87%D9%8A%D9%88%D9%86%D8%AF%D8%A7%D9%8A-1.jpg&wh=max HTTP/1.1" 200 34112 "-" "Mozilla/5.0 (compatible; bingbot/2.0; +http://www.bing.com/bingbot.htm)" "-",
66.249.66.91 - - [22/Jan/2019:04:18:27 +0330] "GET /filter/b656%2Cb703%2Cb32%2Cb67%2Cb226%2Cb41%2Cb598%2Cb168%2Cb723%2Cb597%2Cb88%2Cb548%2Cb6%2Cb679%2Cb215%2Cb105%2Cb194%2Cb74%2Cb542%2Cb35%2Cb113%2Cb820%2Cb574%2Cb442%2Cb880%2Cb645%2Cb724%2Cb118%2Cb482%2Cb400%2Cb95%2Cb135%2Cb249%2Cb435%2Cb221%2Cb523%2Cb854%2Cb126%2Cstexists%2Cb216%2Cb217%2Cb152%2Cb99%2Cb188%2Cb209%2Cb192%2Cb213%2Cb136%2Cb218%2Cb4%2Cb648%2Cb701%2Cb20%2Cb573%2Cb647%2Cb874%2Cb883?page=8 HTTP/1.1" 200 41399 "-" "Mozilla/5.0 (compatible; Googlebot/2.1; +http://www.google.com/bot.html)" "-",
83.121.152.4 - - [22/Jan/2019:04:18:27 +0330] "GET /m/filter/p11905%2Cv1%7C%D8%B3%D9%81%D8%A7%D8%B1%D8%B4%DB%8C HTTP/1.1" 200 18853 "https://www.google.com/" "Mozilla/5.0 (Linux; Android 4.4.4; fa-ir; SAMSUNG GT-I9300I Build/KTU84P) AppleWebKit/537.36 (KHTML, like Gecko) Version/1.5 Chrome/28.0.1500.94 Mobile Safari/537.36" "-",
185.130.78.23 - - [22/Jan/2019:04:18:27 +0330] "GET / HTTP/1.1" 301 178 "http://www.zanbil.ir/" "Mozilla/5.0 (Windows; U; MSIE 9.0; WIndows NT 9.0; en-US))" "-",
86.55.46.218 - - [22/Jan/2019:04:18:27 +0330] "GET /image/2/productTypeMenu HTTP/1.1" 200 11 "https://www.zanbil.ir/product/10836?model=15663" "Mozilla/5.0 (Windows NT 10.0; Win64; x64) AppleWebKit/537.36 (KHTML, like Gecko) Chrome/71.0.3578.98 Safari/537.36" "-",
66.249.66.91 - - [22/Jan/2019:04:18:27 +0330] "GET /static/css/font/wyekan/font.woff HTTP/1.1" 200 28536 "-" "Mozilla/5.0 (Linux; Android 6.0.1; Nexus 5X Build/MMB29P) AppleWebKit/537.36 (KHTML, like Gecko) Chrome/41.0.2272.96 Mobile Safari/537.36 (compatible; Googlebot/2.1; +http://www.google.com/bot.html)" "-",
86.55.46.218 - - [22/Jan/2019:04:18:28 +0330] "GET /image/55/productTypeMenu HTTP/1.1" 200 11 "https://www.zanbil.ir/product/10836?model=15663" "Mozilla/5.0 (Windows NT 10.0; Win64; x64) AppleWebKit/537.36 (KHTML, like Gecko) Chrome/71.0.3578.98 Safari/537.36" "-",
86.55.46.218 - - [22/Jan/2019:04:18:28 +0330] "GET /image/32553/productTypeMenu HTTP/1.1" 200 11 "https://www.zanbil.ir/product/10836?model=15663" "Mozilla/5.0 (Windows NT 10.0; Win64; x64) AppleWebKit/537.36 (KHTML, like Gecko) Chrome/71.0.3578.98 Safari/537.36" "-",
86.55.46.218 - - [22/Jan/2019:04:18:29 +0330] "GET /image/46/productTypeMenu HTTP/1.1" 200 11 "https://www.zanbil.ir/product/10836?model=15663" "Mozilla/5.0 (Windows NT 10.0; Win64; x64) AppleWebKit/537.36 (KHTML, like Gecko) Chrome/71.0.3578.98 Safari/537.36" "-",
86.55.46.218 - - [22/Jan/2019:04:18:29 +0330] "GET /image/13794/productTypeMenu HTTP/1.1" 200 11 "https://www.zanbil.ir/product/10836?model=15663" "Mozilla/5.0 (Windows NT 10.0; Win64; x64) AppleWebKit/537.36 (KHTML, like Gecko) Chrome/71.0.3578.98 Safari/537.36" "-",
192.119.167.2 - - [22/Jan/2019:04:18:30 +0330] "GET /image/11947?name=11947-1-fw.jpg&wh=200x200 HTTP/1.1" 200 4167 "-" "Dalvik/2.1.0 (Linux; U; Android 7.0; SM-N920C Build/NRD90M)" "-",
66.249.66.92 - - [22/Jan/2019:04:18:30 +0330] "GET /filter/b36%2Cb41%2Cb598%2Cb168%2Cb103%2Cb614%2Cb88%2Cb19%2Cb194%2Cb35%2Cb321%2Cb5%2Cb261%2Cb442%2Cb484%2Cb723%2Cb573%2Cb192%2Cb724%2Cb435%2Cb183%2Cb542%2Cb63%2Cb497%2Cb619%2Cb613%2Cb126%2Cb74%2Cb441%2Cb568%2Cb880%2Cb647%2Cb185%2Cb584%2Cb224%2Cb213%2Cb3%2Cb570%2Cb198%2Cb238%2Cb485%2Cb574%2Cb186%2Cb548%2Cstexists%2Cb215%2Cb904%2Cb615%2Cb603%2Cb203%2Cb43%2Cb152%2Cb95%2Cb147%2Cb143%2Cb656%2Cb2%2Cb80%2Cb22%2Cb883%2Cb523%2Cb903%2Cb258?page=7 HTTP/1.1" 200 40880 "-" "Mozilla/5.0 (compatible; Googlebot/2.1; +http://www.google.com/bot.html)" "-",
66.249.66.194 - - [22/Jan/2019:04:18:30 +0330] "GET /product/28612/57468/%D8%A7%D8%AC%D8%A7%D9%82-%DA%AF%D8%A7%D8%B2-%D8%B5%D9%81%D8%AD%D9%87-%D8%A7%DB%8C-%D8%A7%D8%AE%D9%88%D8%A7%D9%86-%D9%85%D8%AF%D9%84-GI-137-S HTTP/1.1" 302 0 "-" "Mozilla/5.0 (Linux; Android 6.0.1; Nexus 5X Build/MMB29P) AppleWebKit/537.36 (KHTML, like Gecko) Chrome/41.0.2272.96 Mobile Safari/537.36 (compatible; Googlebot/2.1; +http://www.google.com/bot.html)" "-",
66.249.66.91 - - [22/Jan/2019:04:18:30 +0330] "GET /filter/b703%2Cb36%2Cb41%2Cb598%2Cb168%2Cb103%2Cb614%2Cb88%2Cb19%2Cb194%2Cb321%2Cb5%2Cb261%2Cb442%2Cb484%2Cb723%2Cb573%2Cb192%2Cb724%2Cb1%2Cb435%2Cb183%2Cb542%2Cb135%2Cb878%2Cb63%2Cb497%2Cb619%2Cb219%2Cb126%2Cb74%2Cb151%2Cb441%2Cb568%2Cb880%2Cb647%2Cb185%2Cb224%2Cb213%2Cb50%2Cb3%2Cb231%2Cb99%2Cb238%2Cb82%2Cb215%2Cb95%2Cb218%2Cb118%2Cb543%2Cb603?page=210 HTTP/1.1" 200 40634 "-" "Mozilla/5.0 (compatible; Googlebot/2.1; +http://www.google.com/bot.html)" "-",
83.121.152.4 - - [22/Jan/2019:04:18:31 +0330] "GET /settings/logo HTTP/1.1" 200 4120 "https://www.zanbil.ir/m/filter/p11905%2Cv1%7C%D8%B3%D9%81%D8%A7%D8%B1%D8%B4%DB%8C" "Mozilla/5.0 (Linux; Android 4.4.4; fa-ir; SAMSUNG GT-I9300I Build/KTU84P) AppleWebKit/537.36 (KHTML, like Gecko) Version/1.5 Chrome/28.0.1500.94 Mobile Safari/537.36" "-",
83.121.152.4 - - [22/Jan/2019:04:18:31 +0330] "GET /image/18889/productModel/200x200 HTTP/1.1" 200 4648 "https://www.zanbil.ir/m/filter/p11905%2Cv1%7C%D8%B3%D9%81%D8%A7%D8%B1%D8%B4%DB%8C" "Mozilla/5.0 (Linux; Android 4.4.4; fa-ir; SAMSUNG GT-I9300I Build/KTU84P) AppleWebKit/537.36 (KHTML, like Gecko) Version/1.5 Chrome/28.0.1500.94 Mobile Safari/537.36" "-",
83.121.152.4 - - [22/Jan/2019:04:18:31 +0330] "GET /image/28270/productModel/200x200 HTTP/1.1" 200 3849 "https://www.zanbil.ir/m/filter/p11905%2Cv1%7C%D8%B3%D9%81%D8%A7%D8%B1%D8%B4%DB%8C" "Mozilla/5.0 (Linux; Android 4.4.4; fa-ir; SAMSUNG GT-I9300I Build/KTU84P) AppleWebKit/537.36 (KHTML, like Gecko) Version/1.5 Chrome/28.0.1500.94 Mobile Safari/537.36" "-",
83.121.152.4 - - [22/Jan/2019:04:18:31 +0330] "GET /image/24245/productModel/200x200 HTTP/1.1" 200 4195 "https://www.zanbil.ir/m/filter/p11905%2Cv1%7C%D8%B3%D9%81%D8%A7%D8%B1%D8%B4%DB%8C" "Mozilla/5.0 (Linux; Android 4.4.4; fa-ir; SAMSUNG GT-I9300I Build/KTU84P) AppleWebKit/537.36 (KHTML, like Gecko) Version/1.5 Chrome/28.0.1500.94 Mobile Safari/537.36" "-",
83.121.152.4 - - [22/Jan/2019:04:18:31 +0330] "GET /image/18908/productModel/200x200 HTTP/1.1" 200 4684 "https://www.zanbil.ir/m/filter/p11905%2Cv1%7C%D8%B3%D9%81%D8%A7%D8%B1%D8%B4%DB%8C" "Mozilla/5.0 (Linux; Android 4.4.4; fa-ir; SAMSUNG GT-I9300I Build/KTU84P) AppleWebKit/537.36 (KHTML, like Gecko) Version/1.5 Chrome/28.0.1500.94 Mobile Safari/537.36" "-",
83.121.152.4 - - [22/Jan/2019:04:18:31 +0330] "GET /image/23919/productModel/200x200 HTTP/1.1" 200 5172 "https://www.zanbil.ir/m/filter/p11905%2Cv1%7C%D8%B3%D9%81%D8%A7%D8%B1%D8%B4%DB%8C" "Mozilla/5.0 (Linux; Android 4.4.4; fa-ir; SAMSUNG GT-I9300I Build/KTU84P) AppleWebKit/537.36 (KHTML, like Gecko) Version/1.5 Chrome/28.0.1500.94 Mobile Safari/537.36" "-",
83.121.152.4 - - [22/Jan/2019:04:18:31 +0330] "GET /image/23989/productModel/200x200 HTTP/1.1" 200 4665 "https://www.zanbil.ir/m/filter/p11905%2Cv1%7C%D8%B3%D9%81%D8%A7%D8%B1%D8%B4%DB%8C" "Mozilla/5.0 (Linux; Android 4.4.4; fa-ir; SAMSUNG GT-I9300I Build/KTU84P) AppleWebKit/537.36 (KHTML, like Gecko) Version/1.5 Chrome/28.0.1500.94 Mobile Safari/537.36" "-",
207.46.13.136 - - [22/Jan/2019:04:18:31 +0330] "GET /filter/b1,b103,b105,b109,b111,b113,b118,b135,b144,b176,b186,b221,b261,b291,b442,b481,b52,b598,b615,b734,b77,b83 HTTP/1.1" 200 38102 "-" "Mozilla/5.0 (compatible; bingbot/2.0; +http://www.bing.com/bingbot.htm)" "-",
86.55.46.218 - - [22/Jan/2019:04:18:32 +0330] "GET /image/57/productTypeMenu HTTP/1.1" 200 11 "https://www.zanbil.ir/product/10836?model=15663" "Mozilla/5.0 (Windows NT 10.0; Win64; x64) AppleWebKit/537.36 (KHTML, like Gecko) Chrome/71.0.3578.98 Safari/537.36" "-",
86.55.46.218 - - [22/Jan/2019:04:18:32 +0330] "GET /image/31385/productTypeMenu HTTP/1.1" 200 11 "https://www.zanbil.ir/product/10836?model=15663" "Mozilla/5.0 (Windows NT 10.0; Win64; x64) AppleWebKit/537.36 (KHTML, like Gecko) Chrome/71.0.3578.98 Safari/537.36" "-",
86.55.46.218 - - [22/Jan/2019:04:18:32 +0330] "GET /image/62/productTypeMenu HTTP/1.1" 200 11 "https://www.zanbil.ir/product/10836?model=15663" "Mozilla/5.0 (Windows NT 10.0; Win64; x64) AppleWebKit/537.36 (KHTML, like Gecko) Chrome/71.0.3578.98 Safari/537.36" "-",
204.18.36.198 - - [22/Jan/2019:04:18:32 +0330] "GET /image/30960?name=md734-3.jpg&wh=200x200 HTTP/1.1" 200 3648 "-" "Dalvik/2.1.0 (Linux; U; Android 7.0; HUAWEI VNS-L21 Build/HUAWEIVNS-L21)" "-",
66.249.66.194 - - [22/Jan/2019:04:18:33 +0330] "GET /m/product/28612/57468/%D8%A7%D8%AC%D8%A7%D9%82-%DA%AF%D8%A7%D8%B2-%D8%B5%D9%81%D8%AD%D9%87-%D8%A7%DB%8C-%D8%A7%D8%AE%D9%88%D8%A7%D9%86-%D9%85%D8%AF%D9%84-GI-137-S HTTP/1.1" 200 20882 "-" "Mozilla/5.0 (Linux; Android 6.0.1; Nexus 5X Build/MMB29P) AppleWebKit/537.36 (KHTML, like Gecko) Chrome/41.0.2272.96 Mobile Safari/537.36 (compatible; Googlebot/2.1; +http://www.google.com/bot.html)" "-",
204.18.36.198 - - [22/Jan/2019:04:18:33 +0330] "GET /image/33719?name=des-2700gw-11.jpg&wh=200x200 HTTP/1.1" 200 3274 "-" "Dalvik/2.1.0 (Linux; U; Android 7.0; HUAWEI VNS-L21 Build/HUAWEIVNS-L21)" "-",
83.121.152.4 - - [22/Jan/2019:04:18:33 +0330] "GET /image/8713/specialSale?role=mobile HTTP/1.1" 200 16301 "https://www.zanbil.ir/m/filter/p11905%2Cv1%7C%D8%B3%D9%81%D8%A7%D8%B1%D8%B4%DB%8C" "Mozilla/5.0 (Linux; Android 4.4.4; fa-ir; SAMSUNG GT-I9300I Build/KTU84P) AppleWebKit/537.36 (KHTML, like Gecko) Version/1.5 Chrome/28.0.1500.94 Mobile Safari/537.36" "-",
83.121.152.4 - - [22/Jan/2019:04:18:33 +0330] "GET /image/1215/mainSlideMobile HTTP/1.1" 200 69159 "https://www.zanbil.ir/m/filter/p11905%2Cv1%7C%D8%B3%D9%81%D8%A7%D8%B1%D8%B4%DB%8C" "Mozilla/5.0 (Linux; Android 4.4.4; fa-ir; SAMSUNG GT-I9300I Build/KTU84P) AppleWebKit/537.36 (KHTML, like Gecko) Version/1.5 Chrome/28.0.1500.94 Mobile Safari/537.36" "-",
83.121.152.4 - - [22/Jan/2019:04:18:33 +0330] "GET /image/573/brand HTTP/1.1" 200 2576 "https://www.zanbil.ir/m/filter/p11905%2Cv1%7C%D8%B3%D9%81%D8%A7%D8%B1%D8%B4%DB%8C" "Mozilla/5.0 (Linux; Android 4.4.4; fa-ir; SAMSUNG GT-I9300I Build/KTU84P) AppleWebKit/537.36 (KHTML, like Gecko) Version/1.5 Chrome/28.0.1500.94 Mobile Safari/537.36" "-",
83.121.152.4 - - [22/Jan/2019:04:18:33 +0330] "GET /image/546/brand HTTP/1.1" 200 2088 "https://www.zanbil.ir/m/filter/p11905%2Cv1%7C%D8%B3%D9%81%D8%A7%D8%B1%D8%B4%DB%8C" "Mozilla/5.0 (Linux; Android 4.4.4; fa-ir; SAMSUNG GT-I9300I Build/KTU84P) AppleWebKit/537.36 (KHTML, like Gecko) Version/1.5 Chrome/28.0.1500.94 Mobile Safari/537.36" "-",
83.121.152.4 - - [22/Jan/2019:04:18:33 +0330] "GET /image/18880/productModel/200x200 HTTP/1.1" 200 4246 "https://www.zanbil.ir/m/filter/p11905%2Cv1%7C%D8%B3%D9%81%D8%A7%D8%B1%D8%B4%DB%8C" "Mozilla/5.0 (Linux; Android 4.4.4; fa-ir; SAMSUNG GT-I9300I Build/KTU84P) AppleWebKit/537.36 (KHTML, like Gecko) Version/1.5 Chrome/28.0.1500.94 Mobile Safari/537.36" "-",
83.121.152.4 - - [22/Jan/2019:04:18:33 +0330] "GET /image/46715/productModel/200x200 HTTP/1.1" 200 5203 "https://www.zanbil.ir/m/filter/p11905%2Cv1%7C%D8%B3%D9%81%D8%A7%D8%B1%D8%B4%DB%8C" "Mozilla/5.0 (Linux; Android 4.4.4; fa-ir; SAMSUNG GT-I9300I Build/KTU84P) AppleWebKit/537.36 (KHTML, like Gecko) Version/1.5 Chrome/28.0.1500.94 Mobile Safari/537.36" "-",
204.18.36.198 - - [22/Jan/2019:04:18:33 +0330] "GET /image/31614?name=230.jpg&wh=200x200 HTTP/1.1" 200 2915 "-" "Dalvik/2.1.0 (Linux; U; Android 7.0; HUAWEI VNS-L21 Build/HUAWEIVNS-L21)" "-",
83.121.152.4 - - [22/Jan/2019:04:18:33 +0330] "GET /image/8728/specialSale?role=mobile HTTP/1.1" 200 16098 "https://www.zanbil.ir/m/filter/p11905%2Cv1%7C%D8%B3%D9%81%D8%A7%D8%B1%D8%B4%DB%8C" "Mozilla/5.0 (Linux; Android 4.4.4; fa-ir; SAMSUNG GT-I9300I Build/KTU84P) AppleWebKit/537.36 (KHTML, like Gecko) Version/1.5 Chrome/28.0.1500.94 Mobile Safari/537.36" "-",
83.121.152.4 - - [22/Jan/2019:04:18:33 +0330] "GET /image/441/brand HTTP/1.1" 200 2349 "https://www.zanbil.ir/m/filter/p11905%2Cv1%7C%D8%B3%D9%81%D8%A7%D8%B1%D8%B4%DB%8C" "Mozilla/5.0 (Linux; Android 4.4.4; fa-ir; SAMSUNG GT-I9300I Build/KTU84P) AppleWebKit/537.36 (KHTML, like Gecko) Version/1.5 Chrome/28.0.1500.94 Mobile Safari/537.36" "-",
207.46.13.136 - - [22/Jan/2019:04:18:34 +0330] "GET /filter/b135,b256,b862 HTTP/1.1" 200 35832 "-" "Mozilla/5.0 (compatible; bingbot/2.0; +http://www.bing.com/bingbot.htm)" "-",
80.210.245.49 - - [22/Jan/2019:04:18:34 +0330] "GET /product/23198/%D8%B1%DB%8C%D8%B4-%D8%AA%D8%B1%D8%A7%D8%B4-%D8%AF%D9%88%D8%A7%D8%B1-%D9%81%DB%8C%D9%84%DB%8C%D9%BE%D8%B3-%D9%85%D8%AF%D9%84-PHILIPS-Shaver-S7530 HTTP/1.1" 200 42185 "https://www.google.com/" "Mozilla/5.0 (Windows NT 6.1; Win64; x64) AppleWebKit/537.36 (KHTML, like Gecko) Chrome/71.0.3578.98 Safari/537.36" "-",
46.51.102.38 - - [22/Jan/2019:04:18:34 +0330] "GET /image/34109?name=1400edtion-1400-0457-1.jpg&wh=200x200 HTTP/1.1" 200 3132 "https://torob.com/p/853d74e2-1535-4efe-b7a8-a0e6a3d44bf2/%D9%85%D8%A7%D8%B4%DB%8C%D9%86-%D8%A7%D8%B5%D9%84%D8%A7%D8%AD-%D9%85%D9%88%D8%B2%D8%B1-%D9%85%D8%AF%D9%84-0087-1400/" "Mozilla/5.0 (Linux; Android 8.0.0; ALP-L29 Build/HUAWEIALP-L29) AppleWebKit/537.36 (KHTML, like Gecko) Chrome/64.0.3282.137 Mobile Safari/537.36" "-",
46.51.102.38 - - [22/Jan/2019:04:18:34 +0330] "GET /image/34107?name=1400-0268-1400white-1.jpg&wh=200x200 HTTP/1.1" 200 2784 "https://torob.com/p/853d74e2-1535-4efe-b7a8-a0e6a3d44bf2/%D9%85%D8%A7%D8%B4%DB%8C%D9%86-%D8%A7%D8%B5%D9%84%D8%A7%D8%AD-%D9%85%D9%88%D8%B2%D8%B1-%D9%85%D8%AF%D9%84-0087-1400/" "Mozilla/5.0 (Linux; Android 8.0.0; ALP-L29 Build/HUAWEIALP-L29) AppleWebKit/537.36 (KHTML, like Gecko) Chrome/64.0.3282.137 Mobile Safari/537.36" "-",
207.46.13.136 - - [22/Jan/2019:04:18:34 +0330] "GET /filter/b1,b103,b105,b109,b111,b113,b135,b144,b176,b186,b221,b261,b291,b441,b481,b52,b598,b615,b647,b74,b77,b83 HTTP/1.1" 200 37888 "-" "Mozilla/5.0 (compatible; bingbot/2.0; +http://www.bing.com/bingbot.htm)" "-",
80.210.245.49 - - [22/Jan/2019:04:18:34 +0330] "GET /static/js/date-conversion.min.js HTTP/1.1" 200 608 "https://www.zanbil.ir/product/23198/%D8%B1%DB%8C%D8%B4-%D8%AA%D8%B1%D8%A7%D8%B4-%D8%AF%D9%88%D8%A7%D8%B1-%D9%81%DB%8C%D9%84%DB%8C%D9%BE%D8%B3-%D9%85%D8%AF%D9%84-PHILIPS-Shaver-S7530" "Mozilla/5.0 (Windows NT 6.1; Win64; x64) AppleWebKit/537.36 (KHTML, like Gecko) Chrome/71.0.3578.98 Safari/537.36" "-",
80.210.245.49 - - [22/Jan/2019:04:18:34 +0330] "GET /static/js/highcharts.min.js HTTP/1.1" 200 70590 "https://www.zanbil.ir/product/23198/%D8%B1%DB%8C%D8%B4-%D8%AA%D8%B1%D8%A7%D8%B4-%D8%AF%D9%88%D8%A7%D8%B1-%D9%81%DB%8C%D9%84%DB%8C%D9%BE%D8%B3-%D9%85%D8%AF%D9%84-PHILIPS-Shaver-S7530" "Mozilla/5.0 (Windows NT 6.1; Win64; x64) AppleWebKit/537.36 (KHTML, like Gecko) Chrome/71.0.3578.98 Safari/537.36" "-",
80.210.245.49 - - [22/Jan/2019:04:18:34 +0330] "GET /static/bundle-bundle_site_head.css HTTP/1.1" 200 55531 "https://www.zanbil.ir/product/23198/%D8%B1%DB%8C%D8%B4-%D8%AA%D8%B1%D8%A7%D8%B4-%D8%AF%D9%88%D8%A7%D8%B1-%D9%81%DB%8C%D9%84%DB%8C%D9%BE%D8%B3-%D9%85%D8%AF%D9%84-PHILIPS-Shaver-S7530" "Mozilla/5.0 (Windows NT 6.1; Win64; x64) AppleWebKit/537.36 (KHTML, like Gecko) Chrome/71.0.3578.98 Safari/537.36" "-",
80.210.245.49 - - [22/Jan/2019:04:18:34 +0330] "GET /image/%7B%7BbasketItem.id%7D%7D?type=productModel&wh=50x50 HTTP/1.1" 200 5 "https://www.zanbil.ir/product/23198/%D8%B1%DB%8C%D8%B4-%D8%AA%D8%B1%D8%A7%D8%B4-%D8%AF%D9%88%D8%A7%D8%B1-%D9%81%DB%8C%D9%84%DB%8C%D9%BE%D8%B3-%D9%85%D8%AF%D9%84-PHILIPS-Shaver-S7530" "Mozilla/5.0 (Windows NT 6.1; Win64; x64) AppleWebKit/537.36 (KHTML, like Gecko) Chrome/71.0.3578.98 Safari/537.36" "-",
80.210.245.49 - - [22/Jan/2019:04:18:35 +0330] "GET /static/images/not-exists.png HTTP/1.1" 200 2471 "https://www.zanbil.ir/product/23198/%D8%B1%DB%8C%D8%B4-%D8%AA%D8%B1%D8%A7%D8%B4-%D8%AF%D9%88%D8%A7%D8%B1-%D9%81%DB%8C%D9%84%DB%8C%D9%BE%D8%B3-%D9%85%D8%AF%D9%84-PHILIPS-Shaver-S7530" "Mozilla/5.0 (Windows NT 6.1; Win64; x64) AppleWebKit/537.36 (KHTML, like Gecko) Chrome/71.0.3578.98 Safari/537.36" "-",
80.210.245.49 - - [22/Jan/2019:04:18:35 +0330] "GET /image/23198/product/50x50 HTTP/1.1" 200 1024 "https://www.zanbil.ir/product/23198/%D8%B1%DB%8C%D8%B4-%D8%AA%D8%B1%D8%A7%D8%B4-%D8%AF%D9%88%D8%A7%D8%B1-%D9%81%DB%8C%D9%84%DB%8C%D9%BE%D8%B3-%D9%85%D8%AF%D9%84-PHILIPS-Shaver-S7530" "Mozilla/5.0 (Windows NT 6.1; Win64; x64) AppleWebKit/537.36 (KHTML, like Gecko) Chrome/71.0.3578.98 Safari/537.36" "-",
80.210.245.49 - - [22/Jan/2019:04:18:35 +0330] "GET /image/3/brand HTTP/1.1" 200 2885 "https://www.zanbil.ir/product/23198/%D8%B1%DB%8C%D8%B4-%D8%AA%D8%B1%D8%A7%D8%B4-%D8%AF%D9%88%D8%A7%D8%B1-%D9%81%DB%8C%D9%84%DB%8C%D9%BE%D8%B3-%D9%85%D8%AF%D9%84-PHILIPS-Shaver-S7530" "Mozilla/5.0 (Windows NT 6.1; Win64; x64) AppleWebKit/537.36 (KHTML, like Gecko) Chrome/71.0.3578.98 Safari/537.36" "-",
80.210.245.49 - - [22/Jan/2019:04:18:35 +0330] "GET /plugins/ckeditor-3.6.2.2/js/ckeditor/ckeditor.js HTTP/1.1" 302 0 "https://www.zanbil.ir/product/23198/%D8%B1%DB%8C%D8%B4-%D8%AA%D8%B1%D8%A7%D8%B4-%D8%AF%D9%88%D8%A7%D8%B1-%D9%81%DB%8C%D9%84%DB%8C%D9%BE%D8%B3-%D9%85%D8%AF%D9%84-PHILIPS-Shaver-S7530" "Mozilla/5.0 (Windows NT 6.1; Win64; x64) AppleWebKit/537.36 (KHTML, like Gecko) Chrome/71.0.3578.98 Safari/537.36" "-",
80.210.245.49 - - [22/Jan/2019:04:18:35 +0330] "GET /static/images/zanbil/Information-Icon.png HTTP/1.1" 200 1429 "https://www.zanbil.ir/product/23198/%D8%B1%DB%8C%D8%B4-%D8%AA%D8%B1%D8%A7%D8%B4-%D8%AF%D9%88%D8%A7%D8%B1-%D9%81%DB%8C%D9%84%DB%8C%D9%BE%D8%B3-%D9%85%D8%AF%D9%84-PHILIPS-Shaver-S7530" "Mozilla/5.0 (Windows NT 6.1; Win64; x64) AppleWebKit/537.36 (KHTML, like Gecko) Chrome/71.0.3578.98 Safari/537.36" "-",
83.121.152.4 - - [22/Jan/2019:04:18:35 +0330] "GET /image/8716/specialSale?role=mobile HTTP/1.1" 200 16298 "https://www.zanbil.ir/m/filter/p11905%2Cv1%7C%D8%B3%D9%81%D8%A7%D8%B1%D8%B4%DB%8C" "Mozilla/5.0 (Linux; Android 4.4.4; fa-ir; SAMSUNG GT-I9300I Build/KTU84P) AppleWebKit/537.36 (KHTML, like Gecko) Version/1.5 Chrome/28.0.1500.94 Mobile Safari/537.36" "-",
80.210.245.49 - - [22/Jan/2019:04:18:35 +0330] "GET /static/plugins/ckeditor-3.6.2.2/js/ckeditor/ckeditor.min.js HTTP/1.1" 200 116467 "https://www.zanbil.ir/product/23198/%D8%B1%DB%8C%D8%B4-%D8%AA%D8%B1%D8%A7%D8%B4-%D8%AF%D9%88%D8%A7%D8%B1-%D9%81%DB%8C%D9%84%DB%8C%D9%BE%D8%B3-%D9%85%D8%AF%D9%84-PHILIPS-Shaver-S7530" "Mozilla/5.0 (Windows NT 6.1; Win64; x64) AppleWebKit/537.36 (KHTML, like Gecko) Chrome/71.0.3578.98 Safari/537.36" "-",
83.121.152.4 - - [22/Jan/2019:04:18:35 +0330] "GET /image/8724/specialSale?role=mobile HTTP/1.1" 200 15950 "https://www.zanbil.ir/m/filter/p11905%2Cv1%7C%D8%B3%D9%81%D8%A7%D8%B1%D8%B4%DB%8C" "Mozilla/5.0 (Linux; Android 4.4.4; fa-ir; SAMSUNG GT-I9300I Build/KTU84P) AppleWebKit/537.36 (KHTML, like Gecko) Version/1.5 Chrome/28.0.1500.94 Mobile Safari/537.36" "-",
83.121.152.4 - - [22/Jan/2019:04:18:35 +0330] "GET /image/548/brand HTTP/1.1" 200 1848 "https://www.zanbil.ir/m/filter/p11905%2Cv1%7C%D8%B3%D9%81%D8%A7%D8%B1%D8%B4%DB%8C" "Mozilla/5.0 (Linux; Android 4.4.4; fa-ir; SAMSUNG GT-I9300I Build/KTU84P) AppleWebKit/537.36 (KHTML, like Gecko) Version/1.5 Chrome/28.0.1500.94 Mobile Safari/537.36" "-",
80.210.245.49 - - [22/Jan/2019:04:18:35 +0330] "GET /static/bundle-bundle_site_defer.min.js HTTP/1.1" 200 185207 "https://www.zanbil.ir/product/23198/%D8%B1%DB%8C%D8%B4-%D8%AA%D8%B1%D8%A7%D8%B4-%D8%AF%D9%88%D8%A7%D8%B1-%D9%81%DB%8C%D9%84%DB%8C%D9%BE%D8%B3-%D9%85%D8%AF%D9%84-PHILIPS-Shaver-S7530" "Mozilla/5.0 (Windows NT 6.1; Win64; x64) AppleWebKit/537.36 (KHTML, like Gecko) Chrome/71.0.3578.98 Safari/537.36" "-",
66.249.66.194 - - [22/Jan/2019:04:18:35 +0330] "GET /product/25852/53139/%D8%B3%D8%A7%D8%B2%D8%AF%D9%87%D9%86%DB%8C-%DA%A9%D8%B1%D9%88%D9%85%D8%A7%D8%AA%DB%8C%DA%A9-HOHNER-%D9%85%D8%AF%D9%84-%DA%A9%D8%B1%D9%88%D9%85%D9%88%D9%86%DB%8C%DA%A9%D8%A7-260 HTTP/1.1" 302 0 "-" "Mozilla/5.0 (Linux; Android 6.0.1; Nexus 5X Build/MMB29P) AppleWebKit/537.36 (KHTML, like Gecko) Chrome/41.0.2272.96 Mobile Safari/537.36 (compatible; Googlebot/2.1; +http://www.google.com/bot.html)" "-",
80.210.245.49 - - [22/Jan/2019:04:18:35 +0330] "GET /image/23198?name=shaver-philips-s7530-24ce8fcb.jpg&wh=300x300 HTTP/1.1" 200 6380 "https://www.zanbil.ir/product/23198/%D8%B1%DB%8C%D8%B4-%D8%AA%D8%B1%D8%A7%D8%B4-%D8%AF%D9%88%D8%A7%D8%B1-%D9%81%DB%8C%D9%84%DB%8C%D9%BE%D8%B3-%D9%85%D8%AF%D9%84-PHILIPS-Shaver-S7530" "Mozilla/5.0 (Windows NT 6.1; Win64; x64) AppleWebKit/537.36 (KHTML, like Gecko) Chrome/71.0.3578.98 Safari/537.36" "-",
80.210.245.49 - - [22/Jan/2019:04:18:35 +0330] "GET /image/23198?name=l34047445s753066666666.jpg&wh=300x300 HTTP/1.1" 200 9244 "https://www.zanbil.ir/product/23198/%D8%B1%DB%8C%D8%B4-%D8%AA%D8%B1%D8%A7%D8%B4-%D8%AF%D9%88%D8%A7%D8%B1-%D9%81%DB%8C%D9%84%DB%8C%D9%BE%D8%B3-%D9%85%D8%AF%D9%84-PHILIPS-Shaver-S7530" "Mozilla/5.0 (Windows NT 6.1; Win64; x64) AppleWebKit/537.36 (KHTML, like Gecko) Chrome/71.0.3578.98 Safari/537.36" "-",
80.210.245.49 - - [22/Jan/2019:04:18:35 +0330] "GET /image/23198?name=l34047445s753066666666.jpg&wh=max HTTP/1.1" 200 33811 "https://www.zanbil.ir/product/23198/%D8%B1%DB%8C%D8%B4-%D8%AA%D8%B1%D8%A7%D8%B4-%D8%AF%D9%88%D8%A7%D8%B1-%D9%81%DB%8C%D9%84%DB%8C%D9%BE%D8%B3-%D9%85%D8%AF%D9%84-PHILIPS-Shaver-S7530" "Mozilla/5.0 (Windows NT 6.1; Win64; x64) AppleWebKit/537.36 (KHTML, like Gecko) Chrome/71.0.3578.98 Safari/537.36" "-",
80.210.245.49 - - [22/Jan/2019:04:18:35 +0330] "GET /image/23198?name=shaver-philips-s7530-24ce8fcb.jpg&wh=max HTTP/1.1" 200 126549 "https://www.zanbil.ir/product/23198/%D8%B1%DB%8C%D8%B4-%D8%AA%D8%B1%D8%A7%D8%B4-%D8%AF%D9%88%D8%A7%D8%B1-%D9%81%DB%8C%D9%84%DB%8C%D9%BE%D8%B3-%D9%85%D8%AF%D9%84-PHILIPS-Shaver-S7530" "Mozilla/5.0 (Windows NT 6.1; Win64; x64) AppleWebKit/537.36 (KHTML, like Gecko) Chrome/71.0.3578.98 Safari/537.36" "-",
66.249.66.194 - - [22/Jan/2019:04:18:35 +0330] "GET /m/product/25852/53139/%D8%B3%D8%A7%D8%B2%D8%AF%D9%87%D9%86%DB%8C-%DA%A9%D8%B1%D9%88%D9%85%D8%A7%D8%AA%DB%8C%DA%A9-HOHNER-%D9%85%D8%AF%D9%84-%DA%A9%D8%B1%D9%88%D9%85%D9%88%D9%86%DB%8C%DA%A9%D8%A7-260 HTTP/1.1" 404 32444 "-" "Mozilla/5.0 (Linux; Android 6.0.1; Nexus 5X Build/MMB29P) AppleWebKit/537.36 (KHTML, like Gecko) Chrome/41.0.2272.96 Mobile Safari/537.36 (compatible; Googlebot/2.1; +http://www.google.com/bot.html)" "-",
66.249.66.194 - - [22/Jan/2019:04:18:36 +0330] "GET /m/search/%D8%B3%D8%A7%D9%85%D8%B3%D9%88%D9%86%DA%AF%20l%20710/ HTTP/1.1" 200 17572 "-" "Mozilla/5.0 (Linux; Android 6.0.1; Nexus 5X Build/MMB29P) AppleWebKit/537.36 (KHTML, like Gecko) Chrome/41.0.2272.96 Mobile Safari/537.36 (compatible; Googlebot/2.1; +http://www.google.com/bot.html)" "-",
91.251.220.58 - - [22/Jan/2019:04:18:36 +0330] "GET / HTTP/1.1" 302 0 "http://www.ptcnovin.com/viewads/3CZ37HV2943BO974D66E3353352O55ZE40BH56510167H51659BC54767355147B16D5765V7594D57563O4EEU454BB7363UC496" "Mozilla/5.0 (Android 7.0; Mobile; rv:64.0) Gecko/64.0 Firefox/64.0" "-",
80.210.245.49 - - [22/Jan/2019:04:18:36 +0330] "GET /static/images/loading.gif HTTP/1.1" 200 7370 "https://znbl.ir/static/bundle-bundle_site_head.css" "Mozilla/5.0 (Windows NT 6.1; Win64; x64) AppleWebKit/537.36 (KHTML, like Gecko) Chrome/71.0.3578.98 Safari/537.36" "-",
80.210.245.49 - - [22/Jan/2019:04:18:36 +0330] "GET /static/css/font/wyekan/font.woff HTTP/1.1" 200 28536 "https://znbl.ir/static/bundle-bundle_site_head.css" "Mozilla/5.0 (Windows NT 6.1; Win64; x64) AppleWebKit/537.36 (KHTML, like Gecko) Chrome/71.0.3578.98 Safari/537.36" "-",
80.210.245.49 - - [22/Jan/2019:04:18:36 +0330] "GET /static/css/font_awesome/fonts/fontawesome-webfont.woff2?v=4.7.0 HTTP/1.1" 200 77171 "https://znbl.ir/static/bundle-bundle_site_head.css" "Mozilla/5.0 (Windows NT 6.1; Win64; x64) AppleWebKit/537.36 (KHTML, like Gecko) Chrome/71.0.3578.98 Safari/537.36" "-",
80.210.245.49 - - [22/Jan/2019:04:18:36 +0330] "GET /settings/logo HTTP/1.1" 200 4120 "https://www.zanbil.ir/product/23198/%D8%B1%DB%8C%D8%B4-%D8%AA%D8%B1%D8%A7%D8%B4-%D8%AF%D9%88%D8%A7%D8%B1-%D9%81%DB%8C%D9%84%DB%8C%D9%BE%D8%B3-%D9%85%D8%AF%D9%84-PHILIPS-Shaver-S7530" "Mozilla/5.0 (Windows NT 6.1; Win64; x64) AppleWebKit/537.36 (KHTML, like Gecko) Chrome/71.0.3578.98 Safari/537.36" "-",
80.210.245.49 - - [22/Jan/2019:04:18:36 +0330] "GET /static/images/zanbil-kharid.png HTTP/1.1" 200 358 "https://znbl.ir/static/bundle-bundle_site_head.css" "Mozilla/5.0 (Windows NT 6.1; Win64; x64) AppleWebKit/537.36 (KHTML, like Gecko) Chrome/71.0.3578.98 Safari/537.36" "-",
5.117.0.124 - - [22/Jan/2019:04:18:36 +0330] "GET /browse/women-shackles/%D9%BE%D8%A7%D8%A8%D9%86%D8%AF-%D8%B2%D9%86%D8%A7%D9%86%D9%87 HTTP/1.1" 200 28238 "https://www.google.com/" "Mozilla/5.0 (X11; Linux x86_64) AppleWebKit/537.36 (KHTML, like Gecko) Chrome/70.0.3538.80 Safari/537.36" "-",
80.210.245.49 - - [22/Jan/2019:04:18:36 +0330] "GET /static/images/icons/btn-search.png HTTP/1.1" 200 393 "https://znbl.ir/static/bundle-bundle_site_head.css" "Mozilla/5.0 (Windows NT 6.1; Win64; x64) AppleWebKit/537.36 (KHTML, like Gecko) Chrome/71.0.3578.98 Safari/537.36" "-",
80.210.245.49 - - [22/Jan/2019:04:18:36 +0330] "GET /static/images/search-category-arrow.png HTTP/1.1" 200 217 "https://znbl.ir/static/bundle-bundle_site_head.css" "Mozilla/5.0 (Windows NT 6.1; Win64; x64) AppleWebKit/537.36 (KHTML, like Gecko) Chrome/71.0.3578.98 Safari/537.36" "-",
80.210.245.49 - - [22/Jan/2019:04:18:36 +0330] "GET /images/raty/star-on.png HTTP/1.1" 302 0 "https://www.zanbil.ir/product/23198/%D8%B1%DB%8C%D8%B4-%D8%AA%D8%B1%D8%A7%D8%B4-%D8%AF%D9%88%D8%A7%D8%B1-%D9%81%DB%8C%D9%84%DB%8C%D9%BE%D8%B3-%D9%85%D8%AF%D9%84-PHILIPS-Shaver-S7530" "Mozilla/5.0 (Windows NT 6.1; Win64; x64) AppleWebKit/537.36 (KHTML, like Gecko) Chrome/71.0.3578.98 Safari/537.36" "-",
80.210.245.49 - - [22/Jan/2019:04:18:36 +0330] "GET /static/images/raty/star-on.png HTTP/1.1" 200 654 "https://www.zanbil.ir/product/23198/%D8%B1%DB%8C%D8%B4-%D8%AA%D8%B1%D8%A7%D8%B4-%D8%AF%D9%88%D8%A7%D8%B1-%D9%81%DB%8C%D9%84%DB%8C%D9%BE%D8%B3-%D9%85%D8%AF%D9%84-PHILIPS-Shaver-S7530" "Mozilla/5.0 (Windows NT 6.1; Win64; x64) AppleWebKit/537.36 (KHTML, like Gecko) Chrome/71.0.3578.98 Safari/537.36" "-",
