80.210.245.49 - - [22/Jan/2019:04:18:37 +0330] "GET /image/23198?name=b3399c.jpg&wh=max HTTP/1.1" 200 84333 "https://www.zanbil.ir/product/23198/%D8%B1%DB%8C%D8%B4-%D8%AA%D8%B1%D8%A7%D8%B4-%D8%AF%D9%88%D8%A7%D8%B1-%D9%81%DB%8C%D9%84%DB%8C%D9%BE%D8%B3-%D9%85%D8%AF%D9%84-PHILIPS-Shaver-S7530" "Mozilla/5.0 (Windows NT 6.1; Win64; x64) AppleWebKit/537.36 (KHTML, like Gecko) Chrome/71.0.3578.98 Safari/537.36" "-",
80.210.245.49 - - [22/Jan/2019:04:18:37 +0330] "GET /image/23198?name=b3399c.jpg&wh=300x300 HTTP/1.1" 200 5270 "https://www.zanbil.ir/product/23198/%D8%B1%DB%8C%D8%B4-%D8%AA%D8%B1%D8%A7%D8%B4-%D8%AF%D9%88%D8%A7%D8%B1-%D9%81%DB%8C%D9%84%DB%8C%D9%BE%D8%B3-%D9%85%D8%AF%D9%84-PHILIPS-Shaver-S7530" "Mozilla/5.0 (Windows NT 6.1; Win64; x64) AppleWebKit/537.36 (KHTML, like Gecko) Chrome/71.0.3578.98 Safari/537.36" "-",
80.210.245.49 - - [22/Jan/2019:04:18:37 +0330] "GET /image/23198?name=7849f9.jpg&wh=300x300 HTTP/1.1" 200 7579 "https://www.zanbil.ir/product/23198/%D8%B1%DB%8C%D8%B4-%D8%AA%D8%B1%D8%A7%D8%B4-%D8%AF%D9%88%D8%A7%D8%B1-%D9%81%DB%8C%D9%84%DB%8C%D9%BE%D8%B3-%D9%85%D8%AF%D9%84-PHILIPS-Shaver-S7530" "Mozilla/5.0 (Windows NT 6.1; Win64; x64) AppleWebKit/537.36 (KHTML, like Gecko) Chrome/71.0.3578.98 Safari/537.36" "-",
80.210.245.49 - - [22/Jan/2019:04:18:37 +0330] "GET /image/23198?name=7849f9.jpg&wh=max HTTP/1.1" 200 25747 "https://www.zanbil.ir/product/23198/%D8%B1%DB%8C%D8%B4-%D8%AA%D8%B1%D8%A7%D8%B4-%D8%AF%D9%88%D8%A7%D8%B1-%D9%81%DB%8C%D9%84%DB%8C%D9%BE%D8%B3-%D9%85%D8%AF%D9%84-PHILIPS-Shaver-S7530" "Mozilla/5.0 (Windows NT 6.1; Win64; x64) AppleWebKit/537.36 (KHTML, like Gecko) Chrome/71.0.3578.98 Safari/537.36" "-",
5.117.0.124 - - [22/Jan/2019:04:18:37 +0330] "GET /image/%7B%7BbasketItem.id%7D%7D?type=productModel&wh=50x50 HTTP/1.1" 200 5 "https://www.zanbil.ir/browse/women-shackles/%D9%BE%D8%A7%D8%A8%D9%86%D8%AF-%D8%B2%D9%86%D8%A7%D9%86%D9%87" "Mozilla/5.0 (X11; Linux x86_64) AppleWebKit/537.36 (KHTML, like Gecko) Chrome/70.0.3538.80 Safari/537.36" "-",
80.210.245.49 - - [22/Jan/2019:04:18:37 +0330] "GET /image/23198?name=195f44.jpg&wh=300x300 HTTP/1.1" 200 6539 "https://www.zanbil.ir/product/23198/%D8%B1%DB%8C%D8%B4-%D8%AA%D8%B1%D8%A7%D8%B4-%D8%AF%D9%88%D8%A7%D8%B1-%D9%81%DB%8C%D9%84%DB%8C%D9%BE%D8%B3-%D9%85%D8%AF%D9%84-PHILIPS-Shaver-S7530" "Mozilla/5.0 (Windows NT 6.1; Win64; x64) AppleWebKit/537.36 (KHTML, like Gecko) Chrome/71.0.3578.98 Safari/537.36" "-",
80.210.245.49 - - [22/Jan/2019:04:18:37 +0330] "GET /image/23198?name=195f44.jpg&wh=max HTTP/1.1" 200 23817 "https://www.zanbil.ir/product/23198/%D8%B1%DB%8C%D8%B4-%D8%AA%D8%B1%D8%A7%D8%B4-%D8%AF%D9%88%D8%A7%D8%B1-%D9%81%DB%8C%D9%84%DB%8C%D9%BE%D8%B3-%D9%85%D8%AF%D9%84-PHILIPS-Shaver-S7530" "Mozilla/5.0 (Windows NT 6.1; Win64; x64) AppleWebKit/537.36 (KHTML, like Gecko) Chrome/71.0.3578.98 Safari/537.36" "-",
80.210.245.49 - - [22/Jan/2019:04:18:37 +0330] "GET /image/5714/productType/120x90 HTTP/1.1" 200 12465 "https://www.zanbil.ir/product/23198/%D8%B1%DB%8C%D8%B4-%D8%AA%D8%B1%D8%A7%D8%B4-%D8%AF%D9%88%D8%A7%D8%B1-%D9%81%DB%8C%D9%84%DB%8C%D9%BE%D8%B3-%D9%85%D8%AF%D9%84-PHILIPS-Shaver-S7530" "Mozilla/5.0 (Windows NT 6.1; Win64; x64) AppleWebKit/537.36 (KHTML, like Gecko) Chrome/71.0.3578.98 Safari/537.36" "-",
80.210.245.49 - - [22/Jan/2019:04:18:37 +0330] "GET /image/5767/productType/120x90 HTTP/1.1" 200 16500 "https://www.zanbil.ir/product/23198/%D8%B1%DB%8C%D8%B4-%D8%AA%D8%B1%D8%A7%D8%B4-%D8%AF%D9%88%D8%A7%D8%B1-%D9%81%DB%8C%D9%84%DB%8C%D9%BE%D8%B3-%D9%85%D8%AF%D9%84-PHILIPS-Shaver-S7530" "Mozilla/5.0 (Windows NT 6.1; Win64; x64) AppleWebKit/537.36 (KHTML, like Gecko) Chrome/71.0.3578.98 Safari/537.36" "-",
80.210.245.49 - - [22/Jan/2019:04:18:37 +0330] "GET /image/14925/productModel/100x100 HTTP/1.1" 200 1696 "https://www.zanbil.ir/product/23198/%D8%B1%DB%8C%D8%B4-%D8%AA%D8%B1%D8%A7%D8%B4-%D8%AF%D9%88%D8%A7%D8%B1-%D9%81%DB%8C%D9%84%DB%8C%D9%BE%D8%B3-%D9%85%D8%AF%D9%84-PHILIPS-Shaver-S7530" "Mozilla/5.0 (Windows NT 6.1; Win64; x64) AppleWebKit/537.36 (KHTML, like Gecko) Chrome/71.0.3578.98 Safari/537.36" "-",
80.210.245.49 - - [22/Jan/2019:04:18:37 +0330] "GET /static/images/third-party/footer.png HTTP/1.1" 200 56076 "https://www.zanbil.ir/product/23198/%D8%B1%DB%8C%D8%B4-%D8%AA%D8%B1%D8%A7%D8%B4-%D8%AF%D9%88%D8%A7%D8%B1-%D9%81%DB%8C%D9%84%DB%8C%D9%BE%D8%B3-%D9%85%D8%AF%D9%84-PHILIPS-Shaver-S7530" "Mozilla/5.0 (Windows NT 6.1; Win64; x64) AppleWebKit/537.36 (KHTML, like Gecko) Chrome/71.0.3578.98 Safari/537.36" "-",
80.210.245.49 - - [22/Jan/2019:04:18:37 +0330] "GET /static/images/amp/instagram.png HTTP/1.1" 200 7146 "https://www.zanbil.ir/product/23198/%D8%B1%DB%8C%D8%B4-%D8%AA%D8%B1%D8%A7%D8%B4-%D8%AF%D9%88%D8%A7%D8%B1-%D9%81%DB%8C%D9%84%DB%8C%D9%BE%D8%B3-%D9%85%D8%AF%D9%84-PHILIPS-Shaver-S7530" "Mozilla/5.0 (Windows NT 6.1; Win64; x64) AppleWebKit/537.36 (KHTML, like Gecko) Chrome/71.0.3578.98 Safari/537.36" "-",
80.210.245.49 - - [22/Jan/2019:04:18:37 +0330] "GET /static/images/amp/telegram.png HTTP/1.1" 200 4859 "https://www.zanbil.ir/product/23198/%D8%B1%DB%8C%D8%B4-%D8%AA%D8%B1%D8%A7%D8%B4-%D8%AF%D9%88%D8%A7%D8%B1-%D9%81%DB%8C%D9%84%DB%8C%D9%BE%D8%B3-%D9%85%D8%AF%D9%84-PHILIPS-Shaver-S7530" "Mozilla/5.0 (Windows NT 6.1; Win64; x64) AppleWebKit/537.36 (KHTML, like Gecko) Chrome/71.0.3578.98 Safari/537.36" "-",
80.210.245.49 - - [22/Jan/2019:04:18:37 +0330] "GET /image/5686/productType/120x90 HTTP/1.1" 200 11576 "https://www.zanbil.ir/product/23198/%D8%B1%DB%8C%D8%B4-%D8%AA%D8%B1%D8%A7%D8%B4-%D8%AF%D9%88%D8%A7%D8%B1-%D9%81%DB%8C%D9%84%DB%8C%D9%BE%D8%B3-%D9%85%D8%AF%D9%84-PHILIPS-Shaver-S7530" "Mozilla/5.0 (Windows NT 6.1; Win64; x64) AppleWebKit/537.36 (KHTML, like Gecko) Chrome/71.0.3578.98 Safari/537.36" "-",
80.210.245.49 - - [22/Jan/2019:04:18:37 +0330] "GET /static/images/amp/blog.png HTTP/1.1" 200 3863 "https://www.zanbil.ir/product/23198/%D8%B1%DB%8C%D8%B4-%D8%AA%D8%B1%D8%A7%D8%B4-%D8%AF%D9%88%D8%A7%D8%B1-%D9%81%DB%8C%D9%84%DB%8C%D9%BE%D8%B3-%D9%85%D8%AF%D9%84-PHILIPS-Shaver-S7530" "Mozilla/5.0 (Windows NT 6.1; Win64; x64) AppleWebKit/537.36 (KHTML, like Gecko) Chrome/71.0.3578.98 Safari/537.36" "-",
80.210.245.49 - - [22/Jan/2019:04:18:37 +0330] "GET /static/images/guarantees/goodShopping.png HTTP/1.1" 200 6496 "https://www.zanbil.ir/product/23198/%D8%B1%DB%8C%D8%B4-%D8%AA%D8%B1%D8%A7%D8%B4-%D8%AF%D9%88%D8%A7%D8%B1-%D9%81%DB%8C%D9%84%DB%8C%D9%BE%D8%B3-%D9%85%D8%AF%D9%84-PHILIPS-Shaver-S7530" "Mozilla/5.0 (Windows NT 6.1; Win64; x64) AppleWebKit/537.36 (KHTML, like Gecko) Chrome/71.0.3578.98 Safari/537.36" "-",
80.210.245.49 - - [22/Jan/2019:04:18:37 +0330] "GET /static/images/guarantees/warranty.png HTTP/1.1" 200 5807 "https://www.zanbil.ir/product/23198/%D8%B1%DB%8C%D8%B4-%D8%AA%D8%B1%D8%A7%D8%B4-%D8%AF%D9%88%D8%A7%D8%B1-%D9%81%DB%8C%D9%84%DB%8C%D9%BE%D8%B3-%D9%85%D8%AF%D9%84-PHILIPS-Shaver-S7530" "Mozilla/5.0 (Windows NT 6.1; Win64; x64) AppleWebKit/537.36 (KHTML, like Gecko) Chrome/71.0.3578.98 Safari/537.36" "-",
5.117.0.124 - - [22/Jan/2019:04:18:37 +0330] "GET /static/bundle-bundle_site_head.css HTTP/1.1" 200 55531 "https://www.zanbil.ir/browse/women-shackles/%D9%BE%D8%A7%D8%A8%D9%86%D8%AF-%D8%B2%D9%86%D8%A7%D9%86%D9%87" "Mozilla/5.0 (X11; Linux x86_64) AppleWebKit/537.36 (KHTML, like Gecko) Chrome/70.0.3538.80 Safari/537.36" "-",
80.210.245.49 - - [22/Jan/2019:04:18:37 +0330] "GET /static/images/guarantees/bestPrice.png HTTP/1.1" 200 7356 "https://www.zanbil.ir/product/23198/%D8%B1%DB%8C%D8%B4-%D8%AA%D8%B1%D8%A7%D8%B4-%D8%AF%D9%88%D8%A7%D8%B1-%D9%81%DB%8C%D9%84%DB%8C%D9%BE%D8%B3-%D9%85%D8%AF%D9%84-PHILIPS-Shaver-S7530" "Mozilla/5.0 (Windows NT 6.1; Win64; x64) AppleWebKit/537.36 (KHTML, like Gecko) Chrome/71.0.3578.98 Safari/537.36" "-",
80.210.245.49 - - [22/Jan/2019:04:18:37 +0330] "GET /static/images/guarantees/fastDelivery.png HTTP/1.1" 200 7713 "https://www.zanbil.ir/product/23198/%D8%B1%DB%8C%D8%B4-%D8%AA%D8%B1%D8%A7%D8%B4-%D8%AF%D9%88%D8%A7%D8%B1-%D9%81%DB%8C%D9%84%DB%8C%D9%BE%D8%B3-%D9%85%D8%AF%D9%84-PHILIPS-Shaver-S7530" "Mozilla/5.0 (Windows NT 6.1; Win64; x64) AppleWebKit/537.36 (KHTML, like Gecko) Chrome/71.0.3578.98 Safari/537.36" "-",
80.210.245.49 - - [22/Jan/2019:04:18:37 +0330] "GET /static/images/guarantees/support.png HTTP/1.1" 200 6454 "https://www.zanbil.ir/product/23198/%D8%B1%DB%8C%D8%B4-%D8%AA%D8%B1%D8%A7%D8%B4-%D8%AF%D9%88%D8%A7%D8%B1-%D9%81%DB%8C%D9%84%DB%8C%D9%BE%D8%B3-%D9%85%D8%AF%D9%84-PHILIPS-Shaver-S7530" "Mozilla/5.0 (Windows NT 6.1; Win64; x64) AppleWebKit/537.36 (KHTML, like Gecko) Chrome/71.0.3578.98 Safari/537.36" "-",
80.210.245.49 - - [22/Jan/2019:04:18:37 +0330] "GET /static/images/guarantees/pos.png HTTP/1.1" 200 6465 "https://www.zanbil.ir/product/23198/%D8%B1%DB%8C%D8%B4-%D8%AA%D8%B1%D8%A7%D8%B4-%D8%AF%D9%88%D8%A7%D8%B1-%D9%81%DB%8C%D9%84%DB%8C%D9%BE%D8%B3-%D9%85%D8%AF%D9%84-PHILIPS-Shaver-S7530" "Mozilla/5.0 (Windows NT 6.1; Win64; x64) AppleWebKit/537.36 (KHTML, like Gecko) Chrome/71.0.3578.98 Safari/537.36" "-",
80.210.245.49 - - [22/Jan/2019:04:18:37 +0330] "GET /static/images/prev.png HTTP/1.1" 200 3032 "https://znbl.ir/static/bundle-bundle_site_head.css" "Mozilla/5.0 (Windows NT 6.1; Win64; x64) AppleWebKit/537.36 (KHTML, like Gecko) Chrome/71.0.3578.98 Safari/537.36" "-",
80.210.245.49 - - [22/Jan/2019:04:18:37 +0330] "GET /static/plugins/rapid-grails-0.1/bootstrap/img/glyphicons-halflings.png HTTP/1.1" 200 12625 "https://znbl.ir/static/bundle-bundle_site_head.css" "Mozilla/5.0 (Windows NT 6.1; Win64; x64) AppleWebKit/537.36 (KHTML, like Gecko) Chrome/71.0.3578.98 Safari/537.36" "-",
80.210.245.49 - - [22/Jan/2019:04:18:37 +0330] "GET /static/images/next.png HTTP/1.1" 200 3045 "https://znbl.ir/static/bundle-bundle_site_head.css" "Mozilla/5.0 (Windows NT 6.1; Win64; x64) AppleWebKit/537.36 (KHTML, like Gecko) Chrome/71.0.3578.98 Safari/537.36" "-",
91.251.220.58 - - [22/Jan/2019:04:18:37 +0330] "GET /m HTTP/1.1" 200 17117 "http://www.ptcnovin.com/viewads/3CZ37HV2943BO974D66E3353352O55ZE40BH56510167H51659BC54767355147B16D5765V7594D57563O4EEU454BB7363UC496" "Mozilla/5.0 (Android 7.0; Mobile; rv:64.0) Gecko/64.0 Firefox/64.0" "-",
54.36.148.152 - - [22/Jan/2019:04:18:37 +0330] "GET /filter/b1%2Cb63 HTTP/1.1" 200 37287 "-" "Mozilla/5.0 (compatible; AhrefsBot/6.1; +http://ahrefs.com/robot/)" "-",
80.210.245.49 - - [22/Jan/2019:04:18:37 +0330] "GET /image/23198?name=shaver-philips-s7530-24ce8fcb.jpg&wh=50x50 HTTP/1.1" 200 958 "https://www.zanbil.ir/product/23198/%D8%B1%DB%8C%D8%B4-%D8%AA%D8%B1%D8%A7%D8%B4-%D8%AF%D9%88%D8%A7%D8%B1-%D9%81%DB%8C%D9%84%DB%8C%D9%BE%D8%B3-%D9%85%D8%AF%D9%84-PHILIPS-Shaver-S7530" "Mozilla/5.0 (Windows NT 6.1; Win64; x64) AppleWebKit/537.36 (KHTML, like Gecko) Chrome/71.0.3578.98 Safari/537.36" "-",
80.210.245.49 - - [22/Jan/2019:04:18:37 +0330] "GET /image/23198?name=b3399c.jpg&wh=50x50 HTTP/1.1" 200 1005 "https://www.zanbil.ir/product/23198/%D8%B1%DB%8C%D8%B4-%D8%AA%D8%B1%D8%A7%D8%B4-%D8%AF%D9%88%D8%A7%D8%B1-%D9%81%DB%8C%D9%84%DB%8C%D9%BE%D8%B3-%D9%85%D8%AF%D9%84-PHILIPS-Shaver-S7530" "Mozilla/5.0 (Windows NT 6.1; Win64; x64) AppleWebKit/537.36 (KHTML, like Gecko) Chrome/71.0.3578.98 Safari/537.36" "-",
80.210.245.49 - - [22/Jan/2019:04:18:37 +0330] "GET /image/23198?name=l34047445s753066666666.jpg&wh=50x50 HTTP/1.1" 200 1265 "https://www.zanbil.ir/product/23198/%D8%B1%DB%8C%D8%B4-%D8%AA%D8%B1%D8%A7%D8%B4-%D8%AF%D9%88%D8%A7%D8%B1-%D9%81%DB%8C%D9%84%DB%8C%D9%BE%D8%B3-%D9%85%D8%AF%D9%84-PHILIPS-Shaver-S7530" "Mozilla/5.0 (Windows NT 6.1; Win64; x64) AppleWebKit/537.36 (KHTML, like Gecko) Chrome/71.0.3578.98 Safari/537.36" "-",
5.117.0.124 - - [22/Jan/2019:04:18:37 +0330] "GET /static/images/icons/btn-search.png HTTP/1.1" 200 393 "https://znbl.ir/static/bundle-bundle_site_head.css" "Mozilla/5.0 (X11; Linux x86_64) AppleWebKit/537.36 (KHTML, like Gecko) Chrome/70.0.3538.80 Safari/537.36" "-",
80.210.245.49 - - [22/Jan/2019:04:18:37 +0330] "GET /image/23198?name=7849f9.jpg&wh=50x50 HTTP/1.1" 200 1187 "https://www.zanbil.ir/product/23198/%D8%B1%DB%8C%D8%B4-%D8%AA%D8%B1%D8%A7%D8%B4-%D8%AF%D9%88%D8%A7%D8%B1-%D9%81%DB%8C%D9%84%DB%8C%D9%BE%D8%B3-%D9%85%D8%AF%D9%84-PHILIPS-Shaver-S7530" "Mozilla/5.0 (Windows NT 6.1; Win64; x64) AppleWebKit/537.36 (KHTML, like Gecko) Chrome/71.0.3578.98 Safari/537.36" "-",
80.210.245.49 - - [22/Jan/2019:04:18:37 +0330] "GET /image/23198?name=195f44.jpg&wh=50x50 HTTP/1.1" 200 1049 "https://www.zanbil.ir/product/23198/%D8%B1%DB%8C%D8%B4-%D8%AA%D8%B1%D8%A7%D8%B4-%D8%AF%D9%88%D8%A7%D8%B1-%D9%81%DB%8C%D9%84%DB%8C%D9%BE%D8%B3-%D9%85%D8%AF%D9%84-PHILIPS-Shaver-S7530" "Mozilla/5.0 (Windows NT 6.1; Win64; x64) AppleWebKit/537.36 (KHTML, like Gecko) Chrome/71.0.3578.98 Safari/537.36" "-",
5.117.0.124 - - [22/Jan/2019:04:18:37 +0330] "GET /settings/logo HTTP/1.1" 200 4120 "https://www.zanbil.ir/browse/women-shackles/%D9%BE%D8%A7%D8%A8%D9%86%D8%AF-%D8%B2%D9%86%D8%A7%D9%86%D9%87" "Mozilla/5.0 (X11; Linux x86_64) AppleWebKit/537.36 (KHTML, like Gecko) Chrome/70.0.3538.80 Safari/537.36" "-",
5.117.0.124 - - [22/Jan/2019:04:18:37 +0330] "GET /static/css/font/wyekan/font.woff HTTP/1.1" 200 28536 "https://znbl.ir/static/bundle-bundle_site_head.css" "Mozilla/5.0 (X11; Linux x86_64) AppleWebKit/537.36 (KHTML, like Gecko) Chrome/70.0.3538.80 Safari/537.36" "-",
5.117.0.124 - - [22/Jan/2019:04:18:37 +0330] "GET /static/css/font_awesome/fonts/fontawesome-webfont.woff2?v=4.7.0 HTTP/1.1" 200 77171 "https://znbl.ir/static/bundle-bundle_site_head.css" "Mozilla/5.0 (X11; Linux x86_64) AppleWebKit/537.36 (KHTML, like Gecko) Chrome/70.0.3538.80 Safari/537.36" "-",
5.117.0.124 - - [22/Jan/2019:04:18:37 +0330] "GET /static/images/guarantees/support.png HTTP/1.1" 200 6454 "https://www.zanbil.ir/browse/women-shackles/%D9%BE%D8%A7%D8%A8%D9%86%D8%AF-%D8%B2%D9%86%D8%A7%D9%86%D9%87" "Mozilla/5.0 (X11; Linux x86_64) AppleWebKit/537.36 (KHTML, like Gecko) Chrome/70.0.3538.80 Safari/537.36" "-",
5.202.219.137 - - [22/Jan/2019:04:18:37 +0330] "GET /filter/b113,p62 HTTP/1.1" 302 0 "https://www.google.com/" "Mozilla/5.0 (Linux; Android 6.0.1; SM-T705) AppleWebKit/537.36 (KHTML, like Gecko) Chrome/71.0.3578.99 Safari/537.36" "-",
5.117.0.124 - - [22/Jan/2019:04:18:37 +0330] "GET /static/images/guarantees/goodShopping.png HTTP/1.1" 200 6496 "https://www.zanbil.ir/browse/women-shackles/%D9%BE%D8%A7%D8%A8%D9%86%D8%AF-%D8%B2%D9%86%D8%A7%D9%86%D9%87" "Mozilla/5.0 (X11; Linux x86_64) AppleWebKit/537.36 (KHTML, like Gecko) Chrome/70.0.3538.80 Safari/537.36" "-",
5.117.0.124 - - [22/Jan/2019:04:18:37 +0330] "GET /static/images/guarantees/pos.png HTTP/1.1" 200 6465 "https://www.zanbil.ir/browse/women-shackles/%D9%BE%D8%A7%D8%A8%D9%86%D8%AF-%D8%B2%D9%86%D8%A7%D9%86%D9%87" "Mozilla/5.0 (X11; Linux x86_64) AppleWebKit/537.36 (KHTML, like Gecko) Chrome/70.0.3538.80 Safari/537.36" "-",
5.117.0.124 - - [22/Jan/2019:04:18:37 +0330] "GET /static/images/guarantees/bestPrice.png HTTP/1.1" 200 7356 "https://www.zanbil.ir/browse/women-shackles/%D9%BE%D8%A7%D8%A8%D9%86%D8%AF-%D8%B2%D9%86%D8%A7%D9%86%D9%87" "Mozilla/5.0 (X11; Linux x86_64) AppleWebKit/537.36 (KHTML, like Gecko) Chrome/70.0.3538.80 Safari/537.36" "-",
5.117.0.124 - - [22/Jan/2019:04:18:37 +0330] "GET /static/images/guarantees/fastDelivery.png HTTP/1.1" 200 7713 "https://www.zanbil.ir/browse/women-shackles/%D9%BE%D8%A7%D8%A8%D9%86%D8%AF-%D8%B2%D9%86%D8%A7%D9%86%D9%87" "Mozilla/5.0 (X11; Linux x86_64) AppleWebKit/537.36 (KHTML, like Gecko) Chrome/70.0.3538.80 Safari/537.36" "-",
5.117.0.124 - - [22/Jan/2019:04:18:37 +0330] "GET /static/images/guarantees/warranty.png HTTP/1.1" 200 5807 "https://www.zanbil.ir/browse/women-shackles/%D9%BE%D8%A7%D8%A8%D9%86%D8%AF-%D8%B2%D9%86%D8%A7%D9%86%D9%87" "Mozilla/5.0 (X11; Linux x86_64) AppleWebKit/537.36 (KHTML, like Gecko) Chrome/70.0.3538.80 Safari/537.36" "-",
5.117.0.124 - - [22/Jan/2019:04:18:37 +0330] "GET /static/images/search-category-arrow.png HTTP/1.1" 200 217 "https://znbl.ir/static/bundle-bundle_site_head.css" "Mozilla/5.0 (X11; Linux x86_64) AppleWebKit/537.36 (KHTML, like Gecko) Chrome/70.0.3538.80 Safari/537.36" "-",
5.117.0.124 - - [22/Jan/2019:04:18:37 +0330] "GET /static/images/third-party/footer.png HTTP/1.1" 200 56076 "https://www.zanbil.ir/browse/women-shackles/%D9%BE%D8%A7%D8%A8%D9%86%D8%AF-%D8%B2%D9%86%D8%A7%D9%86%D9%87" "Mozilla/5.0 (X11; Linux x86_64) AppleWebKit/537.36 (KHTML, like Gecko) Chrome/70.0.3538.80 Safari/537.36" "-",
5.117.0.124 - - [22/Jan/2019:04:18:37 +0330] "GET /static/bundle-bundle_site_defer.min.js HTTP/1.1" 200 185207 "https://www.zanbil.ir/browse/women-shackles/%D9%BE%D8%A7%D8%A8%D9%86%D8%AF-%D8%B2%D9%86%D8%A7%D9%86%D9%87" "Mozilla/5.0 (X11; Linux x86_64) AppleWebKit/537.36 (KHTML, like Gecko) Chrome/70.0.3538.80 Safari/537.36" "-",
5.117.0.124 - - [22/Jan/2019:04:18:38 +0330] "GET /image/627/mainSlide HTTP/1.1" 200 92391 "https://www.zanbil.ir/browse/women-shackles/%D9%BE%D8%A7%D8%A8%D9%86%D8%AF-%D8%B2%D9%86%D8%A7%D9%86%D9%87" "Mozilla/5.0 (X11; Linux x86_64) AppleWebKit/537.36 (KHTML, like Gecko) Chrome/70.0.3538.80 Safari/537.36" "-",
5.117.0.124 - - [22/Jan/2019:04:18:38 +0330] "GET /image/872/article/100x100 HTTP/1.1" 200 14494 "https://www.zanbil.ir/browse/women-shackles/%D9%BE%D8%A7%D8%A8%D9%86%D8%AF-%D8%B2%D9%86%D8%A7%D9%86%D9%87" "Mozilla/5.0 (X11; Linux x86_64) AppleWebKit/537.36 (KHTML, like Gecko) Chrome/70.0.3538.80 Safari/537.36" "-",
5.117.0.124 - - [22/Jan/2019:04:18:38 +0330] "GET /image/871/article/100x100 HTTP/1.1" 200 15248 "https://www.zanbil.ir/browse/women-shackles/%D9%BE%D8%A7%D8%A8%D9%86%D8%AF-%D8%B2%D9%86%D8%A7%D9%86%D9%87" "Mozilla/5.0 (X11; Linux x86_64) AppleWebKit/537.36 (KHTML, like Gecko) Chrome/70.0.3538.80 Safari/537.36" "-",
5.117.0.124 - - [22/Jan/2019:04:18:38 +0330] "GET /static/images/amp/instagram.png HTTP/1.1" 200 7146 "https://www.zanbil.ir/browse/women-shackles/%D9%BE%D8%A7%D8%A8%D9%86%D8%AF-%D8%B2%D9%86%D8%A7%D9%86%D9%87" "Mozilla/5.0 (X11; Linux x86_64) AppleWebKit/537.36 (KHTML, like Gecko) Chrome/70.0.3538.80 Safari/537.36" "-",
80.210.245.49 - - [22/Jan/2019:04:18:38 +0330] "GET /site/alexaGooleAnalitic HTTP/1.1" 200 323 "https://www.zanbil.ir/product/23198/%D8%B1%DB%8C%D8%B4-%D8%AA%D8%B1%D8%A7%D8%B4-%D8%AF%D9%88%D8%A7%D8%B1-%D9%81%DB%8C%D9%84%DB%8C%D9%BE%D8%B3-%D9%85%D8%AF%D9%84-PHILIPS-Shaver-S7530" "Mozilla/5.0 (Windows NT 6.1; Win64; x64) AppleWebKit/537.36 (KHTML, like Gecko) Chrome/71.0.3578.98 Safari/537.36" "-",
5.117.0.124 - - [22/Jan/2019:04:18:38 +0330] "GET /static/images/amp/telegram.png HTTP/1.1" 304 0 "https://www.zanbil.ir/browse/women-shackles/%D9%BE%D8%A7%D8%A8%D9%86%D8%AF-%D8%B2%D9%86%D8%A7%D9%86%D9%87" "Mozilla/5.0 (X11; Linux x86_64) AppleWebKit/537.36 (KHTML, like Gecko) Chrome/70.0.3538.80 Safari/537.36" "-",
83.121.152.4 - - [22/Jan/2019:04:18:38 +0330] "GET /image/18896/productModel/200x200 HTTP/1.1" 200 4377 "https://www.zanbil.ir/m/filter/p11905%2Cv1%7C%D8%B3%D9%81%D8%A7%D8%B1%D8%B4%DB%8C" "Mozilla/5.0 (Linux; Android 4.4.4; fa-ir; SAMSUNG GT-I9300I Build/KTU84P) AppleWebKit/537.36 (KHTML, like Gecko) Version/1.5 Chrome/28.0.1500.94 Mobile Safari/537.36" "-",
83.121.152.4 - - [22/Jan/2019:04:18:38 +0330] "GET /image/28180/productModel/200x200 HTTP/1.1" 200 4120 "https://www.zanbil.ir/m/filter/p11905%2Cv1%7C%D8%B3%D9%81%D8%A7%D8%B1%D8%B4%DB%8C" "Mozilla/5.0 (Linux; Android 4.4.4; fa-ir; SAMSUNG GT-I9300I Build/KTU84P) AppleWebKit/537.36 (KHTML, like Gecko) Version/1.5 Chrome/28.0.1500.94 Mobile Safari/537.36" "-",
5.117.0.124 - - [22/Jan/2019:04:18:38 +0330] "GET /static/images/amp/blog.png HTTP/1.1" 304 0 "https://www.zanbil.ir/browse/women-shackles/%D9%BE%D8%A7%D8%A8%D9%86%D8%AF-%D8%B2%D9%86%D8%A7%D9%86%D9%87" "Mozilla/5.0 (X11; Linux x86_64) AppleWebKit/537.36 (KHTML, like Gecko) Chrome/70.0.3538.80 Safari/537.36" "-",
79.137.62.29 - - [22/Jan/2019:04:18:38 +0330] "GET /amp-helper-frame.html?appId=a624a1c1-0c93-466a-a546-e146710f97e6&parentOrigin=https://www-zanbil-ir.cdn.ampproject.org HTTP/1.1" 200 133 "https://www-zanbil-ir.cdn.ampproject.org/v/s/www.zanbil.ir/m/filter/b258,b261,b67,p7?amp_js_v=a2&amp_gsa=1&usqp=mq331AQCCAE%3D" "Mozilla/5.0 (Linux; Android 5.1.1; SM-E500H) AppleWebKit/537.36 (KHTML, like Gecko) Chrome/71.0.3578.99 Mobile Safari/537.36" "-",
5.117.0.124 - - [22/Jan/2019:04:18:38 +0330] "GET /static/images/loading.gif HTTP/1.1" 200 7370 "https://znbl.ir/static/bundle-bundle_site_head.css" "Mozilla/5.0 (X11; Linux x86_64) AppleWebKit/537.36 (KHTML, like Gecko) Chrome/70.0.3538.80 Safari/537.36" "-",
5.117.0.124 - - [22/Jan/2019:04:18:38 +0330] "GET /static/images/arrow-left.png HTTP/1.1" 200 474 "https://znbl.ir/static/bundle-bundle_site_head.css" "Mozilla/5.0 (X11; Linux x86_64) AppleWebKit/537.36 (KHTML, like Gecko) Chrome/70.0.3538.80 Safari/537.36" "-",
5.117.0.124 - - [22/Jan/2019:04:18:38 +0330] "GET /static/images/arrow-right.png HTTP/1.1" 200 475 "https://znbl.ir/static/bundle-bundle_site_head.css" "Mozilla/5.0 (X11; Linux x86_64) AppleWebKit/537.36 (KHTML, like Gecko) Chrome/70.0.3538.80 Safari/537.36" "-",
207.46.13.136 - - [22/Jan/2019:04:18:38 +0330] "GET /filter/b1%2Cb157%2Cb196%2Cb36%2Cb530%2Cb113 HTTP/1.1" 200 36814 "-" "Mozilla/5.0 (compatible; bingbot/2.0; +http://www.bing.com/bingbot.htm)" "-",
5.117.0.124 - - [22/Jan/2019:04:18:38 +0330] "GET /static/images/zanbil-kharid.png HTTP/1.1" 200 358 "https://znbl.ir/static/bundle-bundle_site_head.css" "Mozilla/5.0 (X11; Linux x86_64) AppleWebKit/537.36 (KHTML, like Gecko) Chrome/70.0.3538.80 Safari/537.36" "-",
86.55.46.218 - - [22/Jan/2019:04:18:38 +0330] "GET /filter/p62,b113 HTTP/1.1" 200 33686 "https://www.zanbil.ir/product/10836?model=15663" "Mozilla/5.0 (Windows NT 10.0; Win64; x64) AppleWebKit/537.36 (KHTML, like Gecko) Chrome/71.0.3578.98 Safari/537.36" "-",
80.210.245.49 - - [22/Jan/2019:04:18:38 +0330] "GET /static/images/favicon.ico HTTP/1.1" 200 152 "https://www.zanbil.ir/product/23198/%D8%B1%DB%8C%D8%B4-%D8%AA%D8%B1%D8%A7%D8%B4-%D8%AF%D9%88%D8%A7%D8%B1-%D9%81%DB%8C%D9%84%DB%8C%D9%BE%D8%B3-%D9%85%D8%AF%D9%84-PHILIPS-Shaver-S7530" "Mozilla/5.0 (Windows NT 6.1; Win64; x64) AppleWebKit/537.36 (KHTML, like Gecko) Chrome/71.0.3578.98 Safari/537.36" "-",
80.210.245.49 - - [22/Jan/2019:04:18:38 +0330] "GET /manifest.json HTTP/1.1" 200 110 "https://www.zanbil.ir/product/23198/%D8%B1%DB%8C%D8%B4-%D8%AA%D8%B1%D8%A7%D8%B4-%D8%AF%D9%88%D8%A7%D8%B1-%D9%81%DB%8C%D9%84%DB%8C%D9%BE%D8%B3-%D9%85%D8%AF%D9%84-PHILIPS-Shaver-S7530" "Mozilla/5.0 (Windows NT 6.1; Win64; x64) AppleWebKit/537.36 (KHTML, like Gecko) Chrome/71.0.3578.98 Safari/537.36" "-",
5.117.0.124 - - [22/Jan/2019:04:18:38 +0330] "GET /static/images/favicon.ico HTTP/1.1" 200 152 "https://www.zanbil.ir/browse/women-shackles/%D9%BE%D8%A7%D8%A8%D9%86%D8%AF-%D8%B2%D9%86%D8%A7%D9%86%D9%87" "Mozilla/5.0 (X11; Linux x86_64) AppleWebKit/537.36 (KHTML, like Gecko) Chrome/70.0.3538.80 Safari/537.36" "-",
5.117.0.124 - - [22/Jan/2019:04:18:38 +0330] "GET /manifest.json HTTP/1.1" 200 110 "https://www.zanbil.ir/browse/women-shackles/%D9%BE%D8%A7%D8%A8%D9%86%D8%AF-%D8%B2%D9%86%D8%A7%D9%86%D9%87" "Mozilla/5.0 (X11; Linux x86_64) AppleWebKit/537.36 (KHTML, like Gecko) Chrome/70.0.3538.80 Safari/537.36" "-",
207.46.13.115 - - [22/Jan/2019:04:18:38 +0330] "GET /image/11676/productType/240x180 HTTP/1.1" 200 10895 "-" "Mozilla/5.0 (compatible; bingbot/2.0; +http://www.bing.com/bingbot.htm)" "-",
91.251.220.58 - - [22/Jan/2019:04:18:39 +0330] "GET /settings/logo HTTP/1.1" 200 4120 "https://www.zanbil.ir/m" "Mozilla/5.0 (Android 7.0; Mobile; rv:64.0) Gecko/64.0 Firefox/64.0" "-",
5.117.0.124 - - [22/Jan/2019:04:18:39 +0330] "GET /site/alexaGooleAnalitic HTTP/1.1" 200 323 "https://www.zanbil.ir/browse/women-shackles/%D9%BE%D8%A7%D8%A8%D9%86%D8%AF-%D8%B2%D9%86%D8%A7%D9%86%D9%87" "Mozilla/5.0 (X11; Linux x86_64) AppleWebKit/537.36 (KHTML, like Gecko) Chrome/70.0.3538.80 Safari/537.36" "-",
207.46.13.115 - - [22/Jan/2019:04:18:39 +0330] "GET /image/12346/productType/240x180 HTTP/1.1" 200 11924 "-" "Mozilla/5.0 (compatible; bingbot/2.0; +http://www.bing.com/bingbot.htm)" "-",
91.251.220.58 - - [22/Jan/2019:04:18:39 +0330] "GET /favicon.ico HTTP/1.1" 200 0 "-" "Mozilla/5.0 (Android 7.0; Mobile; rv:64.0.2) Gecko/64.0.2 Firefox/64.0.2" "-",
5.202.219.137 - - [22/Jan/2019:04:18:40 +0330] "GET /m/filter/b113%2Cp62 HTTP/1.1" 200 18805 "https://www.google.com/" "Mozilla/5.0 (Linux; Android 6.0.1; SM-T705) AppleWebKit/537.36 (KHTML, like Gecko) Chrome/71.0.3578.99 Safari/537.36" "-",
86.55.46.218 - - [22/Jan/2019:04:18:40 +0330] "GET /image/18781/productTypeMenu HTTP/1.1" 200 11 "https://www.zanbil.ir/product/10836?model=15663" "Mozilla/5.0 (Windows NT 10.0; Win64; x64) AppleWebKit/537.36 (KHTML, like Gecko) Chrome/71.0.3578.98 Safari/537.36" "-",
207.46.13.136 - - [22/Jan/2019:04:18:40 +0330] "GET /filter/b1,b2,b4,b67 HTTP/1.1" 200 37375 "-" "Mozilla/5.0 (compatible; bingbot/2.0; +http://www.bing.com/bingbot.htm)" "-",
54.36.149.6 - - [22/Jan/2019:04:18:40 +0330] "GET /filter/b152,b3,b74,p8 HTTP/1.1" 200 34393 "-" "Mozilla/5.0 (compatible; AhrefsBot/6.1; +http://ahrefs.com/robot/)" "-",
66.249.66.194 - - [22/Jan/2019:04:18:40 +0330] "GET /product/25859/53152/%D9%85%D9%84%D9%88%D8%AF%DB%8C%DA%A9%D8%A7-Suzuki-%D9%85%D8%AF%D9%84-F-32-P HTTP/1.1" 404 33628 "-" "Mozilla/5.0 (compatible; Googlebot/2.1; +http://www.google.com/bot.html)" "-",
207.46.13.115 - - [22/Jan/2019:04:18:41 +0330] "GET /image/12351/productType/240x180 HTTP/1.1" 200 16513 "-" "Mozilla/5.0 (compatible; bingbot/2.0; +http://www.bing.com/bingbot.htm)" "-",
86.55.46.218 - - [22/Jan/2019:04:18:41 +0330] "GET /image/5/brand HTTP/1.1" 200 2171 "https://www.zanbil.ir/filter/p62,b113" "Mozilla/5.0 (Windows NT 10.0; Win64; x64) AppleWebKit/537.36 (KHTML, like Gecko) Chrome/71.0.3578.98 Safari/537.36" "-",
207.46.13.115 - - [22/Jan/2019:04:18:42 +0330] "GET /image/14199/productType/240x180 HTTP/1.1" 200 14425 "-" "Mozilla/5.0 (compatible; bingbot/2.0; +http://www.bing.com/bingbot.htm)" "-",
207.46.13.136 - - [22/Jan/2019:04:18:42 +0330] "GET /filter/b1,b123,b126,b135,b195,b256,b43,b484,b50,b703,b77 HTTP/1.1" 200 37730 "-" "Mozilla/5.0 (compatible; bingbot/2.0; +http://www.bing.com/bingbot.htm)" "-",
86.55.46.218 - - [22/Jan/2019:04:18:42 +0330] "GET /image/764/mainSlide HTTP/1.1" 200 92964 "https://www.zanbil.ir/filter/p62,b113" "Mozilla/5.0 (Windows NT 10.0; Win64; x64) AppleWebKit/537.36 (KHTML, like Gecko) Chrome/71.0.3578.98 Safari/537.36" "-",
86.55.46.218 - - [22/Jan/2019:04:18:42 +0330] "GET /settings/logo HTTP/1.1" 200 4120 "https://www.zanbil.ir/filter/p62,b113" "Mozilla/5.0 (Windows NT 10.0; Win64; x64) AppleWebKit/537.36 (KHTML, like Gecko) Chrome/71.0.3578.98 Safari/537.36" "-",
86.55.46.218 - - [22/Jan/2019:04:18:42 +0330] "GET /static/images/arrow-right.png HTTP/1.1" 200 475 "https://znbl.ir/static/bundle-bundle_site_head.css" "Mozilla/5.0 (Windows NT 10.0; Win64; x64) AppleWebKit/537.36 (KHTML, like Gecko) Chrome/71.0.3578.98 Safari/537.36" "-",
207.46.13.115 - - [22/Jan/2019:04:18:42 +0330] "GET /image/17997/productModel/100x100 HTTP/1.1" 200 3492 "-" "Mozilla/5.0 (compatible; bingbot/2.0; +http://www.bing.com/bingbot.htm)" "-",
207.46.13.115 - - [22/Jan/2019:04:18:42 +0330] "GET /image/17997/productModel/150x150 HTTP/1.1" 200 6208 "-" "Mozilla/5.0 (compatible; bingbot/2.0; +http://www.bing.com/bingbot.htm)" "-",
66.249.66.194 - - [22/Jan/2019:04:18:43 +0330] "GET /m/filter/b103,b113,b126,b135,b151,b168,b180,b185,b186,b19,b198,b202,b212,b218,b219,b261,b32,b321,b35,b36,b41,b42,b43,b435,b441,b481,b482,b485,b497,b5,b542,b546,b570,b614,b647,b648,b679,b723,b724,b734,b778,b82,b854,b877,b878,b95,b99,p11893 HTTP/1.1" 200 20331 "-" "Mozilla/5.0 (Linux; Android 6.0.1; Nexus 5X Build/MMB29P) AppleWebKit/537.36 (KHTML, like Gecko) Chrome/41.0.2272.96 Mobile Safari/537.36 (compatible; Googlebot/2.1; +http://www.google.com/bot.html)" "-",
207.46.13.115 - - [22/Jan/2019:04:18:43 +0330] "GET /image/25253/productModel/100x100 HTTP/1.1" 200 2734 "-" "Mozilla/5.0 (compatible; bingbot/2.0; +http://www.bing.com/bingbot.htm)" "-",
207.46.13.115 - - [22/Jan/2019:04:18:43 +0330] "GET /image/25253/productModel/150x150 HTTP/1.1" 200 4479 "-" "Mozilla/5.0 (compatible; bingbot/2.0; +http://www.bing.com/bingbot.htm)" "-",
37.98.49.55 - - [22/Jan/2019:04:18:43 +0330] "GET /m/prepareSearch?phrase=Tom+ford HTTP/1.1" 302 0 "https://www.zanbil.ir/m/search/Tom-ford" "Mozilla/5.0 (iPhone; CPU iPhone OS 12_1_2 like Mac OS X) AppleWebKit/605.1.15 (KHTML, like Gecko) Version/12.0 Mobile/15E148 Safari/604.1" "-",
91.99.72.15 - - [22/Jan/2019:04:18:43 +0330] "GET /product/28980/58521/%D8%A8%D8%AE%D8%A7%D8%B1%DB%8C-%DA%AF%D8%A7%D8%B2%DB%8C-%D8%A8%D8%AF%D9%88%D9%86-%D8%AF%D9%88%D8%AF%DA%A9%D8%B4-%D8%A2%D8%A8%D8%B3%D8%A7%D9%84-%D9%85%D8%AF%D9%84-437F HTTP/1.1" 200 41206 "-" "Mozilla/5.0 (X11; Linux x86_64) AppleWebKit/537.36 (KHTML, like Gecko) Chrome/53.0.2785.92 Safari/537.36" "-",
5.202.219.137 - - [22/Jan/2019:04:18:43 +0330] "GET /image/62207/productModel/200x200 HTTP/1.1" 200 5896 "https://www.zanbil.ir/m/filter/b113%2Cp62" "Mozilla/5.0 (Linux; Android 6.0.1; SM-T705) AppleWebKit/537.36 (KHTML, like Gecko) Chrome/71.0.3578.99 Safari/537.36" "-",
5.202.219.137 - - [22/Jan/2019:04:18:43 +0330] "GET /settings/logo HTTP/1.1" 200 4120 "https://www.zanbil.ir/m/filter/b113%2Cp62" "Mozilla/5.0 (Linux; Android 6.0.1; SM-T705) AppleWebKit/537.36 (KHTML, like Gecko) Chrome/71.0.3578.99 Safari/537.36" "-",
172.20.2.174 - - [22/Jan/2019:04:18:43 +0330] "GET /site/ping HTTP/1.1" 200 4 "-" "-", "-"
207.46.13.115 - - [22/Jan/2019:04:18:43 +0330] "GET /image/53946/productModel/100x100 HTTP/1.1" 200 11844 "-" "Mozilla/5.0 (compatible; bingbot/2.0; +http://www.bing.com/bingbot.htm)" "-",
5.202.219.137 - - [22/Jan/2019:04:18:43 +0330] "GET /image/60814/productModel/200x200 HTTP/1.1" 200 5865 "https://www.zanbil.ir/m/filter/b113%2Cp62" "Mozilla/5.0 (Linux; Android 6.0.1; SM-T705) AppleWebKit/537.36 (KHTML, like Gecko) Chrome/71.0.3578.99 Safari/537.36" "-",
5.202.219.137 - - [22/Jan/2019:04:18:43 +0330] "GET /image/61310/productModel/200x200 HTTP/1.1" 200 5139 "https://www.zanbil.ir/m/filter/b113%2Cp62" "Mozilla/5.0 (Linux; Android 6.0.1; SM-T705) AppleWebKit/537.36 (KHTML, like Gecko) Chrome/71.0.3578.99 Safari/537.36" "-",
5.202.219.137 - - [22/Jan/2019:04:18:43 +0330] "GET /image/60847/productModel/200x200 HTTP/1.1" 200 5667 "https://www.zanbil.ir/m/filter/b113%2Cp62" "Mozilla/5.0 (Linux; Android 6.0.1; SM-T705) AppleWebKit/537.36 (KHTML, like Gecko) Chrome/71.0.3578.99 Safari/537.36" "-",
5.202.219.137 - - [22/Jan/2019:04:18:43 +0330] "GET /image/62254/productModel/200x200 HTTP/1.1" 200 4198 "https://www.zanbil.ir/m/filter/b113%2Cp62" "Mozilla/5.0 (Linux; Android 6.0.1; SM-T705) AppleWebKit/537.36 (KHTML, like Gecko) Chrome/71.0.3578.99 Safari/537.36" "-",
5.202.219.137 - - [22/Jan/2019:04:18:43 +0330] "GET /image/61483/productModel/200x200 HTTP/1.1" 200 5092 "https://www.zanbil.ir/m/filter/b113%2Cp62" "Mozilla/5.0 (Linux; Android 6.0.1; SM-T705) AppleWebKit/537.36 (KHTML, like Gecko) Chrome/71.0.3578.99 Safari/537.36" "-",
86.55.46.218 - - [22/Jan/2019:04:18:44 +0330] "GET /static/images/arrow-left.png HTTP/1.1" 200 474 "https://znbl.ir/static/bundle-bundle_site_head.css" "Mozilla/5.0 (Windows NT 10.0; Win64; x64) AppleWebKit/537.36 (KHTML, like Gecko) Chrome/71.0.3578.98 Safari/537.36" "-",
86.55.46.218 - - [22/Jan/2019:04:18:44 +0330] "GET /image/1/brand HTTP/1.1" 200 3924 "https://www.zanbil.ir/filter/p62,b113" "Mozilla/5.0 (Windows NT 10.0; Win64; x64) AppleWebKit/537.36 (KHTML, like Gecko) Chrome/71.0.3578.98 Safari/537.36" "-",
66.249.66.194 - - [22/Jan/2019:04:18:44 +0330] "GET /m/filter/b1,p62 HTTP/1.1" 200 18926 "-" "Mozilla/5.0 (Linux; Android 6.0.1; Nexus 5X Build/MMB29P) AppleWebKit/537.36 (KHTML, like Gecko) Chrome/41.0.2272.96 Mobile Safari/537.36 (compatible; Googlebot/2.1; +http://www.google.com/bot.html)" "-",
207.46.13.115 - - [22/Jan/2019:04:18:44 +0330] "GET /image/53946/productModel/150x150 HTTP/1.1" 200 24775 "-" "Mozilla/5.0 (compatible; bingbot/2.0; +http://www.bing.com/bingbot.htm)" "-",
86.55.46.218 - - [22/Jan/2019:04:18:44 +0330] "GET /image/113/brand HTTP/1.1" 200 2287 "https://www.zanbil.ir/filter/p62,b113" "Mozilla/5.0 (Windows NT 10.0; Win64; x64) AppleWebKit/537.36 (KHTML, like Gecko) Chrome/71.0.3578.98 Safari/537.36" "-",
207.46.13.115 - - [22/Jan/2019:04:18:45 +0330] "GET /image/54222/productModel/100x100 HTTP/1.1" 200 2461 "-" "Mozilla/5.0 (compatible; bingbot/2.0; +http://www.bing.com/bingbot.htm)" "-",
91.99.72.15 - - [22/Jan/2019:04:18:45 +0330] "GET /product/28771/57655/%DB%8C%D8%AE%DA%86%D8%A7%D9%84-%D9%81%D8%B1%DB%8C%D8%B2%D8%B1-%DB%8C%D8%AE%DA%86%D8%A7%D9%84-%D9%85%D8%AC%DB%8C%DA%A9-%D9%85%D8%AF%D9%84-PG-1M52 HTTP/1.1" 200 40806 "-" "Mozilla/5.0 (Windows NT 6.1; WOW64) AppleWebKit/535.7(KHTML, like Gecko) Chrome/16.0.912.36 Safari/535.7" "-",
37.98.49.55 - - [22/Jan/2019:04:18:45 +0330] "GET /m/search/Tom-ford HTTP/1.1" 200 16956 "https://www.zanbil.ir/m/search/Tom-ford" "Mozilla/5.0 (iPhone; CPU iPhone OS 12_1_2 like Mac OS X) AppleWebKit/605.1.15 (KHTML, like Gecko) Version/12.0 Mobile/15E148 Safari/604.1" "-",
86.55.46.218 - - [22/Jan/2019:04:18:45 +0330] "GET /site/alexaGooleAnalitic HTTP/1.1" 200 323 "https://www.zanbil.ir/filter/p62,b113" "Mozilla/5.0 (Windows NT 10.0; Win64; x64) AppleWebKit/537.36 (KHTML, like Gecko) Chrome/71.0.3578.98 Safari/537.36" "-",
37.98.49.55 - - [22/Jan/2019:04:18:45 +0330] "GET /settings/logo HTTP/1.1" 200 4120 "https://www.zanbil.ir/m/search/Tom-ford" "Mozilla/5.0 (iPhone; CPU iPhone OS 12_1_2 like Mac OS X) AppleWebKit/605.1.15 (KHTML, like Gecko) Version/12.0 Mobile/15E148 Safari/604.1" "-",
86.55.46.218 - - [22/Jan/2019:04:18:46 +0330] "GET /image/2/brand HTTP/1.1" 200 4842 "https://www.zanbil.ir/filter/p62,b113" "Mozilla/5.0 (Windows NT 10.0; Win64; x64) AppleWebKit/537.36 (KHTML, like Gecko) Chrome/71.0.3578.98 Safari/537.36" "-",
86.55.46.218 - - [22/Jan/2019:04:18:46 +0330] "GET /image/65144/productModel/150x150 HTTP/1.1" 200 3439 "https://www.zanbil.ir/filter/p62,b113" "Mozilla/5.0 (Windows NT 10.0; Win64; x64) AppleWebKit/537.36 (KHTML, like Gecko) Chrome/71.0.3578.98 Safari/537.36" "-",
86.55.46.218 - - [22/Jan/2019:04:18:46 +0330] "GET /image/23572/productModel/150x150 HTTP/1.1" 200 2863 "https://www.zanbil.ir/filter/p62,b113" "Mozilla/5.0 (Windows NT 10.0; Win64; x64) AppleWebKit/537.36 (KHTML, like Gecko) Chrome/71.0.3578.98 Safari/537.36" "-",
89.198.193.18 - - [22/Jan/2019:04:18:46 +0330] "GET /image/28118?name=big_sa-402.jpg&wh=200x200 HTTP/1.1" 200 4643 "-" "Dalvik/2.1.0 (Linux; U; Android 8.0.0; SM-A605FN Build/R16NW)" "-",
207.46.13.115 - - [22/Jan/2019:04:18:46 +0330] "GET /image/58557/productModel/100x100 HTTP/1.1" 200 2408 "-" "Mozilla/5.0 (compatible; bingbot/2.0; +http://www.bing.com/bingbot.htm)" "-",
91.99.72.15 - - [22/Jan/2019:04:18:46 +0330] "GET /product/27784/56374/%DA%AF%D9%88%D8%B4%DB%8C-%D8%AA%D9%84%D9%81%D9%86-%D8%A8%DB%8C-%D8%B3%DB%8C%D9%85-%D9%BE%D8%A7%D9%86%D8%A7%D8%B3%D9%88%D9%86%DB%8C%DA%A9-%D9%85%D8%AF%D9%84-KX-TG9541 HTTP/1.1" 200 40660 "-" "Mozilla/5.0 (Macintosh; Intel Mac OS X 10_7_3) AppleWebKit/534.55.3 (KHTML, like Gecko) Version/5.1.3 Safari/534.53.10" "-",
207.46.13.115 - - [22/Jan/2019:04:18:47 +0330] "GET /image/61007/productModel/150x150 HTTP/1.1" 200 4068 "-" "Mozilla/5.0 (compatible; bingbot/2.0; +http://www.bing.com/bingbot.htm)" "-",
86.55.46.218 - - [22/Jan/2019:04:18:48 +0330] "GET /static/images/coming-soon.png HTTP/1.1" 200 2356 "https://www.zanbil.ir/filter/p62,b113" "Mozilla/5.0 (Windows NT 10.0; Win64; x64) AppleWebKit/537.36 (KHTML, like Gecko) Chrome/71.0.3578.98 Safari/537.36" "-",
86.55.46.218 - - [22/Jan/2019:04:18:48 +0330] "GET /image/60819/productModel/150x150 HTTP/1.1" 200 4504 "https://www.zanbil.ir/filter/p62,b113" "Mozilla/5.0 (Windows NT 10.0; Win64; x64) AppleWebKit/537.36 (KHTML, like Gecko) Chrome/71.0.3578.98 Safari/537.36" "-",
86.55.46.218 - - [22/Jan/2019:04:18:48 +0330] "GET /image/60841/productModel/150x150 HTTP/1.1" 200 4033 "https://www.zanbil.ir/filter/p62,b113" "Mozilla/5.0 (Windows NT 10.0; Win64; x64) AppleWebKit/537.36 (KHTML, like Gecko) Chrome/71.0.3578.98 Safari/537.36" "-",
207.46.13.115 - - [22/Jan/2019:04:18:48 +0330] "GET /image/62856/productModel/100x100 HTTP/1.1" 200 2936 "-" "Mozilla/5.0 (compatible; bingbot/2.0; +http://www.bing.com/bingbot.htm)" "-",
66.249.66.91 - - [22/Jan/2019:04:18:48 +0330] "GET /filter/b481%2Cb874%2Cb32%2Cb67%2Cb36%2Cb226%2Cb41%2Cb136%2Cb570%2Cb598%2Cb180%2Cb615%2Cb168%2Cb648%2Cb103%2Cb80%2Cb213%2Cb597%2Cb724%2Cb613%2Cb135%2Cb877%2Cb183%2Cb497%2Cb435%2Cb194%2Cb861%2Cb256%2Cb854%2Cb198%2Cb647%2Cb679%2Cb88%2Cb441%2Cb6%2Cb221%2Cb645%2Cb219%2Cb50%2Cb151%2Cb192%2Cstexists%2Cb203%2Cb202?page=0 HTTP/1.1" 200 39522 "-" "Mozilla/5.0 (compatible; Googlebot/2.1; +http://www.google.com/bot.html)" "-",
91.99.72.15 - - [22/Jan/2019:04:18:48 +0330] "GET /product/7967/31472/%D8%BA%D8%B0%D8%A7-%D8%B3%D8%A7%D8%B2-%D9%85%D9%88%D9%84%DB%8C%D9%86%DA%A9%D8%B3-%D9%85%D8%AF%D9%84-FP903 HTTP/1.1" 200 41527 "-" "Mozilla/5.0 (Macintosh; Intel Mac OS X 10_7_3) AppleWebKit/534.55.3 (KHTML, like Gecko) Version/5.1.3 Safari/534.53.10" "-",
207.46.13.115 - - [22/Jan/2019:04:18:48 +0330] "GET /image/62864/productModel/100x100 HTTP/1.1" 200 2881 "-" "Mozilla/5.0 (compatible; bingbot/2.0; +http://www.bing.com/bingbot.htm)" "-",
207.46.13.115 - - [22/Jan/2019:04:18:49 +0330] "GET /image/63450/productModel/100x100 HTTP/1.1" 200 2453 "-" "Mozilla/5.0 (compatible; bingbot/2.0; +http://www.bing.com/bingbot.htm)" "-",
86.55.46.218 - - [22/Jan/2019:04:18:49 +0330] "GET /image/61306/productModel/150x150 HTTP/1.1" 200 3358 "https://www.zanbil.ir/filter/p62,b113" "Mozilla/5.0 (Windows NT 10.0; Win64; x64) AppleWebKit/537.36 (KHTML, like Gecko) Chrome/71.0.3578.98 Safari/537.36" "-",
86.55.46.218 - - [22/Jan/2019:04:18:49 +0330] "GET /image/60847/productModel/150x150 HTTP/1.1" 200 3965 "https://www.zanbil.ir/filter/p62,b113" "Mozilla/5.0 (Windows NT 10.0; Win64; x64) AppleWebKit/537.36 (KHTML, like Gecko) Chrome/71.0.3578.98 Safari/537.36" "-",
86.55.46.218 - - [22/Jan/2019:04:18:49 +0330] "GET /image/60821/productModel/150x150 HTTP/1.1" 200 3581 "https://www.zanbil.ir/filter/p62,b113" "Mozilla/5.0 (Windows NT 10.0; Win64; x64) AppleWebKit/537.36 (KHTML, like Gecko) Chrome/71.0.3578.98 Safari/537.36" "-",
91.251.220.58 - - [22/Jan/2019:04:18:49 +0330] "GET / HTTP/1.1" 302 0 "http://www.ptcnovin.com/viewads/46C1BU526C5OV367664D55453EB1414365B0B776U9745H5330HHE757713EVE47B159335355D57Z96524C93DZ46557O6B3O497" "Mozilla/5.0 (Android 7.0; Mobile; rv:64.0) Gecko/64.0 Firefox/64.0" "-",
86.55.46.218 - - [22/Jan/2019:04:18:49 +0330] "GET /image/60853/productModel/150x150 HTTP/1.1" 200 4492 "https://www.zanbil.ir/filter/p62,b113" "Mozilla/5.0 (Windows NT 10.0; Win64; x64) AppleWebKit/537.36 (KHTML, like Gecko) Chrome/71.0.3578.98 Safari/537.36" "-",
86.55.46.218 - - [22/Jan/2019:04:18:49 +0330] "GET /image/60830/productModel/150x150 HTTP/1.1" 200 4046 "https://www.zanbil.ir/filter/p62,b113" "Mozilla/5.0 (Windows NT 10.0; Win64; x64) AppleWebKit/537.36 (KHTML, like Gecko) Chrome/71.0.3578.98 Safari/537.36" "-",
86.55.46.218 - - [22/Jan/2019:04:18:49 +0330] "GET /image/56634/productModel/150x150 HTTP/1.1" 200 3552 "https://www.zanbil.ir/filter/p62,b113" "Mozilla/5.0 (Windows NT 10.0; Win64; x64) AppleWebKit/537.36 (KHTML, like Gecko) Chrome/71.0.3578.98 Safari/537.36" "-",
66.249.66.194 - - [22/Jan/2019:04:18:49 +0330] "GET /filter/p29%2C1052%7C320?o=1052 HTTP/1.1" 302 0 "-" "Mozilla/5.0 (compatible; Googlebot/2.1; +http://www.google.com/bot.html)" "-",
207.46.13.115 - - [22/Jan/2019:04:18:49 +0330] "GET /image/63450/productModel/150x150 HTTP/1.1" 200 3779 "-" "Mozilla/5.0 (compatible; bingbot/2.0; +http://www.bing.com/bingbot.htm)" "-",
86.55.46.218 - - [22/Jan/2019:04:18:49 +0330] "GET /image/60862/productModel/150x150 HTTP/1.1" 200 2948 "https://www.zanbil.ir/filter/p62,b113" "Mozilla/5.0 (Windows NT 10.0; Win64; x64) AppleWebKit/537.36 (KHTML, like Gecko) Chrome/71.0.3578.98 Safari/537.36" "-",
86.55.46.218 - - [22/Jan/2019:04:18:49 +0330] "GET /image/61310/productModel/150x150 HTTP/1.1" 200 3514 "https://www.zanbil.ir/filter/p62,b113" "Mozilla/5.0 (Windows NT 10.0; Win64; x64) AppleWebKit/537.36 (KHTML, like Gecko) Chrome/71.0.3578.98 Safari/537.36" "-",
86.55.46.218 - - [22/Jan/2019:04:18:49 +0330] "GET /image/61483/productModel/150x150 HTTP/1.1" 200 3532 "https://www.zanbil.ir/filter/p62,b113" "Mozilla/5.0 (Windows NT 10.0; Win64; x64) AppleWebKit/537.36 (KHTML, like Gecko) Chrome/71.0.3578.98 Safari/537.36" "-",
66.249.66.91 - - [22/Jan/2019:04:18:49 +0330] "GET /image/59623/productModel/150x150 HTTP/1.1" 200 3174 "-" "Googlebot-Image/1.0" "-",
86.55.46.218 - - [22/Jan/2019:04:18:49 +0330] "GET /image/60835/productModel/150x150 HTTP/1.1" 200 5301 "https://www.zanbil.ir/filter/p62,b113" "Mozilla/5.0 (Windows NT 10.0; Win64; x64) AppleWebKit/537.36 (KHTML, like Gecko) Chrome/71.0.3578.98 Safari/537.36" "-",
66.249.66.91 - - [22/Jan/2019:04:18:49 +0330] "GET /filter/b656%2Cb703%2Cb32%2Cb67%2Cb226%2Cb41%2Cb598%2Cb168%2Cb723%2Cb597%2Cb88%2Cb548%2Cb6%2Cb679%2Cb215%2Cb105%2Cb194%2Cb74%2Cb542%2Cb35%2Cb113%2Cb820%2Cb574%2Cb442%2Cb880%2Cb645%2Cb724%2Cb118%2Cb482%2Cb400%2Cb95%2Cb135%2Cb249%2Cb435%2Cb221%2Cb523%2Cb854%2Cb126%2Cstexists%2Cb216%2Cb217%2Cb152%2Cb99%2Cb192%2Cb213%2Cb136%2Cb218%2Cb648%2Cb454%2Cb258%2Cb151%2Cb186%2Cb219%2Cb3?page=0 HTTP/1.1" 200 40376 "-" "Mozilla/5.0 (compatible; Googlebot/2.1; +http://www.google.com/bot.html)" "-",
86.55.46.218 - - [22/Jan/2019:04:18:49 +0330] "GET /image/60814/productModel/150x150 HTTP/1.1" 200 4001 "https://www.zanbil.ir/filter/p62,b113" "Mozilla/5.0 (Windows NT 10.0; Win64; x64) AppleWebKit/537.36 (KHTML, like Gecko) Chrome/71.0.3578.98 Safari/537.36" "-",
66.249.66.91 - - [22/Jan/2019:04:18:50 +0330] "GET /filter/b656%2Cb703%2Cb32%2Cb67%2Cb226%2Cb41%2Cb598%2Cb168%2Cb723%2Cb597%2Cb88%2Cb548%2Cb6%2Cb679%2Cb215%2Cb105%2Cb194%2Cb74%2Cb542%2Cb35%2Cb113%2Cb820%2Cb574%2Cb442%2Cb880%2Cb645%2Cb724%2Cb118%2Cb482%2Cb400%2Cb95%2Cb135%2Cb249%2Cb435%2Cb221%2Cb523%2Cb854%2Cb126%2Cstexists%2Cb216%2Cb217%2Cb152%2Cb99%2Cb192%2Cb213%2Cb136%2Cb218%2Cb648%2Cb454%2Cb258%2Cb151%2Cb256?page=4 HTTP/1.1" 200 41498 "-" "Mozilla/5.0 (compatible; Googlebot/2.1; +http://www.google.com/bot.html)" "-",
66.249.66.194 - - [22/Jan/2019:04:18:50 +0330] "GET /m/filter/b103,b105,b113,b126,b135,b136,b143,b148,b151,b152,b183,b185,b186,b188,b19,b194,b198,b20,b202,b209,b212,b219,b22,b221,b224,b226,b236,b238,b249,b270,b308,b35,b4,b400,b42,b43,b454,b481,b485,b497,b523,b546,b568,b570,b584,b596,b597,b6,b613,b647,b651,b701,b703,b723,b724,b74,b778,b80,b861,b879,b88,b880,b883,b890,b900,b903,b99 HTTP/1.1" 200 27804 "-" "Mozilla/5.0 (Linux; Android 6.0.1; Nexus 5X Build/MMB29P) AppleWebKit/537.36 (KHTML, like Gecko) Chrome/41.0.2272.96 Mobile Safari/537.36 (compatible; Googlebot/2.1; +http://www.google.com/bot.html)" "-",
91.251.220.58 - - [22/Jan/2019:04:18:50 +0330] "GET /m HTTP/1.1" 200 17151 "http://www.ptcnovin.com/viewads/46C1BU526C5OV367664D55453EB1414365B0B776U9745H5330HHE757713EVE47B159335355D57Z96524C93DZ46557O6B3O497" "Mozilla/5.0 (Android 7.0; Mobile; rv:64.0) Gecko/64.0 Firefox/64.0" "-",
207.46.13.136 - - [22/Jan/2019:04:18:50 +0330] "GET /product/26021 HTTP/1.1" 404 32459 "-" "Mozilla/5.0 (compatible; bingbot/2.0; +http://www.bing.com/bingbot.htm)" "-",
86.55.46.218 - - [22/Jan/2019:04:18:50 +0330] "GET /image/60850/productModel/150x150 HTTP/1.1" 200 3795 "https://www.zanbil.ir/filter/p62,b113" "Mozilla/5.0 (Windows NT 10.0; Win64; x64) AppleWebKit/537.36 (KHTML, like Gecko) Chrome/71.0.3578.98 Safari/537.36" "-",
86.55.46.218 - - [22/Jan/2019:04:18:50 +0330] "GET /image/60817/productModel/150x150 HTTP/1.1" 200 4343 "https://www.zanbil.ir/filter/p62,b113" "Mozilla/5.0 (Windows NT 10.0; Win64; x64) AppleWebKit/537.36 (KHTML, like Gecko) Chrome/71.0.3578.98 Safari/537.36" "-",
86.55.46.218 - - [22/Jan/2019:04:18:50 +0330] "GET /image/61490/productModel/150x150 HTTP/1.1" 200 3315 "https://www.zanbil.ir/filter/p62,b113" "Mozilla/5.0 (Windows NT 10.0; Win64; x64) AppleWebKit/537.36 (KHTML, like Gecko) Chrome/71.0.3578.98 Safari/537.36" "-",
86.55.46.218 - - [22/Jan/2019:04:18:50 +0330] "GET /image/60825/productModel/150x150 HTTP/1.1" 200 2893 "https://www.zanbil.ir/filter/p62,b113" "Mozilla/5.0 (Windows NT 10.0; Win64; x64) AppleWebKit/537.36 (KHTML, like Gecko) Chrome/71.0.3578.98 Safari/537.36" "-",
86.55.46.218 - - [22/Jan/2019:04:18:50 +0330] "GET /image/65144/productModel/100x100 HTTP/1.1" 200 2138 "https://www.zanbil.ir/filter/p62,b113" "Mozilla/5.0 (Windows NT 10.0; Win64; x64) AppleWebKit/537.36 (KHTML, like Gecko) Chrome/71.0.3578.98 Safari/537.36" "-",
86.55.46.218 - - [22/Jan/2019:04:18:50 +0330] "GET /image/61496/productModel/150x150 HTTP/1.1" 200 4369 "https://www.zanbil.ir/filter/p62,b113" "Mozilla/5.0 (Windows NT 10.0; Win64; x64) AppleWebKit/537.36 (KHTML, like Gecko) Chrome/71.0.3578.98 Safari/537.36" "-",
207.46.13.115 - - [22/Jan/2019:04:18:50 +0330] "GET /image/866/mainSlide HTTP/1.1" 200 99271 "-" "Mozilla/5.0 (compatible; bingbot/2.0; +http://www.bing.com/bingbot.htm)" "-",
86.55.46.218 - - [22/Jan/2019:04:18:51 +0330] "GET /image/64723/productModel/100x100 HTTP/1.1" 200 1894 "https://www.zanbil.ir/filter/p62,b113" "Mozilla/5.0 (Windows NT 10.0; Win64; x64) AppleWebKit/537.36 (KHTML, like Gecko) Chrome/71.0.3578.98 Safari/537.36" "-",
83.121.152.4 - - [22/Jan/2019:04:18:51 +0330] "GET /image/24029/productModel/200x200 HTTP/1.1" 200 5023 "https://www.zanbil.ir/m/filter/p11905%2Cv1%7C%D8%B3%D9%81%D8%A7%D8%B1%D8%B4%DB%8C" "Mozilla/5.0 (Linux; Android 4.4.4; fa-ir; SAMSUNG GT-I9300I Build/KTU84P) AppleWebKit/537.36 (KHTML, like Gecko) Version/1.5 Chrome/28.0.1500.94 Mobile Safari/537.36" "-",
86.55.46.218 - - [22/Jan/2019:04:18:51 +0330] "GET /image/65004/productModel/100x100 HTTP/1.1" 200 2924 "https://www.zanbil.ir/filter/p62,b113" "Mozilla/5.0 (Windows NT 10.0; Win64; x64) AppleWebKit/537.36 (KHTML, like Gecko) Chrome/71.0.3578.98 Safari/537.36" "-",
66.249.66.194 - - [22/Jan/2019:04:18:51 +0330] "GET /product/25854/53141/%D8%B3%D8%A7%D8%B2%D8%AF%D9%87%D9%86%DB%8C-%DA%A9%D8%B1%D9%88%D9%85%D8%A7%D8%AA%DB%8C%DA%A9-HOHNER-%D9%85%D8%AF%D9%84-Super-Chromonica HTTP/1.1" 302 0 "-" "Mozilla/5.0 (Linux; Android 6.0.1; Nexus 5X Build/MMB29P) AppleWebKit/537.36 (KHTML, like Gecko) Chrome/41.0.2272.96 Mobile Safari/537.36 (compatible; Googlebot/2.1; +http://www.google.com/bot.html)" "-",
5.200.112.161 - - [22/Jan/2019:04:18:51 +0330] "GET /image/28096?name=b-4002-u-2-copy.jpg&wh=200x200 HTTP/1.1" 200 3134 "-" "Dalvik/2.1.0 (Linux; U; Android 8.0.0; WAS-LX1A Build/HUAWEIWAS-LX1A)" "-",
86.55.46.218 - - [22/Jan/2019:04:18:51 +0330] "GET /image/65019/productModel/100x100 HTTP/1.1" 200 2850 "https://www.zanbil.ir/filter/p62,b113" "Mozilla/5.0 (Windows NT 10.0; Win64; x64) AppleWebKit/537.36 (KHTML, like Gecko) Chrome/71.0.3578.98 Safari/537.36" "-",
86.55.46.218 - - [22/Jan/2019:04:18:51 +0330] "GET /image/65007/productModel/100x100 HTTP/1.1" 200 3021 "https://www.zanbil.ir/filter/p62,b113" "Mozilla/5.0 (Windows NT 10.0; Win64; x64) AppleWebKit/537.36 (KHTML, like Gecko) Chrome/71.0.3578.98 Safari/537.36" "-",
86.55.46.218 - - [22/Jan/2019:04:18:51 +0330] "GET /image/64998/productModel/100x100 HTTP/1.1" 200 2869 "https://www.zanbil.ir/filter/p62,b113" "Mozilla/5.0 (Windows NT 10.0; Win64; x64) AppleWebKit/537.36 (KHTML, like Gecko) Chrome/71.0.3578.98 Safari/537.36" "-",
86.55.46.218 - - [22/Jan/2019:04:18:51 +0330] "GET /image/65124/productModel/100x100 HTTP/1.1" 200 1980 "https://www.zanbil.ir/filter/p62,b113" "Mozilla/5.0 (Windows NT 10.0; Win64; x64) AppleWebKit/537.36 (KHTML, like Gecko) Chrome/71.0.3578.98 Safari/537.36" "-",
86.55.46.218 - - [22/Jan/2019:04:18:51 +0330] "GET /image/64995/productModel/100x100 HTTP/1.1" 200 2869 "https://www.zanbil.ir/filter/p62,b113" "Mozilla/5.0 (Windows NT 10.0; Win64; x64) AppleWebKit/537.36 (KHTML, like Gecko) Chrome/71.0.3578.98 Safari/537.36" "-",
207.46.13.115 - - [22/Jan/2019:04:18:51 +0330] "GET /image/968/article/100x100 HTTP/1.1" 200 12222 "-" "Mozilla/5.0 (compatible; bingbot/2.0; +http://www.bing.com/bingbot.htm)" "-",
83.121.152.4 - - [22/Jan/2019:04:18:51 +0330] "GET /image/28219/productModel/200x200 HTTP/1.1" 200 4219 "https://www.zanbil.ir/m/filter/p11905%2Cv1%7C%D8%B3%D9%81%D8%A7%D8%B1%D8%B4%DB%8C" "Mozilla/5.0 (Linux; Android 4.4.4; fa-ir; SAMSUNG GT-I9300I Build/KTU84P) AppleWebKit/537.36 (KHTML, like Gecko) Version/1.5 Chrome/28.0.1500.94 Mobile Safari/537.36" "-",
5.160.157.20 - - [22/Jan/2019:04:18:51 +0330] "GET /browse/Paper%20Shreds HTTP/1.1" 301 178 "-" "Mozilla/5.0 (Windows NT 5.1; rv:8.0) Gecko/20100101 Firefox/8.0" "-",
5.160.157.20 - - [22/Jan/2019:04:18:52 +0330] "GET /filter?f=p63&page=7 HTTP/1.1" 301 178 "-" "Mozilla/5.0 (Windows NT 5.1; rv:8.0) Gecko/20100101 Firefox/8.0" "-",
66.249.66.194 - - [22/Jan/2019:04:18:52 +0330] "GET /m/filter/b258,b261,b67,p7 HTTP/1.1" 200 18184 "-" "Mozilla/5.0 (Linux; Android 6.0.1; Nexus 5X Build/MMB29P) AppleWebKit/537.36 (KHTML, like Gecko) Chrome/41.0.2272.96 Mobile Safari/537.36 (compatible; Googlebot/2.1; +http://www.google.com/bot.html)" "-",
91.251.220.58 - - [22/Jan/2019:04:18:52 +0330] "GET /settings/logo HTTP/1.1" 200 4120 "https://www.zanbil.ir/m" "Mozilla/5.0 (Android 7.0; Mobile; rv:64.0) Gecko/64.0 Firefox/64.0" "-",
86.55.46.218 - - [22/Jan/2019:04:18:52 +0330] "GET /image/64709/productModel/100x100 HTTP/1.1" 200 2302 "https://www.zanbil.ir/filter/p62,b113" "Mozilla/5.0 (Windows NT 10.0; Win64; x64) AppleWebKit/537.36 (KHTML, like Gecko) Chrome/71.0.3578.98 Safari/537.36" "-",
86.55.46.218 - - [22/Jan/2019:04:18:52 +0330] "GET /image/65134/productModel/100x100 HTTP/1.1" 200 2446 "https://www.zanbil.ir/filter/p62,b113" "Mozilla/5.0 (Windows NT 10.0; Win64; x64) AppleWebKit/537.36 (KHTML, like Gecko) Chrome/71.0.3578.98 Safari/537.36" "-",
66.249.66.194 - - [22/Jan/2019:04:18:52 +0330] "GET /filter/p29%2C1052%7C320 HTTP/1.1" 200 31148 "-" "Mozilla/5.0 (compatible; Googlebot/2.1; +http://www.google.com/bot.html)" "-",
