83.121.152.4 - - [22/Jan/2019:04:15:26 +0330] "GET /favicon.ico HTTP/1.1" 200 0 "-" "Mozilla/5.0 (Linux; Android 4.4.4; fa-ir; SAMSUNG GT-I9300I Build/KTU84P) AppleWebKit/537.36 (KHTML, like Gecko) Version/1.5 Chrome/28.0.1500.94 Mobile Safari/537.36" "-",
66.249.66.194 - - [22/Jan/2019:04:15:26 +0330] "GET /m/filter/b105,b113,b118,b126,b135,b136,b151,b152,b168,b192,b194,b213,b215,b216,b217,b218,b221,b226,b249,b258,b32,b35,b400,b41,b435,b442,b454,b482,b523,b542,b548,b574,b597,b598,b6,b645,b648,b656,b67,b679,b703,b723,b724,b74,b820,b854,b88,b880,b95,b99,stexists HTTP/1.1" 200 26522 "-" "Mozilla/5.0 (Linux; Android 6.0.1; Nexus 5X Build/MMB29P) AppleWebKit/537.36 (KHTML, like Gecko) Chrome/41.0.2272.96 Mobile Safari/537.36 (compatible; Googlebot/2.1; +http://www.google.com/bot.html)" "-",
66.249.66.194 - - [22/Jan/2019:04:15:26 +0330] "GET /product/27797?model=56389 HTTP/1.1" 200 43537 "-" "Mozilla/5.0 (compatible; Googlebot/2.1; +http://www.google.com/bot.html)" "-",
113.203.127.125 - - [22/Jan/2019:04:15:26 +0330] "GET /image/34039?name=d4i.jpg&wh=200x200 HTTP/1.1" 200 4088 "https://torob.com/p/e2671a1a-79ff-4417-982a-072a28902ecc/%DB%8C%D8%AE%DA%86%D8%A7%D9%84-%D9%88-%D9%81%D8%B1%DB%8C%D8%B2%D8%B1-%D8%A7%D9%85%D8%B1%D8%B3%D8%A7%D9%86-%D9%85%D8%AF%D9%84-fn15d-rh15d/" "Mozilla/5.0 (Windows NT 6.1; rv:64.0) Gecko/20100101 Firefox/64.0" "-",
31.2.233.112 - - [22/Jan/2019:04:15:27 +0330] "GET /settings/logo HTTP/1.1" 200 4120 "https://www.zanbil.ir/m/filter/p5666%2Ct146?page=1" "Mozilla/5.0 (Linux; Android 6.0.1; SM-J500F Build/MMB29M) AppleWebKit/537.36 (KHTML, like Gecko) Chrome/55.0.2883.91 Mobile Safari/537.36" "-",
130.185.74.243 - - [22/Jan/2019:04:15:27 +0330] "GET /filter/stexists,p5712,b218?page=1 HTTP/1.1" 200 30041 "-" "Mozilla/5.0 (Windows NT 6.1; rv:42.0) Gecko/20100101 Firefox/42.0" "-",
31.2.233.112 - - [22/Jan/2019:04:15:27 +0330] "GET /image/41172/productModel/200x200 HTTP/1.1" 200 4708 "https://www.zanbil.ir/m/filter/p5666%2Ct146?page=1" "Mozilla/5.0 (Linux; Android 6.0.1; SM-J500F Build/MMB29M) AppleWebKit/537.36 (KHTML, like Gecko) Chrome/55.0.2883.91 Mobile Safari/537.36" "-",
31.2.233.112 - - [22/Jan/2019:04:15:27 +0330] "GET /image/6460/productModel/200x200 HTTP/1.1" 200 4071 "https://www.zanbil.ir/m/filter/p5666%2Ct146?page=1" "Mozilla/5.0 (Linux; Android 6.0.1; SM-J500F Build/MMB29M) AppleWebKit/537.36 (KHTML, like Gecko) Chrome/55.0.2883.91 Mobile Safari/537.36" "-",
31.2.233.112 - - [22/Jan/2019:04:15:27 +0330] "GET /image/15281/productModel/200x200 HTTP/1.1" 200 3710 "https://www.zanbil.ir/m/filter/p5666%2Ct146?page=1" "Mozilla/5.0 (Linux; Android 6.0.1; SM-J500F Build/MMB29M) AppleWebKit/537.36 (KHTML, like Gecko) Chrome/55.0.2883.91 Mobile Safari/537.36" "-",
31.2.233.112 - - [22/Jan/2019:04:15:27 +0330] "GET /image/49034/productModel/200x200 HTTP/1.1" 200 3632 "https://www.zanbil.ir/m/filter/p5666%2Ct146?page=1" "Mozilla/5.0 (Linux; Android 6.0.1; SM-J500F Build/MMB29M) AppleWebKit/537.36 (KHTML, like Gecko) Chrome/55.0.2883.91 Mobile Safari/537.36" "-",
31.2.233.112 - - [22/Jan/2019:04:15:27 +0330] "GET /image/6474/productModel/200x200 HTTP/1.1" 200 4845 "https://www.zanbil.ir/m/filter/p5666%2Ct146?page=1" "Mozilla/5.0 (Linux; Android 6.0.1; SM-J500F Build/MMB29M) AppleWebKit/537.36 (KHTML, like Gecko) Chrome/55.0.2883.91 Mobile Safari/537.36" "-",
130.185.74.243 - - [22/Jan/2019:04:15:27 +0330] "GET /filter/stexists,p5712,b218?page=2 HTTP/1.1" 200 30041 "-" "Mozilla/5.0 (Windows NT 6.1; rv:42.0) Gecko/20100101 Firefox/42.0" "-",
207.46.13.136 - - [22/Jan/2019:04:15:28 +0330] "GET /filter/b1,b103,b105,b109,b111,b113,b135,b136,b144,b176,b186,b221,b261,b291,b481,b52,b598,b615,b703,b724,b77,b83 HTTP/1.1" 200 39060 "-" "Mozilla/5.0 (compatible; bingbot/2.0; +http://www.bing.com/bingbot.htm)" "-",
31.2.233.112 - - [22/Jan/2019:04:15:28 +0330] "GET /image/15493/productModel/200x200 HTTP/1.1" 200 4110 "https://www.zanbil.ir/m/filter/p5666%2Ct146?page=1" "Mozilla/5.0 (Linux; Android 6.0.1; SM-J500F Build/MMB29M) AppleWebKit/537.36 (KHTML, like Gecko) Chrome/55.0.2883.91 Mobile Safari/537.36" "-",
31.2.233.112 - - [22/Jan/2019:04:15:28 +0330] "GET /image/15305/productModel/200x200 HTTP/1.1" 200 4443 "https://www.zanbil.ir/m/filter/p5666%2Ct146?page=1" "Mozilla/5.0 (Linux; Android 6.0.1; SM-J500F Build/MMB29M) AppleWebKit/537.36 (KHTML, like Gecko) Chrome/55.0.2883.91 Mobile Safari/537.36" "-",
86.55.46.218 - - [22/Jan/2019:04:15:28 +0330] "GET /image/%7B%7BbasketItem.id%7D%7D?type=productModel&wh=50x50 HTTP/1.1" 200 5 "https://www.zanbil.ir/product/10825?model=15613" "Mozilla/5.0 (Windows NT 10.0; Win64; x64) AppleWebKit/537.36 (KHTML, like Gecko) Chrome/71.0.3578.98 Safari/537.36" "-",
130.185.74.243 - - [22/Jan/2019:04:15:28 +0330] "GET /filter/stexists,p5508,b400 HTTP/1.1" 200 32557 "-" "Mozilla/5.0 (Windows NT 6.1; rv:42.0) Gecko/20100101 Firefox/42.0" "-",
207.46.13.136 - - [22/Jan/2019:04:15:28 +0330] "GET /filter/b1,b123,b126,b135,b208,b361,b43,b454,b50,b571,b732,b77 HTTP/1.1" 200 37480 "-" "Mozilla/5.0 (compatible; bingbot/2.0; +http://www.bing.com/bingbot.htm)" "-",
86.55.46.218 - - [22/Jan/2019:04:15:29 +0330] "GET /image/10825/product/50x50 HTTP/1.1" 200 1117 "https://www.zanbil.ir/product/10825?model=15613" "Mozilla/5.0 (Windows NT 10.0; Win64; x64) AppleWebKit/537.36 (KHTML, like Gecko) Chrome/71.0.3578.98 Safari/537.36" "-",
93.110.206.139 - - [22/Jan/2019:04:15:29 +0330] "GET /image/31383?name=g.gg.jpg&wh=200x200 HTTP/1.1" 200 4880 "-" "Dalvik/1.6.0 (Linux; U; Android 4.1.2; HTC Desire 500 Build/JZO54K)" "-",
207.46.13.136 - - [22/Jan/2019:04:15:29 +0330] "GET /filter/b1,b103,b105,b109,b111,b113,b135,b144,b176,b186,b213,b221,b261,b291,b454,b481,b52,b598,b615,b63,b77,b83 HTTP/1.1" 200 39087 "-" "Mozilla/5.0 (compatible; bingbot/2.0; +http://www.bing.com/bingbot.htm)" "-",
109.125.156.244 - - [22/Jan/2019:04:15:29 +0330] "GET /image/32514?name=hauck-malibu-xl-plus-bag-multi-dots-sand.jpg&wh=200x200 HTTP/1.1" 200 6527 "-" "Dalvik/2.1.0 (Linux; U; Android 7.0; HUAWEI VNS-L21 Build/HUAWEIVNS-L21)" "-",
86.55.46.218 - - [22/Jan/2019:04:15:29 +0330] "GET /plugins/ckeditor-3.6.2.2/js/ckeditor/ckeditor.js HTTP/1.1" 302 0 "https://www.zanbil.ir/product/10825?model=15613" "Mozilla/5.0 (Windows NT 10.0; Win64; x64) AppleWebKit/537.36 (KHTML, like Gecko) Chrome/71.0.3578.98 Safari/537.36" "-",
109.125.156.244 - - [22/Jan/2019:04:15:29 +0330] "GET /image/32512?name=4plustango1.jpg&wh=200x200 HTTP/1.1" 200 7703 "-" "Dalvik/2.1.0 (Linux; U; Android 7.0; HUAWEI VNS-L21 Build/HUAWEIVNS-L21)" "-",
109.125.156.244 - - [22/Jan/2019:04:15:29 +0330] "GET /image/11700?name=z.jpg&wh=200x200 HTTP/1.1" 200 8742 "-" "Dalvik/2.1.0 (Linux; U; Android 7.0; HUAWEI VNS-L21 Build/HUAWEIVNS-L21)" "-",
86.55.46.218 - - [22/Jan/2019:04:15:29 +0330] "GET /image/400/brand HTTP/1.1" 200 2317 "https://www.zanbil.ir/product/10825?model=15613" "Mozilla/5.0 (Windows NT 10.0; Win64; x64) AppleWebKit/537.36 (KHTML, like Gecko) Chrome/71.0.3578.98 Safari/537.36" "-",
83.121.152.4 - - [22/Jan/2019:04:15:29 +0330] "GET /image/13128/productType/120x90 HTTP/1.1" 200 14067 "https://www.zanbil.ir/m/product/13157/%D8%AA%D8%B4%DA%A9-%D8%A8%D8%B1%D9%82%DB%8C-%D8%A8%DB%8C%D9%88%D8%B1%D8%B1-%D9%85%D8%AF%D9%84-UB53" "Mozilla/5.0 (Linux; Android 4.4.4; fa-ir; SAMSUNG GT-I9300I Build/KTU84P) AppleWebKit/537.36 (KHTML, like Gecko) Version/1.5 Chrome/28.0.1500.94 Mobile Safari/537.36" "-",
83.121.152.4 - - [22/Jan/2019:04:15:29 +0330] "GET /image/13130/productType/120x90 HTTP/1.1" 200 9356 "https://www.zanbil.ir/m/product/13157/%D8%AA%D8%B4%DA%A9-%D8%A8%D8%B1%D9%82%DB%8C-%D8%A8%DB%8C%D9%88%D8%B1%D8%B1-%D9%85%D8%AF%D9%84-UB53" "Mozilla/5.0 (Linux; Android 4.4.4; fa-ir; SAMSUNG GT-I9300I Build/KTU84P) AppleWebKit/537.36 (KHTML, like Gecko) Version/1.5 Chrome/28.0.1500.94 Mobile Safari/537.36" "-",
86.55.46.218 - - [22/Jan/2019:04:15:30 +0330] "GET /static/images/exists.png HTTP/1.1" 200 2212 "https://www.zanbil.ir/product/10825?model=15613" "Mozilla/5.0 (Windows NT 10.0; Win64; x64) AppleWebKit/537.36 (KHTML, like Gecko) Chrome/71.0.3578.98 Safari/537.36" "-",
86.55.46.218 - - [22/Jan/2019:04:15:30 +0330] "GET /static/bundle-bundle_site_defer.min.js HTTP/1.1" 200 185207 "https://www.zanbil.ir/product/10825?model=15613" "Mozilla/5.0 (Windows NT 10.0; Win64; x64) AppleWebKit/537.36 (KHTML, like Gecko) Chrome/71.0.3578.98 Safari/537.36" "-",
54.36.148.141 - - [22/Jan/2019:04:15:30 +0330] "GET /product/31733/%D8%A7%D8%AC%D8%A7%D9%82-%DA%AF%D8%A7%D8%B2-%D9%85%D8%A8%D9%84%D9%87-%D8%B3%DB%8C%D9%86%D8%AC%D8%B1-%D9%85%D8%AF%D9%84-SG-A590-%E2%80%8FSinjer-Free-Standing-Range HTTP/1.1" 200 42134 "-" "Mozilla/5.0 (compatible; AhrefsBot/6.1; +http://ahrefs.com/robot/)" "-",
86.55.46.218 - - [22/Jan/2019:04:15:30 +0330] "GET /static/plugins/ckeditor-3.6.2.2/js/ckeditor/ckeditor.min.js HTTP/1.1" 200 116467 "https://www.zanbil.ir/product/10825?model=15613" "Mozilla/5.0 (Windows NT 10.0; Win64; x64) AppleWebKit/537.36 (KHTML, like Gecko) Chrome/71.0.3578.98 Safari/537.36" "-",
83.121.152.4 - - [22/Jan/2019:04:15:30 +0330] "GET /image/13129/productType/120x90 HTTP/1.1" 200 12018 "https://www.zanbil.ir/m/product/13157/%D8%AA%D8%B4%DA%A9-%D8%A8%D8%B1%D9%82%DB%8C-%D8%A8%DB%8C%D9%88%D8%B1%D8%B1-%D9%85%D8%AF%D9%84-UB53" "Mozilla/5.0 (Linux; Android 4.4.4; fa-ir; SAMSUNG GT-I9300I Build/KTU84P) AppleWebKit/537.36 (KHTML, like Gecko) Version/1.5 Chrome/28.0.1500.94 Mobile Safari/537.36" "-",
86.55.46.218 - - [22/Jan/2019:04:15:30 +0330] "GET /image/10825?name=234-fw.jpg&wh=300x300 HTTP/1.1" 200 7450 "https://www.zanbil.ir/product/10825?model=15613" "Mozilla/5.0 (Windows NT 10.0; Win64; x64) AppleWebKit/537.36 (KHTML, like Gecko) Chrome/71.0.3578.98 Safari/537.36" "-",
86.55.46.218 - - [22/Jan/2019:04:15:31 +0330] "GET /image/10825?name=234-fw.jpg&wh=max HTTP/1.1" 200 26302 "https://www.zanbil.ir/product/10825?model=15613" "Mozilla/5.0 (Windows NT 10.0; Win64; x64) AppleWebKit/537.36 (KHTML, like Gecko) Chrome/71.0.3578.98 Safari/537.36" "-",
86.55.46.218 - - [22/Jan/2019:04:15:31 +0330] "GET /static/images/zanbil/Information-Icon.png HTTP/1.1" 200 1429 "https://www.zanbil.ir/product/10825?model=15613" "Mozilla/5.0 (Windows NT 10.0; Win64; x64) AppleWebKit/537.36 (KHTML, like Gecko) Chrome/71.0.3578.98 Safari/537.36" "-",
86.55.46.218 - - [22/Jan/2019:04:15:31 +0330] "GET /image/8570/productModel/100x100 HTTP/1.1" 200 1893 "https://www.zanbil.ir/product/10825?model=15613" "Mozilla/5.0 (Windows NT 10.0; Win64; x64) AppleWebKit/537.36 (KHTML, like Gecko) Chrome/71.0.3578.98 Safari/537.36" "-",
207.46.13.136 - - [22/Jan/2019:04:15:31 +0330] "GET /filter/b1,b103,b105,b109,b111,b113,b135,b144,b176,b180,b186,b261,b291,b497,b52,b598,b77,b83,b99 HTTP/1.1" 200 38009 "-" "Mozilla/5.0 (compatible; bingbot/2.0; +http://www.bing.com/bingbot.htm)" "-",
31.2.233.112 - - [22/Jan/2019:04:15:31 +0330] "GET /image/15467/productModel/200x200 HTTP/1.1" 200 4427 "https://www.zanbil.ir/m/filter/p5666%2Ct146?page=1" "Mozilla/5.0 (Linux; Android 6.0.1; SM-J500F Build/MMB29M) AppleWebKit/537.36 (KHTML, like Gecko) Chrome/55.0.2883.91 Mobile Safari/537.36" "-",
31.2.233.112 - - [22/Jan/2019:04:15:31 +0330] "GET /image/14919/productModel/200x200 HTTP/1.1" 200 5650 "https://www.zanbil.ir/m/filter/p5666%2Ct146?page=1" "Mozilla/5.0 (Linux; Android 6.0.1; SM-J500F Build/MMB29M) AppleWebKit/537.36 (KHTML, like Gecko) Chrome/55.0.2883.91 Mobile Safari/537.36" "-",
31.2.233.112 - - [22/Jan/2019:04:15:31 +0330] "GET /image/8447/productModel/200x200 HTTP/1.1" 200 6100 "https://www.zanbil.ir/m/filter/p5666%2Ct146?page=1" "Mozilla/5.0 (Linux; Android 6.0.1; SM-J500F Build/MMB29M) AppleWebKit/537.36 (KHTML, like Gecko) Chrome/55.0.2883.91 Mobile Safari/537.36" "-",
54.36.148.174 - - [22/Jan/2019:04:15:31 +0330] "GET /filter?f=p73%2Cb6 HTTP/1.1" 200 33565 "-" "Mozilla/5.0 (compatible; AhrefsBot/6.1; +http://ahrefs.com/robot/)" "-",
66.249.66.194 - - [22/Jan/2019:04:15:31 +0330] "GET /m/filter/b535,p6001,stexists HTTP/1.1" 200 16819 "-" "Mozilla/5.0 (Linux; Android 6.0.1; Nexus 5X Build/MMB29P) AppleWebKit/537.36 (KHTML, like Gecko) Chrome/41.0.2272.96 Mobile Safari/537.36 (compatible; Googlebot/2.1; +http://www.google.com/bot.html)" "-",
130.185.74.243 - - [22/Jan/2019:04:15:31 +0330] "GET /filter/stexists,p5508,b400?page=1 HTTP/1.1" 200 31262 "-" "Mozilla/5.0 (Windows NT 6.1; rv:42.0) Gecko/20100101 Firefox/42.0" "-",
66.249.66.91 - - [22/Jan/2019:04:15:31 +0330] "GET /filter/b656%2Cb703%2Cb32%2Cb67%2Cb226%2Cb41%2Cb598%2Cb168%2Cb723%2Cb597%2Cb88%2Cb548%2Cb6%2Cb679%2Cb215%2Cb105%2Cb194%2Cb74%2Cb542%2Cb35%2Cb113%2Cb820%2Cb574%2Cb442%2Cb880%2Cb645%2Cb724%2Cb118%2Cb482%2Cb400%2Cb95%2Cb135%2Cb249%2Cb435%2Cb221%2Cb523%2Cb854%2Cb126%2Cstexists%2Cb216%2Cb217%2Cb152%2Cb99%2Cb188%2Cb209%2Cb192%2Cb213%2Cb136%2Cb218%2Cb4%2Cb648%2Cb701%2Cb20%2Cb573%2Cb647%2Cb874%2Cb883?page=6 HTTP/1.1" 200 40643 "-" "Mozilla/5.0 (compatible; Googlebot/2.1; +http://www.google.com/bot.html)" "-",
66.249.66.195 - - [22/Jan/2019:04:15:32 +0330] "GET /product/3672 HTTP/1.1" 301 178 "-" "Mozilla/5.0 (compatible; Googlebot/2.1; +http://www.google.com/bot.html)" "-",
86.55.46.218 - - [22/Jan/2019:04:15:32 +0330] "GET /image/15615/productModel/100x100 HTTP/1.1" 200 2180 "https://www.zanbil.ir/product/10825?model=15613" "Mozilla/5.0 (Windows NT 10.0; Win64; x64) AppleWebKit/537.36 (KHTML, like Gecko) Chrome/71.0.3578.98 Safari/537.36" "-",
86.55.46.218 - - [22/Jan/2019:04:15:32 +0330] "GET /image/15297/productModel/100x100 HTTP/1.1" 200 2378 "https://www.zanbil.ir/product/10825?model=15613" "Mozilla/5.0 (Windows NT 10.0; Win64; x64) AppleWebKit/537.36 (KHTML, like Gecko) Chrome/71.0.3578.98 Safari/537.36" "-",
86.55.46.218 - - [22/Jan/2019:04:15:32 +0330] "GET /image/34659/productModel/100x100 HTTP/1.1" 200 1999 "https://www.zanbil.ir/product/10825?model=15613" "Mozilla/5.0 (Windows NT 10.0; Win64; x64) AppleWebKit/537.36 (KHTML, like Gecko) Chrome/71.0.3578.98 Safari/537.36" "-",
66.249.66.194 - - [22/Jan/2019:04:15:32 +0330] "GET /product/3672 HTTP/1.1" 404 32428 "-" "Mozilla/5.0 (compatible; Googlebot/2.1; +http://www.google.com/bot.html)" "-",
31.2.233.112 - - [22/Jan/2019:04:15:32 +0330] "GET /image/44095/productModel/200x200 HTTP/1.1" 200 4903 "https://www.zanbil.ir/m/filter/p5666%2Ct146?page=1" "Mozilla/5.0 (Linux; Android 6.0.1; SM-J500F Build/MMB29M) AppleWebKit/537.36 (KHTML, like Gecko) Chrome/55.0.2883.91 Mobile Safari/537.36" "-",
66.249.66.194 - - [22/Jan/2019:04:15:33 +0330] "GET /m/filter/b105,b113,b118,b126,b135,b136,b151,b152,b168,b192,b194,b213,b215,b216,b217,b218,b22,b221,b226,b249,b258,b32,b35,b400,b41,b435,b442,b454,b482,b542,b548,b574,b597,b598,b6,b613,b645,b648,b656,b67,b679,b703,b723,b724,b74,b820,b854,b88,b880,b95,b99,stexists HTTP/1.1" 200 26724 "-" "Mozilla/5.0 (Linux; Android 6.0.1; Nexus 5X Build/MMB29P) AppleWebKit/537.36 (KHTML, like Gecko) Chrome/41.0.2272.96 Mobile Safari/537.36 (compatible; Googlebot/2.1; +http://www.google.com/bot.html)" "-",
69.162.124.229 - - [22/Jan/2019:04:15:33 +0330] "HEAD / HTTP/1.1" 301 0 "http://www.zanbil.ir" "Mozilla/5.0+(compatible; UptimeRobot/2.0; http://www.uptimerobot.com/)" "-",
51.15.15.54 - - [22/Jan/2019:04:15:34 +0330] "GET /blog/accessories/jewelry/men-jewelry/men-ring/ HTTP/1.1" 200 20834 "-" "Barkrowler/0.9 (+http://www.exensa.com/crawl)" "-",
130.185.74.243 - - [22/Jan/2019:04:15:34 +0330] "GET /filter/stexists,p5508,b400?page=2 HTTP/1.1" 200 31262 "-" "Mozilla/5.0 (Windows NT 6.1; rv:42.0) Gecko/20100101 Firefox/42.0" "-",
91.99.72.15 - - [22/Jan/2019:04:15:34 +0330] "GET /product/28950/58038/%D8%B5%D9%86%D8%AF%D9%84%DB%8C-%D8%A8%D8%A7%D8%B1-%D9%86%DB%8C%D9%84%D9%BE%D8%B1-%D9%85%D8%AF%D9%84-SB533Y HTTP/1.1" 200 41004 "-" "Mozilla/5.0 (Windows NT 6.2; Win64; x64; rv:16.0)Gecko/16.0 Firefox/16.0" "-",
69.162.124.229 - - [22/Jan/2019:04:15:35 +0330] "HEAD / HTTP/1.1" 200 0 "http://www.zanbil.ir" "Mozilla/5.0+(compatible; UptimeRobot/2.0; http://www.uptimerobot.com/)" "-",
130.185.74.243 - - [22/Jan/2019:04:15:35 +0330] "GET /filter/stexists,p5713,b400 HTTP/1.1" 200 30657 "-" "Mozilla/5.0 (Windows NT 6.1; rv:42.0) Gecko/20100101 Firefox/42.0" "-",
66.249.66.91 - - [22/Jan/2019:04:15:35 +0330] "GET /filter/b481%2Cb226%2Cb570%2Cb598%2Cstexists%2Cb880%2Cb270%2Cb883%2Cb99%2Cb261%2Cb249%2Cb20%2Cb701%2Cb42%2Cb879%2Cb548%2Cb183%2Cb88%2Cb308%2Cb103%2Cb1%2Cb126%2Cb523%2Cb192%2Cb188%2Cb703%2Cb890%2Cb148%2Cb256%2Cb454%2Cb651%2Cb41%2Cb647%2Cb22%2Cb613%2Cb6%2Cb221%2Cb36%2Cb614%2Cb3%2Cb216%2Cb218%2Cb136%2Cb573%2Cb151%2Cb185%2Cb32%2Cb441%2Cb143%2Cb648%2Cb203%2Cb877%2Cb209%2Cb231%2Cb485%2Cb147?page=10 HTTP/1.1" 200 40603 "-" "Mozilla/5.0 (compatible; Googlebot/2.1; +http://www.google.com/bot.html)" "-",
207.46.13.136 - - [22/Jan/2019:04:15:35 +0330] "GET /filter/b1,b103,b105,b109,b111,b113,b135,b144,b176,b186,b221,b261,b291,b481,b52,b598,b614,b615,b647,b77,b83,b880 HTTP/1.1" 200 38899 "-" "Mozilla/5.0 (compatible; bingbot/2.0; +http://www.bing.com/bingbot.htm)" "-",
63.143.42.243 - - [22/Jan/2019:04:15:35 +0330] "HEAD / HTTP/1.1" 200 0 "https://www.zanbil.ir" "Mozilla/5.0+(compatible; UptimeRobot/2.0; http://www.uptimerobot.com/)" "-",
130.185.74.243 - - [22/Jan/2019:04:15:36 +0330] "GET /filter/stexists,p5713,b400?page=1 HTTP/1.1" 200 29178 "-" "Mozilla/5.0 (Windows NT 6.1; rv:42.0) Gecko/20100101 Firefox/42.0" "-",
66.249.66.194 - - [22/Jan/2019:04:15:36 +0330] "GET /m/filter/b105,b113,b118,b126,b135,b136,b151,b152,b168,b192,b194,b213,b215,b216,b217,b218,b22,b221,b226,b249,b258,b32,b35,b36,b400,b41,b435,b442,b454,b482,b523,b542,b548,b574,b597,b598,b6,b645,b648,b656,b67,b679,b703,b723,b724,b74,b820,b854,b88,b880,b95,b99,p38,stexists HTTP/1.1" 200 21821 "-" "Mozilla/5.0 (Linux; Android 6.0.1; Nexus 5X Build/MMB29P) AppleWebKit/537.36 (KHTML, like Gecko) Chrome/41.0.2272.96 Mobile Safari/537.36 (compatible; Googlebot/2.1; +http://www.google.com/bot.html)" "-",
54.36.149.35 - - [22/Jan/2019:04:15:36 +0330] "GET /filter/b41,b874,b878,p8946,stexists HTTP/1.1" 200 32867 "-" "Mozilla/5.0 (compatible; AhrefsBot/6.1; +http://ahrefs.com/robot/)" "-",
91.99.72.15 - - [22/Jan/2019:04:15:36 +0330] "GET /product/28948/58036/%D8%B5%D9%86%D8%AF%D9%84%DB%8C-%D8%A8%D8%A7%D8%B1-%D9%86%DB%8C%D9%84%D9%BE%D8%B1-%D9%85%D8%AF%D9%84-SB633 HTTP/1.1" 200 42265 "-" "Mozilla/5.0 (X11; Linux x86_64) AppleWebKit/537.36 (KHTML, like Gecko) Chrome/53.0.2785.92 Safari/537.36" "-",
109.125.156.244 - - [22/Jan/2019:04:15:36 +0330] "GET /image/32494?name=citiaqua.jpg&wh=200x200 HTTP/1.1" 200 6959 "-" "Dalvik/2.1.0 (Linux; U; Android 7.0; HUAWEI VNS-L21 Build/HUAWEIVNS-L21)" "-",
130.185.74.243 - - [22/Jan/2019:04:15:37 +0330] "GET /filter/stexists,p5712,b400 HTTP/1.1" 200 32418 "-" "Mozilla/5.0 (Windows NT 6.1; rv:42.0) Gecko/20100101 Firefox/42.0" "-",
91.99.72.15 - - [22/Jan/2019:04:15:37 +0330] "GET /product/28947/58031/%D8%B5%D9%86%D8%AF%D9%84%DB%8C-%D8%A8%D8%A7%D8%B1-%D9%86%DB%8C%D9%84%D9%BE%D8%B1-%D9%85%D8%AF%D9%84-SB633Y HTTP/1.1" 200 42312 "-" "Mozilla/5.0 (Windows NT 6.2; Win64; x64; rv:16.0)Gecko/16.0 Firefox/16.0" "-",
188.229.9.189 - - [22/Jan/2019:04:15:37 +0330] "GET /amp-helper-frame.html?appId=a624a1c1-0c93-466a-a546-e146710f97e6&parentOrigin=https://www-zanbil-ir.cdn.ampproject.org HTTP/1.1" 200 133 "https://www-zanbil-ir.cdn.ampproject.org/v/s/www.zanbil.ir/m/browse/tv/%D8%AA%D9%84%D9%88%DB%8C%D8%B2%DB%8C%D9%88%D9%86?amp_js_v=a2&amp_gsa=1&usqp=mq331AQCCAE%3D" "Mozilla/5.0 (Linux; Android 8.0.0; AUM-L29 Build/HONORAUM-L29) AppleWebKit/537.36 (KHTML, like Gecko) Chrome/66.0.3359.126 Mobile Safari/537.36" "-",
66.249.66.91 - - [22/Jan/2019:04:15:38 +0330] "GET /filter/b656%2Cb703%2Cb32%2Cb67%2Cb226%2Cb41%2Cb598%2Cb168%2Cb723%2Cb597%2Cb88%2Cb548%2Cb6%2Cb679%2Cb215%2Cb105%2Cb194%2Cb74%2Cb542%2Cb35%2Cb113%2Cb820%2Cb574%2Cb442%2Cb880%2Cb645%2Cb724%2Cb118%2Cb482%2Cb400%2Cb95%2Cb135%2Cb249%2Cb435%2Cb221%2Cb523%2Cb854%2Cb126%2Cstexists%2Cb216%2Cb217%2Cb152%2Cb99%2Cb188%2Cb209%2Cb192%2Cb213%2Cb136%2Cb218%2Cb4%2Cb648%2Cb701%2Cb20%2Cb573%2Cb36?page=3 HTTP/1.1" 200 41340 "-" "Mozilla/5.0 (compatible; Googlebot/2.1; +http://www.google.com/bot.html)" "-",
207.46.13.136 - - [22/Jan/2019:04:15:38 +0330] "GET /filter/b180,b20,b43,b613 HTTP/1.1" 200 37503 "-" "Mozilla/5.0 (compatible; bingbot/2.0; +http://www.bing.com/bingbot.htm)" "-",
17.58.102.43 - - [22/Jan/2019:04:15:38 +0330] "GET /filter/p42,t49,stexists?name=%D9%BE%D9%86%DA%A9%D9%87&productType=fan HTTP/1.1" 200 33214 "-" "Mozilla/5.0 (Macintosh; Intel Mac OS X 10_10_1) AppleWebKit/600.2.5 (KHTML, like Gecko) Version/8.0.2 Safari/600.2.5 (Applebot/0.1; +http://www.apple.com/go/applebot)" "-",
66.249.66.194 - - [22/Jan/2019:04:15:39 +0330] "GET /product/32450/%D9%84%D9%BE-%D8%AA%D8%A7%D9%BE-%D8%A7%DB%8C%D8%B3%D9%88%D8%B3-%D9%85%D8%AF%D9%84-Asus-R556BP HTTP/1.1" 200 42644 "-" "Googlebot-Image/1.0" "-",
130.185.74.243 - - [22/Jan/2019:04:15:40 +0330] "GET /filter/stexists,p5712,b400?page=1 HTTP/1.1" 200 31078 "-" "Mozilla/5.0 (Windows NT 6.1; rv:42.0) Gecko/20100101 Firefox/42.0" "-",
91.99.72.15 - - [22/Jan/2019:04:15:40 +0330] "GET /product/28945/58023/%D8%B5%D9%86%D8%AF%D9%84%DB%8C-%D8%A8%D8%A7%D8%B1-%D9%86%DB%8C%D9%84%D9%BE%D8%B1-%D9%85%D8%AF%D9%84-SB333Y HTTP/1.1" 200 42479 "-" "Mozilla/5.0 (Windows NT 6.2; Win64; x64; rv:16.0)Gecko/16.0 Firefox/16.0" "-",
86.55.46.218 - - [22/Jan/2019:04:15:40 +0330] "GET /static/css/font/wyekan/font.woff HTTP/1.1" 200 28536 "https://znbl.ir/static/bundle-bundle_site_head.css" "Mozilla/5.0 (Windows NT 10.0; Win64; x64) AppleWebKit/537.36 (KHTML, like Gecko) Chrome/71.0.3578.98 Safari/537.36" "-",
83.121.152.4 - - [22/Jan/2019:04:15:40 +0330] "GET /static/images/amp/instagram.png HTTP/1.1" 200 7146 "https://www.zanbil.ir/m/product/13157/%D8%AA%D8%B4%DA%A9-%D8%A8%D8%B1%D9%82%DB%8C-%D8%A8%DB%8C%D9%88%D8%B1%D8%B1-%D9%85%D8%AF%D9%84-UB53" "Mozilla/5.0 (Linux; Android 4.4.4; fa-ir; SAMSUNG GT-I9300I Build/KTU84P) AppleWebKit/537.36 (KHTML, like Gecko) Version/1.5 Chrome/28.0.1500.94 Mobile Safari/537.36" "-",
83.121.152.4 - - [22/Jan/2019:04:15:40 +0330] "GET /static/images/amp/telegram.png HTTP/1.1" 200 4859 "https://www.zanbil.ir/m/product/13157/%D8%AA%D8%B4%DA%A9-%D8%A8%D8%B1%D9%82%DB%8C-%D8%A8%DB%8C%D9%88%D8%B1%D8%B1-%D9%85%D8%AF%D9%84-UB53" "Mozilla/5.0 (Linux; Android 4.4.4; fa-ir; SAMSUNG GT-I9300I Build/KTU84P) AppleWebKit/537.36 (KHTML, like Gecko) Version/1.5 Chrome/28.0.1500.94 Mobile Safari/537.36" "-",
83.121.152.4 - - [22/Jan/2019:04:15:40 +0330] "GET /static/images/amp/blog.png HTTP/1.1" 200 3863 "https://www.zanbil.ir/m/product/13157/%D8%AA%D8%B4%DA%A9-%D8%A8%D8%B1%D9%82%DB%8C-%D8%A8%DB%8C%D9%88%D8%B1%D8%B1-%D9%85%D8%AF%D9%84-UB53" "Mozilla/5.0 (Linux; Android 4.4.4; fa-ir; SAMSUNG GT-I9300I Build/KTU84P) AppleWebKit/537.36 (KHTML, like Gecko) Version/1.5 Chrome/28.0.1500.94 Mobile Safari/537.36" "-",
83.121.152.4 - - [22/Jan/2019:04:15:40 +0330] "GET /static/images/amp/third-party/footer-mobile.png HTTP/1.1" 200 62894 "https://www.zanbil.ir/m/product/13157/%D8%AA%D8%B4%DA%A9-%D8%A8%D8%B1%D9%82%DB%8C-%D8%A8%DB%8C%D9%88%D8%B1%D8%B1-%D9%85%D8%AF%D9%84-UB53" "Mozilla/5.0 (Linux; Android 4.4.4; fa-ir; SAMSUNG GT-I9300I Build/KTU84P) AppleWebKit/537.36 (KHTML, like Gecko) Version/1.5 Chrome/28.0.1500.94 Mobile Safari/537.36" "-",
66.249.66.91 - - [22/Jan/2019:04:15:40 +0330] "GET /image/60001/productModel/150x150 HTTP/1.1" 200 2416 "-" "Googlebot-Image/1.0" "-",
130.185.74.243 - - [22/Jan/2019:04:15:40 +0330] "GET /filter/stexists,p5712,b400?page=2 HTTP/1.1" 200 31077 "-" "Mozilla/5.0 (Windows NT 6.1; rv:42.0) Gecko/20100101 Firefox/42.0" "-",
86.55.46.218 - - [22/Jan/2019:04:15:41 +0330] "GET /static/images/loading.gif HTTP/1.1" 200 7370 "https://znbl.ir/static/bundle-bundle_site_head.css" "Mozilla/5.0 (Windows NT 10.0; Win64; x64) AppleWebKit/537.36 (KHTML, like Gecko) Chrome/71.0.3578.98 Safari/537.36" "-",
86.55.46.218 - - [22/Jan/2019:04:15:41 +0330] "GET /static/css/font_awesome/fonts/fontawesome-webfont.woff2?v=4.7.0 HTTP/1.1" 200 77171 "https://znbl.ir/static/bundle-bundle_site_head.css" "Mozilla/5.0 (Windows NT 10.0; Win64; x64) AppleWebKit/537.36 (KHTML, like Gecko) Chrome/71.0.3578.98 Safari/537.36" "-",
86.55.46.218 - - [22/Jan/2019:04:15:41 +0330] "GET /static/images/Icon-Buypage/addToZanbil-box.png HTTP/1.1" 200 4011 "https://znbl.ir/static/bundle-bundle_site_head.css" "Mozilla/5.0 (Windows NT 10.0; Win64; x64) AppleWebKit/537.36 (KHTML, like Gecko) Chrome/71.0.3578.98 Safari/537.36" "-",
207.46.13.136 - - [22/Jan/2019:04:15:41 +0330] "GET /filter/b1%2Cb210%2Cb284%2Cb36%2Cp6213%2Cb221 HTTP/1.1" 200 35421 "-" "Mozilla/5.0 (compatible; bingbot/2.0; +http://www.bing.com/bingbot.htm)" "-",
86.55.46.218 - - [22/Jan/2019:04:15:42 +0330] "GET /static/images/zanbil-kharid.png HTTP/1.1" 200 358 "https://znbl.ir/static/bundle-bundle_site_head.css" "Mozilla/5.0 (Windows NT 10.0; Win64; x64) AppleWebKit/537.36 (KHTML, like Gecko) Chrome/71.0.3578.98 Safari/537.36" "-",
86.55.46.218 - - [22/Jan/2019:04:15:42 +0330] "GET /static/images/icons/btn-search.png HTTP/1.1" 200 393 "https://znbl.ir/static/bundle-bundle_site_head.css" "Mozilla/5.0 (Windows NT 10.0; Win64; x64) AppleWebKit/537.36 (KHTML, like Gecko) Chrome/71.0.3578.98 Safari/537.36" "-",
86.55.46.218 - - [22/Jan/2019:04:15:42 +0330] "GET /settings/logo HTTP/1.1" 200 4120 "https://www.zanbil.ir/product/10825?model=15613" "Mozilla/5.0 (Windows NT 10.0; Win64; x64) AppleWebKit/537.36 (KHTML, like Gecko) Chrome/71.0.3578.98 Safari/537.36" "-",
86.55.46.218 - - [22/Jan/2019:04:15:42 +0330] "GET /site/alexaGooleAnalitic HTTP/1.1" 200 323 "https://www.zanbil.ir/product/10825?model=15613" "Mozilla/5.0 (Windows NT 10.0; Win64; x64) AppleWebKit/537.36 (KHTML, like Gecko) Chrome/71.0.3578.98 Safari/537.36" "-",
86.55.46.218 - - [22/Jan/2019:04:15:43 +0330] "GET /static/images/search-category-arrow.png HTTP/1.1" 200 217 "https://znbl.ir/static/bundle-bundle_site_head.css" "Mozilla/5.0 (Windows NT 10.0; Win64; x64) AppleWebKit/537.36 (KHTML, like Gecko) Chrome/71.0.3578.98 Safari/537.36" "-",
86.55.46.218 - - [22/Jan/2019:04:15:43 +0330] "GET /images/raty/star-on.png HTTP/1.1" 302 0 "https://www.zanbil.ir/product/10825?model=15613" "Mozilla/5.0 (Windows NT 10.0; Win64; x64) AppleWebKit/537.36 (KHTML, like Gecko) Chrome/71.0.3578.98 Safari/537.36" "-",
86.55.46.218 - - [22/Jan/2019:04:15:43 +0330] "GET /image/5623/productType/120x90 HTTP/1.1" 200 11617 "https://www.zanbil.ir/product/10825?model=15613" "Mozilla/5.0 (Windows NT 10.0; Win64; x64) AppleWebKit/537.36 (KHTML, like Gecko) Chrome/71.0.3578.98 Safari/537.36" "-",
66.249.66.91 - - [22/Jan/2019:04:15:43 +0330] "GET /filter/b703%2Cb36%2Cb41%2Cb598%2Cb168%2Cb103%2Cb614%2Cb88%2Cb19%2Cb194%2Cb321%2Cb5%2Cb261%2Cb442%2Cb484%2Cb723%2Cb573%2Cb192%2Cb724%2Cb1%2Cb435%2Cb183%2Cb542%2Cb135%2Cb878%2Cb63%2Cb497%2Cb619%2Cb219%2Cb126%2Cb74%2Cb151%2Cb441%2Cb568%2Cb880%2Cb647%2Cb185%2Cb224%2Cb213%2Cb50%2Cb3%2Cb231%2Cb99%2Cb238%2Cb82%2Cb215%2Cb95%2Cb218%2Cb118%2Cb543?page=213 HTTP/1.1" 200 40626 "-" "Mozilla/5.0 (compatible; Googlebot/2.1; +http://www.google.com/bot.html)" "-",
86.55.46.218 - - [22/Jan/2019:04:15:43 +0330] "GET /image/5713/productType/120x90 HTTP/1.1" 200 12840 "https://www.zanbil.ir/product/10825?model=15613" "Mozilla/5.0 (Windows NT 10.0; Win64; x64) AppleWebKit/537.36 (KHTML, like Gecko) Chrome/71.0.3578.98 Safari/537.36" "-",
86.55.46.218 - - [22/Jan/2019:04:15:43 +0330] "GET /static/images/raty/star-on.png HTTP/1.1" 200 654 "https://www.zanbil.ir/product/10825?model=15613" "Mozilla/5.0 (Windows NT 10.0; Win64; x64) AppleWebKit/537.36 (KHTML, like Gecko) Chrome/71.0.3578.98 Safari/537.36" "-",
86.55.46.218 - - [22/Jan/2019:04:15:43 +0330] "GET /image/5712/productType/120x90 HTTP/1.1" 200 12199 "https://www.zanbil.ir/product/10825?model=15613" "Mozilla/5.0 (Windows NT 10.0; Win64; x64) AppleWebKit/537.36 (KHTML, like Gecko) Chrome/71.0.3578.98 Safari/537.36" "-",
66.249.66.194 - - [22/Jan/2019:04:15:43 +0330] "GET /product/33795/64537/111708 HTTP/1.1" 200 41209 "-" "Mozilla/5.0 (compatible; Googlebot/2.1; +http://www.google.com/bot.html)" "-",
86.55.46.218 - - [22/Jan/2019:04:15:43 +0330] "GET /static/images/amp/instagram.png HTTP/1.1" 200 7146 "https://www.zanbil.ir/product/10825?model=15613" "Mozilla/5.0 (Windows NT 10.0; Win64; x64) AppleWebKit/537.36 (KHTML, like Gecko) Chrome/71.0.3578.98 Safari/537.36" "-",
66.249.66.91 - - [22/Jan/2019:04:15:43 +0330] "GET /image/7579?name=d-a-122-r.jpg&wh=200x200 HTTP/1.1" 200 6456 "-" "Googlebot-Image/1.0" "-",
86.55.46.218 - - [22/Jan/2019:04:15:43 +0330] "GET /static/images/third-party/footer.png HTTP/1.1" 200 56076 "https://www.zanbil.ir/product/10825?model=15613" "Mozilla/5.0 (Windows NT 10.0; Win64; x64) AppleWebKit/537.36 (KHTML, like Gecko) Chrome/71.0.3578.98 Safari/537.36" "-",
31.2.233.112 - - [22/Jan/2019:04:15:44 +0330] "GET /m/filter/p5666%2Ct146%2Cb3?page=1 HTTP/1.1" 200 19099 "https://www.zanbil.ir/m/filter/p5666%2Ct146?page=1" "Mozilla/5.0 (Linux; Android 6.0.1; SM-J500F Build/MMB29M) AppleWebKit/537.36 (KHTML, like Gecko) Chrome/55.0.2883.91 Mobile Safari/537.36" "-",
86.55.46.218 - - [22/Jan/2019:04:15:44 +0330] "GET /static/images/amp/telegram.png HTTP/1.1" 200 4859 "https://www.zanbil.ir/product/10825?model=15613" "Mozilla/5.0 (Windows NT 10.0; Win64; x64) AppleWebKit/537.36 (KHTML, like Gecko) Chrome/71.0.3578.98 Safari/537.36" "-",
66.249.66.194 - - [22/Jan/2019:04:15:44 +0330] "GET /product/10736/%D8%AD%D8%A7%D9%84%D8%AA-%D8%AF%D9%87%D9%86%D8%AF%D9%87-%D9%85%D9%88-%D9%81%DB%8C%D9%84%DB%8C%D9%BE%D8%B3-%D9%85%D8%AF%D9%84-HP8663-00 HTTP/1.1" 200 41345 "-" "Googlebot-Image/1.0" "-",
130.185.74.243 - - [22/Jan/2019:04:15:44 +0330] "GET /filter/stexists,p5508,b186 HTTP/1.1" 200 31247 "-" "Mozilla/5.0 (Windows NT 6.1; rv:42.0) Gecko/20100101 Firefox/42.0" "-",
86.55.46.218 - - [22/Jan/2019:04:15:44 +0330] "GET /static/images/amp/blog.png HTTP/1.1" 200 3863 "https://www.zanbil.ir/product/10825?model=15613" "Mozilla/5.0 (Windows NT 10.0; Win64; x64) AppleWebKit/537.36 (KHTML, like Gecko) Chrome/71.0.3578.98 Safari/537.36" "-",
86.55.46.218 - - [22/Jan/2019:04:15:44 +0330] "GET /static/images/guarantees/goodShopping.png HTTP/1.1" 200 6496 "https://www.zanbil.ir/product/10825?model=15613" "Mozilla/5.0 (Windows NT 10.0; Win64; x64) AppleWebKit/537.36 (KHTML, like Gecko) Chrome/71.0.3578.98 Safari/537.36" "-",
86.55.46.218 - - [22/Jan/2019:04:15:44 +0330] "GET /static/images/guarantees/warranty.png HTTP/1.1" 200 5807 "https://www.zanbil.ir/product/10825?model=15613" "Mozilla/5.0 (Windows NT 10.0; Win64; x64) AppleWebKit/537.36 (KHTML, like Gecko) Chrome/71.0.3578.98 Safari/537.36" "-",
66.249.66.91 - - [22/Jan/2019:04:15:44 +0330] "GET /filter/b481%2Cb226%2Cb570%2Cb598%2Cstexists%2Cb880%2Cb270%2Cb883%2Cb99%2Cb261%2Cb249%2Cb20%2Cb701%2Cb42%2Cb879%2Cb548%2Cb183%2Cb88%2Cb308%2Cb103%2Cb1%2Cb126%2Cb523%2Cb192%2Cb188%2Cb703%2Cb890%2Cb148%2Cb256%2Cb454%2Cb651%2Cb41%2Cb647%2Cb22%2Cb613%2Cb6%2Cb221%2Cb36%2Cb614%2Cb3%2Cb216%2Cb218%2Cb136%2Cb573%2Cb151%2Cb185%2Cb32%2Cb441%2Cb143%2Cb648%2Cb203%2Cb877%2Cb209%2Cb231%2Cb485%2Cb147?page=4 HTTP/1.1" 200 41317 "-" "Mozilla/5.0 (compatible; Googlebot/2.1; +http://www.google.com/bot.html)" "-",
5.123.174.57 - - [22/Jan/2019:04:15:45 +0330] "GET /image/34173?name=i-sensys-mf232w-1.jpg&wh=200x200 HTTP/1.1" 200 5103 "-" "Dalvik/2.1.0 (Linux; U; Android 8.1.0; SM-J710F Build/M1AJQ)" "-",
86.55.46.218 - - [22/Jan/2019:04:15:45 +0330] "GET /static/images/guarantees/bestPrice.png HTTP/1.1" 200 7356 "https://www.zanbil.ir/product/10825?model=15613" "Mozilla/5.0 (Windows NT 10.0; Win64; x64) AppleWebKit/537.36 (KHTML, like Gecko) Chrome/71.0.3578.98 Safari/537.36" "-",
207.46.13.136 - - [22/Jan/2019:04:15:45 +0330] "GET /filter/b3%2Cb70%2Cb99 HTTP/1.1" 200 37139 "-" "Mozilla/5.0 (compatible; bingbot/2.0; +http://www.bing.com/bingbot.htm)" "-",
207.46.13.136 - - [22/Jan/2019:04:15:45 +0330] "GET /filter/b1,b223,b263,b36,p1 HTTP/1.1" 200 38425 "-" "Mozilla/5.0 (compatible; bingbot/2.0; +http://www.bing.com/bingbot.htm)" "-",
5.117.242.204 - - [22/Jan/2019:04:15:45 +0330] "GET /basket/storeShippingAddress?city=21&region=&postalCode=5555555555&telephone=55485544&addressLine=%D8%AA%D8%A7%D8%AA%D8%AA%D8%A7%D9%84%D8%A8%D8%A7%D9%86%D8%A7%D9%84%D8%A8%D9%84%D9%84 HTTP/1.1" 302 0 "https://www.zanbil.ir/basket/checkout?currentStep=2" "Mozilla/5.0 (Linux; Android 7.0; Lenovo TB-7304N) AppleWebKit/537.36 (KHTML, like Gecko) Chrome/71.0.3578.99 Safari/537.36" "-",
31.2.233.112 - - [22/Jan/2019:04:15:45 +0330] "GET /settings/logo HTTP/1.1" 200 4120 "https://www.zanbil.ir/m/filter/p5666%2Ct146%2Cb3?page=1" "Mozilla/5.0 (Linux; Android 6.0.1; SM-J500F Build/MMB29M) AppleWebKit/537.36 (KHTML, like Gecko) Chrome/55.0.2883.91 Mobile Safari/537.36" "-",
63.143.42.242 - - [22/Jan/2019:04:15:46 +0330] "HEAD / HTTP/1.1" 301 0 "http://www.zanbil.ir" "Mozilla/5.0+(compatible; UptimeRobot/2.0; http://www.uptimerobot.com/)" "-",
31.2.233.112 - - [22/Jan/2019:04:15:46 +0330] "GET /image/8442/productModel/200x200 HTTP/1.1" 200 4195 "https://www.zanbil.ir/m/filter/p5666%2Ct146%2Cb3?page=1" "Mozilla/5.0 (Linux; Android 6.0.1; SM-J500F Build/MMB29M) AppleWebKit/537.36 (KHTML, like Gecko) Chrome/55.0.2883.91 Mobile Safari/537.36" "-",
31.2.233.112 - - [22/Jan/2019:04:15:46 +0330] "GET /image/44972/productModel/200x200 HTTP/1.1" 200 6361 "https://www.zanbil.ir/m/filter/p5666%2Ct146%2Cb3?page=1" "Mozilla/5.0 (Linux; Android 6.0.1; SM-J500F Build/MMB29M) AppleWebKit/537.36 (KHTML, like Gecko) Chrome/55.0.2883.91 Mobile Safari/537.36" "-",
31.2.233.112 - - [22/Jan/2019:04:15:46 +0330] "GET /image/49037/productModel/200x200 HTTP/1.1" 200 4559 "https://www.zanbil.ir/m/filter/p5666%2Ct146%2Cb3?page=1" "Mozilla/5.0 (Linux; Android 6.0.1; SM-J500F Build/MMB29M) AppleWebKit/537.36 (KHTML, like Gecko) Chrome/55.0.2883.91 Mobile Safari/537.36" "-",
86.55.46.218 - - [22/Jan/2019:04:15:46 +0330] "GET /static/images/guarantees/pos.png HTTP/1.1" 200 6465 "https://www.zanbil.ir/product/10825?model=15613" "Mozilla/5.0 (Windows NT 10.0; Win64; x64) AppleWebKit/537.36 (KHTML, like Gecko) Chrome/71.0.3578.98 Safari/537.36" "-",
86.55.46.218 - - [22/Jan/2019:04:15:46 +0330] "GET /static/images/guarantees/fastDelivery.png HTTP/1.1" 200 7713 "https://www.zanbil.ir/product/10825?model=15613" "Mozilla/5.0 (Windows NT 10.0; Win64; x64) AppleWebKit/537.36 (KHTML, like Gecko) Chrome/71.0.3578.98 Safari/537.36" "-",
86.55.46.218 - - [22/Jan/2019:04:15:46 +0330] "GET /static/images/guarantees/support.png HTTP/1.1" 200 6454 "https://www.zanbil.ir/product/10825?model=15613" "Mozilla/5.0 (Windows NT 10.0; Win64; x64) AppleWebKit/537.36 (KHTML, like Gecko) Chrome/71.0.3578.98 Safari/537.36" "-",
66.249.66.91 - - [22/Jan/2019:04:15:46 +0330] "GET /filter/b481%2Cb874%2Cb36%2Cb226%2Cb570%2Cb598%2Cb180%2Cb615%2Cb185%2Cb880%2Cb878%2Cb270%2Cb903%2Cb883%2Cb99%2Cb261%2Cb152%2Cb249%2Cb701%2Cb723%2Cb42%2Cb183%2Cb88%2Cb219%2Cb202%2Cb308%2Cb103%2Cb1%2Cb2%2Cb126%2Cb523%2Cb904%2Cb192%2Cb703%2Cb890%2Cb105%2Cb231%2Cb258%2Cb209%2Cb186%2Cb221%2Cb778%2Cb482%2Cb41%2Cb238%2Cb19%2Cb435%2Cb648%2Cb724%2Cb548%2Cb74%2Cb8%2Cb614%2Cb135%2Cb80%2Cb224%2Cb5%2Cb198%2Cb542%2Cb67%2Cb441%2Cp5506?page=209 HTTP/1.1" 200 33902 "-" "Mozilla/5.0 (compatible; Googlebot/2.1; +http://www.google.com/bot.html)" "-",
66.249.66.91 - - [22/Jan/2019:04:15:47 +0330] "GET /filter/b703%2Cb36%2Cb41%2Cb598%2Cb168%2Cb103%2Cb614%2Cb88%2Cb19%2Cb194%2Cb321%2Cb5%2Cb261%2Cb442%2Cb484%2Cb723%2Cb573%2Cb192%2Cb724%2Cb1%2Cb435%2Cb183%2Cb542%2Cb135%2Cb878%2Cb63%2Cb497%2Cb619%2Cb219%2Cb126%2Cb74%2Cb151%2Cb441%2Cb568%2Cb880%2Cb647%2Cb185%2Cb224%2Cb213%2Cb50%2Cb3%2Cb231%2Cb99%2Cb238%2Cb82%2Cb215%2Cb95%2Cb218%2Cb118%2Cb543?page=208 HTTP/1.1" 200 40883 "-" "Mozilla/5.0 (compatible; Googlebot/2.1; +http://www.google.com/bot.html)" "-",
31.2.233.112 - - [22/Jan/2019:04:15:47 +0330] "GET /image/64036/productModel/200x200 HTTP/1.1" 200 6538 "https://www.zanbil.ir/m/filter/p5666%2Ct146%2Cb3?page=1" "Mozilla/5.0 (Linux; Android 6.0.1; SM-J500F Build/MMB29M) AppleWebKit/537.36 (KHTML, like Gecko) Chrome/55.0.2883.91 Mobile Safari/537.36" "-",
130.185.74.243 - - [22/Jan/2019:04:15:47 +0330] "GET /filter/stexists,p5508,b186?page=1 HTTP/1.1" 200 31263 "-" "Mozilla/5.0 (Windows NT 6.1; rv:42.0) Gecko/20100101 Firefox/42.0" "-",
63.143.42.242 - - [22/Jan/2019:04:15:47 +0330] "HEAD / HTTP/1.1" 200 0 "http://www.zanbil.ir" "Mozilla/5.0+(compatible; UptimeRobot/2.0; http://www.uptimerobot.com/)" "-",
66.249.66.194 - - [22/Jan/2019:04:15:47 +0330] "GET /m/browse/tv/%D8%AA%D9%84%D9%88%DB%8C%D8%B2%DB%8C%D9%88%D9%86 HTTP/1.1" 200 19348 "-" "Mozilla/5.0 (Linux; Android 6.0.1; Nexus 5X Build/MMB29P) AppleWebKit/537.36 (KHTML, like Gecko) Chrome/41.0.2272.96 Mobile Safari/537.36 (compatible; Googlebot/2.1; +http://www.google.com/bot.html)" "-",
66.249.66.194 - - [22/Jan/2019:04:15:47 +0330] "GET /m/filter/b2,p6 HTTP/1.1" 200 19462 "-" "Mozilla/5.0 (Linux; Android 6.0.1; Nexus 5X Build/MMB29P) AppleWebKit/537.36 (KHTML, like Gecko) Chrome/41.0.2272.96 Mobile Safari/537.36 (compatible; Googlebot/2.1; +http://www.google.com/bot.html)" "-",
159.65.45.244 - - [22/Jan/2019:04:15:47 +0330] "GET /image/33888?name=model-b2048u-1-.jpg&wh=200x200 HTTP/1.1" 200 3975 "-" "Dalvik/2.1.0 (Linux; U; Android 5.0; SM-N9005 Build/LRX21V)" "-",
31.2.233.112 - - [22/Jan/2019:04:15:48 +0330] "GET /image/7432/productModel/200x200 HTTP/1.1" 200 6593 "https://www.zanbil.ir/m/filter/p5666%2Ct146%2Cb3?page=1" "Mozilla/5.0 (Linux; Android 6.0.1; SM-J500F Build/MMB29M) AppleWebKit/537.36 (KHTML, like Gecko) Chrome/55.0.2883.91 Mobile Safari/537.36" "-",
31.2.233.112 - - [22/Jan/2019:04:15:48 +0330] "GET /image/54327/productModel/200x200 HTTP/1.1" 200 4014 "https://www.zanbil.ir/m/filter/p5666%2Ct146%2Cb3?page=1" "Mozilla/5.0 (Linux; Android 6.0.1; SM-J500F Build/MMB29M) AppleWebKit/537.36 (KHTML, like Gecko) Chrome/55.0.2883.91 Mobile Safari/537.36" "-",
130.185.74.243 - - [22/Jan/2019:04:15:48 +0330] "GET /filter/stexists,p5713,b186 HTTP/1.1" 200 31421 "-" "Mozilla/5.0 (Windows NT 6.1; rv:42.0) Gecko/20100101 Firefox/42.0" "-",
5.117.242.204 - - [22/Jan/2019:04:15:48 +0330] "GET /basket/checkout?currentStep=3 HTTP/1.1" 200 18126 "https://www.zanbil.ir/basket/checkout?currentStep=2" "Mozilla/5.0 (Linux; Android 7.0; Lenovo TB-7304N) AppleWebKit/537.36 (KHTML, like Gecko) Chrome/71.0.3578.99 Safari/537.36" "-",
5.119.246.154 - - [22/Jan/2019:04:15:49 +0330] "GET /image/33626?name=iphonexs_spacegray.jpg&wh=200x200 HTTP/1.1" 200 7902 "https://torob.com/browse/184/%DA%AF%D9%88%D8%B4%DB%8C-%D8%A7%D9%BE%D9%84-%D8%A7%DB%8C%D9%81%D9%88%D9%86-apple/?page=2" "Mozilla/5.0 (Linux; Android 6.0.1; SAMSUNG SM-G5510 Build/MMB29M) AppleWebKit/537.36 (KHTML, like Gecko) SamsungBrowser/7.4 Chrome/59.0.3071.125 Mobile Safari/537.36" "-",
207.46.13.136 - - [22/Jan/2019:04:15:49 +0330] "GET /filter/b148%2Cb1%2Cb80%2Cb19%2Cb542%2Cb249 HTTP/1.1" 200 37907 "-" "Mozilla/5.0 (compatible; bingbot/2.0; +http://www.bing.com/bingbot.htm)" "-",
17.58.102.43 - - [22/Jan/2019:04:15:49 +0330] "GET /filter?f=b211%2Cb502%2Cb460%2Cb487%2Cb384%2Cb222%2Cb299%2Cb443%2Cb200%2Cb259%2Cb598%2Cb568&o=b HTTP/1.1" 301 178 "-" "Mozilla/5.0 (Macintosh; Intel Mac OS X 10_10_1) AppleWebKit/600.2.5 (KHTML, like Gecko) Version/8.0.2 Safari/600.2.5 (Applebot/0.1; +http://www.apple.com/go/applebot)" "-",
130.185.74.243 - - [22/Jan/2019:04:15:49 +0330] "GET /filter/stexists,p5713,b186?page=1 HTTP/1.1" 200 30197 "-" "Mozilla/5.0 (Windows NT 6.1; rv:42.0) Gecko/20100101 Firefox/42.0" "-",
86.55.46.218 - - [22/Jan/2019:04:15:49 +0330] "GET /static/images/prev.png HTTP/1.1" 200 3032 "https://znbl.ir/static/bundle-bundle_site_head.css" "Mozilla/5.0 (Windows NT 10.0; Win64; x64) AppleWebKit/537.36 (KHTML, like Gecko) Chrome/71.0.3578.98 Safari/537.36" "-",
17.58.102.43 - - [22/Jan/2019:04:15:49 +0330] "GET /filter/b571%2Cb288%2Cb514%2Cb19%2Cb519%2Cb508%2Cb202%2Cb373%2Cb369%2Cb315%2Cb210%2Cb487%2Cb475%2Cb229%2Cb45%2Cb391%2Cb87%2Cb103%2Cb213%2Cb574%2Cb647 HTTP/1.1" 200 39101 "-" "Mozilla/5.0 (Macintosh; Intel Mac OS X 10_10_1) AppleWebKit/600.2.5 (KHTML, like Gecko) Version/8.0.2 Safari/600.2.5 (Applebot/0.1; +http://www.apple.com/go/applebot)" "-",
86.55.46.218 - - [22/Jan/2019:04:15:49 +0330] "GET /static/plugins/rapid-grails-0.1/bootstrap/img/glyphicons-halflings.png HTTP/1.1" 200 12625 "https://znbl.ir/static/bundle-bundle_site_head.css" "Mozilla/5.0 (Windows NT 10.0; Win64; x64) AppleWebKit/537.36 (KHTML, like Gecko) Chrome/71.0.3578.98 Safari/537.36" "-",
86.55.46.218 - - [22/Jan/2019:04:15:49 +0330] "GET /static/images/next.png HTTP/1.1" 200 3045 "https://znbl.ir/static/bundle-bundle_site_head.css" "Mozilla/5.0 (Windows NT 10.0; Win64; x64) AppleWebKit/537.36 (KHTML, like Gecko) Chrome/71.0.3578.98 Safari/537.36" "-",
46.4.203.149 - - [22/Jan/2019:04:15:50 +0330] "GET /product/13811/23254/%D8%AE%D8%A7%D8%AA%D9%85-%DA%A9%D8%A7%D8%B1%DB%8C-%D9%87%D9%86%D8%B1-%D8%A7%D8%B5%D9%81%D9%87%D8%A7%D9%86-%D9%85%D8%AF%D9%84-%D8%A2%DB%8C%D9%86%D9%87-%D9%88-%D8%B4%D9%85%D8%B9%D8%AF%D8%A7%D9%86-%D8%AE%D8%A7%D8%AA%D9%85-%DA%A9%D8%A7%D8%B1%DB%8C HTTP/1.1" 200 538719 "-" "Mozilla/5.0 (Windows NT 6.2; WOW64; rv:17.0) Gecko/20100101 Firefox/17.0" "-",
130.185.74.243 - - [22/Jan/2019:04:15:50 +0330] "GET /filter/stexists,p10,b74 HTTP/1.1" 200 32329 "-" "Mozilla/5.0 (Windows NT 6.1; rv:42.0) Gecko/20100101 Firefox/42.0" "-",
17.58.102.43 - - [22/Jan/2019:04:15:50 +0330] "GET /filter?f=b211%2Cb502%2Cb460%2Cb487%2Cb384%2Cb222%2Cb299%2Cb443%2Cb200%2Cb259%2Cb598%2Cb568&o=b HTTP/1.1" 302 0 "-" "Mozilla/5.0 (Macintosh; Intel Mac OS X 10_10_1) AppleWebKit/600.2.5 (KHTML, like Gecko) Version/8.0.2 Safari/600.2.5 (Applebot/0.1; +http://www.apple.com/go/applebot)" "-",
5.117.242.204 - - [22/Jan/2019:04:15:51 +0330] "GET /settings/logo HTTP/1.1" 200 4120 "https://www.zanbil.ir/basket/checkout?currentStep=3" "Mozilla/5.0 (Linux; Android 7.0; Lenovo TB-7304N) AppleWebKit/537.36 (KHTML, like Gecko) Chrome/71.0.3578.99 Safari/537.36" "-",
69.162.124.234 - - [22/Jan/2019:04:15:51 +0330] "HEAD / HTTP/1.1" 301 0 "http://Zanbil.ir" "Mozilla/5.0+(compatible; UptimeRobot/2.0; http://www.uptimerobot.com/)" "-",
17.58.102.43 - - [22/Jan/2019:04:15:51 +0330] "GET /filter/b211%2Cb502%2Cb460%2Cb487%2Cb384%2Cb258%2Cb311%2Cb88%2Cb214%2Cb46%2Cb315%2Cb405%2Cb208%2Cb603 HTTP/1.1" 200 38235 "-" "Mozilla/5.0 (Macintosh; Intel Mac OS X 10_10_1) AppleWebKit/600.2.5 (KHTML, like Gecko) Version/8.0.2 Safari/600.2.5 (Applebot/0.1; +http://www.apple.com/go/applebot)" "-",
54.36.149.12 - - [22/Jan/2019:04:15:51 +0330] "GET /filter/b132,b173,b185,p10 HTTP/1.1" 200 32439 "-" "Mozilla/5.0 (compatible; AhrefsBot/6.1; +http://ahrefs.com/robot/)" "-",
5.211.97.39 - - [22/Jan/2019:04:15:51 +0330] "HEAD /amp_preconnect_polyfill_404_or_other_error_expected._Do_not_worry_about_it?1548118080000 HTTP/1.1" 404 0 "https://www.zanbil.ir/m" "Mozilla/5.0 (iPhone; CPU iPhone OS 10_3_2 like Mac OS X) AppleWebKit/603.2.4 (KHTML, like Gecko) Version/10.0 Mobile/14F89 Safari/602.1" "-",
130.185.74.243 - - [22/Jan/2019:04:15:52 +0330] "GET /filter/stexists,p10,b74?page=1 HTTP/1.1" 200 30853 "-" "Mozilla/5.0 (Windows NT 6.1; rv:42.0) Gecko/20100101 Firefox/42.0" "-",
69.162.124.234 - - [22/Jan/2019:04:15:52 +0330] "HEAD / HTTP/1.1" 200 0 "http://Zanbil.ir" "Mozilla/5.0+(compatible; UptimeRobot/2.0; http://www.uptimerobot.com/)" "-",
207.46.13.136 - - [22/Jan/2019:04:15:52 +0330] "GET /filter/b1,b103,b105,b109,b111,b113,b135,b144,b168,b176,b186,b221,b261,b291,b481,b52,b573,b598,b615,b647,b77,b83 HTTP/1.1" 200 39139 "-" "Mozilla/5.0 (compatible; bingbot/2.0; +http://www.bing.com/bingbot.htm)" "-",
66.249.66.194 - - [22/Jan/2019:04:15:52 +0330] "GET /browse/waist-bag HTTP/1.1" 302 0 "-" "Mozilla/5.0 (Linux; Android 6.0.1; Nexus 5X Build/MMB29P) AppleWebKit/537.36 (KHTML, like Gecko) Chrome/41.0.2272.96 Mobile Safari/537.36 (compatible; Googlebot/2.1; +http://www.google.com/bot.html)" "-",
5.214.80.136 - - [22/Jan/2019:04:15:52 +0330] "GET /amp-helper-frame.html?appId=a624a1c1-0c93-466a-a546-e146710f97e6&parentOrigin=https://www-zanbil-ir.cdn.ampproject.org HTTP/1.1" 200 133 "https://www-zanbil-ir.cdn.ampproject.org/v/s/www.zanbil.ir/m/filter/b2,p6?amp_js_v=a2&amp_gsa=1&usqp=mq331AQCCAE%3D" "Mozilla/5.0 (Linux; Android 5.0.2; SM-G530H Build/LRX22G) AppleWebKit/537.36 (KHTML, like Gecko) Chrome/68.0.3440.91 Mobile Safari/537.36" "-",
17.58.102.43 - - [22/Jan/2019:04:15:53 +0330] "GET /filter/b211%2Cb502%2Cb460%2Cb487%2Cb384%2Cb222%2Cb299%2Cb443%2Cb200%2Cb259%2Cb598%2Cb568 HTTP/1.1" 200 37939 "-" "Mozilla/5.0 (Macintosh; Intel Mac OS X 10_10_1) AppleWebKit/600.2.5 (KHTML, like Gecko) Version/8.0.2 Safari/600.2.5 (Applebot/0.1; +http://www.apple.com/go/applebot)" "-",
91.99.72.15 - - [22/Jan/2019:04:15:53 +0330] "GET /product/30135/59753/%D9%85%D8%A7%D8%B4%DB%8C%D9%86-%D9%84%D8%A8%D8%A7%D8%B3%D8%B4%D9%88%DB%8C%DB%8C-%D8%AF%D8%B1%D8%A8-%D8%A7%D8%B2-%D8%AC%D9%84%D9%88-%D8%A8%D9%84%D9%88%D9%85%D8%A8%D8%B1%DA%AF-%D9%85%D8%AF%D9%84-WANF-91430 HTTP/1.1" 200 41414 "-" "Mozilla/5.0 (Macintosh; Intel Mac OS X 10_7_3) AppleWebKit/534.55.3 (KHTML, like Gecko) Version/5.1.3 Safari/534.53.10" "-",
54.36.148.101 - - [22/Jan/2019:04:15:53 +0330] "GET /filter/b43,b543,b618,p5935 HTTP/1.1" 200 35847 "-" "Mozilla/5.0 (compatible; AhrefsBot/6.1; +http://ahrefs.com/robot/)" "-",
66.249.66.194 - - [22/Jan/2019:04:15:53 +0330] "GET /m/browse/waist-bag HTTP/1.1" 404 33653 "-" "Mozilla/5.0 (Linux; Android 6.0.1; Nexus 5X Build/MMB29P) AppleWebKit/537.36 (KHTML, like Gecko) Chrome/41.0.2272.96 Mobile Safari/537.36 (compatible; Googlebot/2.1; +http://www.google.com/bot.html)" "-",
130.185.74.243 - - [22/Jan/2019:04:15:53 +0330] "GET /filter/stexists,p12,b74 HTTP/1.1" 200 32412 "-" "Mozilla/5.0 (Windows NT 6.1; rv:42.0) Gecko/20100101 Firefox/42.0" "-",
66.249.66.194 - - [22/Jan/2019:04:15:54 +0330] "GET /browse/rice-cooker/%D9%BE%D9%84%D9%88%D9%BE%D8%B2 HTTP/1.1" 200 34933 "-" "Mozilla/5.0 (compatible; Googlebot/2.1; +http://www.google.com/bot.html)" "-",
63.143.42.246 - - [22/Jan/2019:04:15:54 +0330] "HEAD / HTTP/1.1" 301 0 "http://www.zanbil.ir" "Mozilla/5.0+(compatible; UptimeRobot/2.0; http://www.uptimerobot.com/)" "-",
91.99.72.15 - - [22/Jan/2019:04:15:55 +0330] "GET /product/13142?model=21928 HTTP/1.1" 200 42128 "-" "Mozilla/5.0 (Windows NT 6.1; WOW64) AppleWebKit/535.7(KHTML, like Gecko) Chrome/16.0.912.36 Safari/535.7" "-",
172.20.2.174 - - [22/Jan/2019:04:15:55 +0330] "GET /site/ping HTTP/1.1" 200 4 "-" "-", "-"
130.185.74.243 - - [22/Jan/2019:04:15:55 +0330] "GET /filter/stexists,p10,b50 HTTP/1.1" 200 30834 "-" "Mozilla/5.0 (Windows NT 6.1; rv:42.0) Gecko/20100101 Firefox/42.0" "-",
63.143.42.246 - - [22/Jan/2019:04:15:56 +0330] "HEAD / HTTP/1.1" 200 0 "http://www.zanbil.ir" "Mozilla/5.0+(compatible; UptimeRobot/2.0; http://www.uptimerobot.com/)" "-",
91.99.72.15 - - [22/Jan/2019:04:15:56 +0330] "GET /product/13149?model=21946 HTTP/1.1" 200 42232 "-" "Mozilla/5.0 (X11; Linux x86_64) AppleWebKit/537.36 (KHTML, like Gecko) Chrome/53.0.2785.92 Safari/537.36" "-",
130.185.74.243 - - [22/Jan/2019:04:15:56 +0330] "GET /filter/stexists,p10,b50?page=1 HTTP/1.1" 200 30851 "-" "Mozilla/5.0 (Windows NT 6.1; rv:42.0) Gecko/20100101 Firefox/42.0" "-",
91.99.72.15 - - [22/Jan/2019:04:15:57 +0330] "GET /product/22690?model=48217 HTTP/1.1" 200 41382 "-" "Mozilla/5.0 (Windows NT 6.2; Win64; x64; rv:16.0)Gecko/16.0 Firefox/16.0" "-",
66.249.66.91 - - [22/Jan/2019:04:15:58 +0330] "GET /filter/p4510%2Cv1%7C%D9%85%D8%B4%DA%A9%DB%8C%20%D8%B2%D8%B1%D8%AF HTTP/1.1" 200 32763 "-" "Mozilla/5.0 (compatible; Googlebot/2.1; +http://www.google.com/bot.html)" "-",
130.185.74.243 - - [22/Jan/2019:04:15:58 +0330] "GET /filter/stexists,p12,b50 HTTP/1.1" 200 30950 "-" "Mozilla/5.0 (Windows NT 6.1; rv:42.0) Gecko/20100101 Firefox/42.0" "-",
66.249.66.91 - - [22/Jan/2019:04:15:58 +0330] "GET /image/17584?name=electric-pressure-cooker-hardstone-mc-1206b6a952a.jpg&wh=200x200 HTTP/1.1" 200 6753 "-" "Googlebot-Image/1.0" "-",
66.249.66.91 - - [22/Jan/2019:04:15:58 +0330] "GET /filter/b481%2Cb874%2Cb226%2Cb570%2Cb598%2Cstexists%2Cb880%2Cb270%2Cb903%2Cb883%2Cb99%2Cb261%2Cb249%2Cb701%2Cb42%2Cb879%2Cb198%2Cb548%2Cb183%2Cb88%2Cb308%2Cb103%2Cb126%2Cb523%2Cb900%2Cb192%2Cb188%2Cb703%2Cb890%2Cb148%2Cb236%2Cb256%2Cb454%2Cb651%2Cb41%2Cb202%2Cb647%2Cb4%2Cb613%2Cb6%2Cb221%2Cb36%2Cb614%2Cb3%2Cb216%2Cb218%2Cb43%2Cb136%2Cb573%2Cb185%2Cb32%2Cb441%2Cb484%2Cb143%2Cb63%2Cb20?page=74 HTTP/1.1" 200 41591 "-" "Mozilla/5.0 (compatible; Googlebot/2.1; +http://www.google.com/bot.html)" "-",
130.185.74.243 - - [22/Jan/2019:04:15:59 +0330] "GET /filter/stexists,p12,b50?page=1 HTTP/1.1" 200 30965 "-" "Mozilla/5.0 (Windows NT 6.1; rv:42.0) Gecko/20100101 Firefox/42.0" "-",
157.55.39.175 - - [22/Jan/2019:04:15:59 +0330] "GET /image/21670?name=634920477852540766.jpg&wh=200x200 HTTP/1.1" 200 3820 "-" "Mozilla/5.0 (compatible; bingbot/2.0; +http://www.bing.com/bingbot.htm)" "-",
207.46.13.136 - - [22/Jan/2019:04:15:59 +0330] "GET /filter/281|Celeron,b18,b19,p52 HTTP/1.1" 200 29101 "-" "Mozilla/5.0 (compatible; bingbot/2.0; +http://www.bing.com/bingbot.htm)" "-",
207.46.13.136 - - [22/Jan/2019:04:16:00 +0330] "GET /login/auth?forwardUri=%2Ffilter%2Fp1422%2Cb132 HTTP/1.1" 200 34461 "-" "Mozilla/5.0 (compatible; bingbot/2.0; +http://www.bing.com/bingbot.htm)" "-",
66.249.66.91 - - [22/Jan/2019:04:16:01 +0330] "GET /filter/b481%2Cb226%2Cb570%2Cb80%2Cb270%2Cb903%2Cb883%2Cb152%2Cb249%2Cb20%2Cb701%2Cb723%2Cb42%2Cb198%2Cb35%2Cb183%2Cb219%2Cb308%2Cb523%2Cb900%2Cb188%2Cb703%2Cb890%2Cb236%2Cb74%2Cb400%2Cb209%2Cb19%2Cb454%2Cb651%2Cb202%2Cb4%2Cb22%2Cb238%2Cb6%2Cb596%2Cb143%2Cb877%2Cb485%2Cb221%2Cb194%2Cb136%2Cb647%2Cb497%2Cb546%2Cb105%2Cb185%2Cb568%2Cb151%2Cb88%2Cb43%2Cb597%2Cb103%2Cb613%2Cb880%2Cb212%2Cb861%2Cb148%2Cb135%2Cb186%2Cb778%2Cb113%2Cb99%2Cb584%2Cb224?page=182 HTTP/1.1" 200 41673 "-" "Mozilla/5.0 (compatible; Googlebot/2.1; +http://www.google.com/bot.html)" "-",
5.160.157.20 - - [22/Jan/2019:04:16:01 +0330] "GET /filter?f=p13795&page=12 HTTP/1.1" 301 178 "-" "Mozilla/5.0 (Windows NT 5.1; rv:8.0) Gecko/20100101 Firefox/8.0" "-",
